Archive member included because of file (symbol)

./../../../../case/lib/commonui_api.a(commonui_api103.o)
                              browser_browsing_option.o (dialog_paint)
./../../../../case/lib/commonui_api.a(commonui_api111.o)
                              browser_scene_browsing.o (dialog_proc_gui)
./../../../../case/lib/commonui_api.a(commonui_api119.o)
                              browser_browsing_option.o (dialog_create)
./../../../../case/lib/commonui_api.a(commonui_api127.o)
                              browser_browsing_option.o (dialog_delete)
./../../../../case/lib/commonui_api.a(commonui_api135.o)
                              browser_browsing_option.o (dialog_modal)
./../../../../case/lib/commonui_api.a(commonui_api320.o)
                              browser_scene_browsing.o (headbar_load_style)
./../../../../case/lib/commonui_api.a(commonui_api328.o)
                              browser_scene_browsing.o (headbar_paint)
./../../../../case/lib/commonui_api.a(commonui_api336.o)
                              browser_scene_browsing.o (headbar_proc_gui)
./../../../../case/lib/commonui_api.a(commonui_api344.o)
                              browser_scene_browsing.o (headbar_create)
./../../../../case/lib/commonui_api.a(commonui_api352.o)
                              browser_scene_browsing.o (headbar_delete)
./../../../../case/lib/commonui_api.a(commonui_api360.o)
                              browser_scene_browsing.o (loadingbox_create)
./../../../../case/lib/commonui_api.a(commonui_api368.o)
                              browser_scene_browsing.o (loadingbox_delete)
./../../../../case/lib/commonui_api.a(commonui_api376.o)
                              browser_scene_browsing.o (loadingbox_paint)
./../../../../case/lib/commonui_api.a(commonui_api384.o)
                              browser_scene_browsing.o (loadingbox_proc_gui)
./../../../../case/lib/commonui_api.a(commonui_api416.o)
                              browser_browsing_option.o (menu_create)
./../../../../case/lib/commonui_api.a(commonui_api424.o)
                              browser_browsing_option.o (menu_delete)
./../../../../case/lib/commonui_api.a(commonui_api432.o)
                              browser_browsing_option.o (menu_set_cur_index)
./../../../../case/lib/commonui_api.a(commonui_api440.o)
                              browser_browsing_widget_filelist.o (menu_get_cur_index)
./../../../../case/lib/commonui_api.a(commonui_api474.o)
                              browser_browsing_widget_filelist.o (menu_get_cur_item)
./../../../../case/lib/commonui_api.a(commonui_api482.o)
                              browser_browsing_widget_filelist.o (menu_get_item)
./../../../../case/lib/commonui_api.a(commonui_api506.o)
                              browser_browsing_widget_filelist.o (menu_prepend_item)
./../../../../case/lib/commonui_api.a(commonui_api514.o)
                              browser_browsing_option.o (menu_append_item)
./../../../../case/lib/commonui_api.a(commonui_api538.o)
                              browser_browsing_widget_filelist.o (menu_remove_first_item)
./../../../../case/lib/commonui_api.a(commonui_api546.o)
                              browser_browsing_widget_filelist.o (menu_remove_last_item)
./../../../../case/lib/commonui_api.a(commonui_api554.o)
                              browser_browsing_widget_filelist.o (menu_remove_all_items)
./../../../../case/lib/commonui_api.a(commonui_api564.o)
                              browser_browsing_widget_filelist.o (menu_set_global_offset)
./../../../../case/lib/commonui_api.a(commonui_api580.o)
                              browser_browsing_widget_filelist.o (menu_set_global_size)
./../../../../case/lib/commonui_api.a(commonui_api596.o)
                              browser_browsing_widget_filelist.o (menuview_create)
./../../../../case/lib/commonui_api.a(commonui_api604.o)
                              browser_browsing_widget_filelist.o (menuview_delete)
./../../../../case/lib/commonui_api.a(commonui_api612.o)
                              browser_browsing_widget_filelist.o (menuview_paint)
./../../../../case/lib/commonui_api.a(commonui_api620.o)
                              browser_browsing_widget_filelist.o (menuview_proc_gui)
./../../../../case/lib/commonui_api.a(commonui_api628.o)
                              browser_browsing_widget_filelist.o (menuview_load_style)
./../../../../case/lib/commonui_api.a(commonui_api636.o)
                              browser_browsing_widget_filelist.o (menuview_show)
./../../../../case/lib/commonui_api.a(commonui_api644.o)
                              browser_browsing_widget_filelist.o (menuview_hide)
./../../../../case/lib/commonui_api.a(commonui_api652.o)
                              browser_browsing_option.o (menuview_set_menu)
./../../../../case/lib/commonui_api.a(commonui_api676.o)
                              browser_browsing_widget_filelist.o (menuview_get_lines)
[...]
Memory Configuration

Name             Origin             Length             Attributes
*default*        0x0000000000000000 0xffffffffffffffff

Linker script and memory map


.init           0x0000000064000000       0x20
 *(.init)
 .init          0x0000000064000000        0x8 ./../../../../psp_rel/lib/libcrt/crti.o
                0x0000000064000000                _init
 .init          0x0000000064000008        0x8 ./../../../../psp_rel/lib/libcrt/crtend.o
 .init          0x0000000064000010       0x10 ./../../../../psp_rel/lib/libcrt/crtn.o

.text           0x0000000064000020    0x11d37
 *(.text)
 .text          0x0000000064000020      0xe8c browser_browsing_option.o
                0x0000000064000cd0                opt_delete_process
                0x0000000064000c88                browser_browsing_option_exit
                0x0000000064000c3c                browser_browsing_option_enter
                0x0000000064000784                browser_browsing_option_init
                0x0000000064000be8                browser_browsing_option_deinit
 .text          0x0000000064000eac     0x7144 browser_browsing_widget_filelist.o
                0x00000000640049c8                browser_widget_filelist_paint
                0x00000000640052fc                browser_widget_filelist_load_style
                0x000000006400790c                browser_widget_filelist_show_no_matching_items
                0x0000000064004c54                browser_widget_filelist_proc_sys
                0x0000000064004790                browser_widget_filelist_delete
                0x0000000064007468                browser_widget_filelist_exit_delete_fileop_mode
                0x000000006400762c                browser_widget_filelist_enter_search_mode
                0x0000000064004980                browser_widget_filelist_exit
                0x0000000064004a5c                browser_widget_filelist_hide
                0x0000000064005a0c                browser_widget_filelist_exec_fileop
                0x0000000064004af0                browser_widget_filelist_show
                0x0000000064005778                browser_widget_filelist_enter_copy_mode
                0x00000000640053f0                browser_widget_filelist_get_bitmap_width
                0x0000000064005048                browser_widget_filelist_load_resource
                0x00000000640054d0                browser_widget_filelist_toggle_select_mode
                0x00000000640057d4                browser_widget_filelist_exit_fileop_mode
                0x00000000640048b0                browser_widget_filelist_enterbackgroud
                0x0000000064005460                browser_widget_filelist_get_bitmap_height
                0x0000000064003fe4                browser_widget_filelist_create
                0x000000006400571c                browser_widget_filelist_enter_move_mode
                0x0000000064006c98                browser_widget_filelist_exec_delete_fileop
                0x0000000064004bb4                browser_widget_filelist_proc_gui
 .text          0x0000000064007ff0      0x2ec browser_browsing_widget_option.o
                0x00000000640081e8                browser_browsing_widget_option_paint
                0x0000000064008188                browser_browsing_widget_option_load_style
                0x0000000064008220                browser_browsing_widget_option_proc_gui
                0x0000000064008260                browser_browsing_widget_option_exit
                0x0000000064008018                browser_browsing_widget_option_create
                0x0000000064008118                browser_browsing_widget_option_delete
 .text          0x00000000640082dc      0x88c browser_main.o
                0x000000006400887c                main
 .text          0x0000000064008b68     0x3890 browser_scene_browsing.o
                0x0000000064008cf8                file_op_done
                0x00000000640093bc                com_create_modal_dialog_widget
                0x0000000064009128                com_create_loadingbox_widget
                0x0000000064009240                com_delete_loadingbox_widget
                0x000000006400c320                browser_scene_browsing
                0x0000000064008b68                create_thread
                0x00000000640092dc                com_create_noop_dialog_widget
 .text          0x000000006400c3f8     0x24c0 file_operation.o
                0x000000006400c3f8                is_file_exist
                0x000000006400c514                is_sub_dir
                0x000000006400d67c                move_file
                0x000000006400e1d0                find_file_type
                0x000000006400da2c                remove_dir_recursive
                0x000000006400dee8                find_open_app
                0x000000006400d5ec                move_dir
                0x000000006400c720                in_same_disk
                0x000000006400d928                remove_file
                0x000000006400cf30                copy_file
                0x000000006400c884                copy_dir
                0x000000006400c488                is_dir_exist
 .text          0x000000006400e8b8        0xc ./../../../../case/lib/commonui_api.a(commonui_api103.o)
                0x000000006400e8b8                dialog_paint
 .text          0x000000006400e8c4        0xc ./../../../../case/lib/commonui_api.a(commonui_api111.o)
                0x000000006400e8c4                dialog_proc_gui
 .text          0x000000006400e8d0        0xc ./../../../../case/lib/commonui_api.a(commonui_api119.o)
                0x000000006400e8d0                dialog_create
 .text          0x000000006400e8dc        0xc ./../../../../case/lib/commonui_api.a(commonui_api127.o)
                0x000000006400e8dc                dialog_delete
 .text          0x000000006400e8e8        0xc ./../../../../case/lib/commonui_api.a(commonui_api135.o)
                0x000000006400e8e8                dialog_modal
 .text          0x000000006400e8f4        0xc ./../../../../case/lib/commonui_api.a(commonui_api320.o)
                0x000000006400e8f4                headbar_load_style
 .text          0x000000006400e900        0xc ./../../../../case/lib/commonui_api.a(commonui_api328.o)
                0x000000006400e900                headbar_paint
 .text          0x000000006400e90c        0xc ./../../../../case/lib/commonui_api.a(commonui_api336.o)
                0x000000006400e90c                headbar_proc_gui
 .text          0x000000006400e918        0xc ./../../../../case/lib/commonui_api.a(commonui_api344.o)
                0x000000006400e918                headbar_create
 .text          0x000000006400e924        0xc ./../../../../case/lib/commonui_api.a(commonui_api352.o)
                0x000000006400e924                headbar_delete
 .text          0x000000006400e930        0xc ./../../../../case/lib/commonui_api.a(commonui_api360.o)
                0x000000006400e930                loadingbox_create
 .text          0x000000006400e93c        0xc ./../../../../case/lib/commonui_api.a(commonui_api368.o)
                0x000000006400e93c                loadingbox_delete
 .text          0x000000006400e948        0xc ./../../../../case/lib/commonui_api.a(commonui_api376.o)
                0x000000006400e948                loadingbox_paint
 .text          0x000000006400e954        0xc ./../../../../case/lib/commonui_api.a(commonui_api384.o)
                0x000000006400e954                loadingbox_proc_gui
 .text          0x000000006400e960        0xc ./../../../../case/lib/commonui_api.a(commonui_api416.o)
                0x000000006400e960                menu_create
 .text          0x000000006400e96c        0xc ./../../../../case/lib/commonui_api.a(commonui_api424.o)
                0x000000006400e96c                menu_delete
 .text          0x000000006400e978        0xc ./../../../../case/lib/commonui_api.a(commonui_api432.o)
                0x000000006400e978                menu_set_cur_index
 .text          0x000000006400e984        0xc ./../../../../case/lib/commonui_api.a(commonui_api440.o)
                0x000000006400e984                menu_get_cur_index
 .text          0x000000006400e990        0xc ./../../../../case/lib/commonui_api.a(commonui_api474.o)
                0x000000006400e990                menu_get_cur_item
 .text          0x000000006400e99c        0xc ./../../../../case/lib/commonui_api.a(commonui_api482.o)
                0x000000006400e99c                menu_get_item
 .text          0x000000006400e9a8        0xc ./../../../../case/lib/commonui_api.a(commonui_api506.o)
                0x000000006400e9a8                menu_prepend_item
 .text          0x000000006400e9b4        0xc ./../../../../case/lib/commonui_api.a(commonui_api514.o)
                0x000000006400e9b4                menu_append_item
 .text          0x000000006400e9c0        0xc ./../../../../case/lib/commonui_api.a(commonui_api538.o)
                0x000000006400e9c0                menu_remove_first_item
 .text          0x000000006400e9cc        0xc ./../../../../case/lib/commonui_api.a(commonui_api546.o)
                0x000000006400e9cc                menu_remove_last_item
 .text          0x000000006400e9d8        0xc ./../../../../case/lib/commonui_api.a(commonui_api554.o)
                0x000000006400e9d8                menu_remove_all_items
 .text          0x000000006400e9e4        0xc ./../../../../case/lib/commonui_api.a(commonui_api564.o)
                0x000000006400e9e4                menu_set_global_offset
 .text          0x000000006400e9f0        0xc ./../../../../case/lib/commonui_api.a(commonui_api580.o)
                0x000000006400e9f0                menu_set_global_size
 .text          0x000000006400e9fc        0xc ./../../../../case/lib/commonui_api.a(commonui_api596.o)
                0x000000006400e9fc                menuview_create
 .text          0x000000006400ea08        0xc ./../../../../case/lib/commonui_api.a(commonui_api604.o)
                0x000000006400ea08                menuview_delete
 .text          0x000000006400ea14        0xc ./../../../../case/lib/commonui_api.a(commonui_api612.o)
                0x000000006400ea14                menuview_paint
 .text          0x000000006400ea20        0xc ./../../../../case/lib/commonui_api.a(commonui_api620.o)
                0x000000006400ea20                menuview_proc_gui
 .text          0x000000006400ea2c        0xc ./../../../../case/lib/commonui_api.a(commonui_api628.o)
                0x000000006400ea2c                menuview_load_style
 .text          0x000000006400ea38        0xc ./../../../../case/lib/commonui_api.a(commonui_api636.o)
                0x000000006400ea38                menuview_show
 .text          0x000000006400ea44        0xc ./../../../../case/lib/commonui_api.a(commonui_api644.o)
                0x000000006400ea44                menuview_hide
 .text          0x000000006400ea50        0xc ./../../../../case/lib/commonui_api.a(commonui_api652.o)
                0x000000006400ea50                menuview_set_menu
 .text          0x000000006400ea5c        0xc ./../../../../case/lib/commonui_api.a(commonui_api676.o)
                0x000000006400ea5c                menuview_get_lines
 .text          0x000000006400ea68        0xc ./../../../../case/lib/commonui_api.a(commonui_api684.o)
                0x000000006400ea68                menuview_get_bitmap_width
 .text          0x000000006400ea74        0xc ./../../../../case/lib/commonui_api.a(commonui_api692.o)
                0x000000006400ea74                menuview_get_bitmap_height
 .text          0x000000006400ea80        0xc ./../../../../case/lib/commonui_api.a(commonui_api708.o)
                0x000000006400ea80                msgbox_proc_gui
 .text          0x000000006400ea8c        0xc ./../../../../case/lib/commonui_api.a(commonui_api716.o)
                0x000000006400ea8c                msgbox_proc_sys
 .text          0x000000006400ea98        0xc ./../../../../case/lib/commonui_api.a(commonui_api724.o)
                0x000000006400ea98                msgbox_create
 .text          0x000000006400eaa4        0xc ./../../../../case/lib/commonui_api.a(commonui_api732.o)
                0x000000006400eaa4                msgbox_paint
 .text          0x000000006400eab0        0xc ./../../../../case/lib/commonui_api.a(commonui_api740.o)
                0x000000006400eab0                msgbox_delete
 .text          0x000000006400eabc        0xc ./../../../../case/lib/commonui_api.a(commonui_api748.o)
                0x000000006400eabc                msgbox_load_style
 .text          0x000000006400eac8        0xc ./../../../../case/lib/commonui_api.a(commonui_api812.o)
                0x000000006400eac8                softkeyboard_proc_gui
 .text          0x000000006400ead4        0xc ./../../../../case/lib/commonui_api.a(commonui_api820.o)
                0x000000006400ead4                softkeyboard_create
 .text          0x000000006400eae0        0xc ./../../../../case/lib/commonui_api.a(commonui_api828.o)
                0x000000006400eae0                softkeyboard_paint
 .text          0x000000006400eaec        0xc ./../../../../case/lib/commonui_api.a(commonui_api836.o)
                0x000000006400eaec                softkeyboard_delete
 .text          0x000000006400eaf8        0xc ./../../../../case/lib/commonui_api.a(commonui_api844.o)
                0x000000006400eaf8                softkeyboard_get_text
 .text          0x000000006400eb04        0xc ./../../../../case/lib/commonui_api.a(commonui_api868.o)
                0x000000006400eb04                softkeyboard_load_style
 .text          0x000000006400eb10        0xc ./../../../../case/lib/commonui_api.a(commonui_api876.o)
                0x000000006400eb10                volumebar_proc_gui
 .text          0x000000006400eb1c        0xc ./../../../../case/lib/commonui_api.a(commonui_api884.o)
                0x000000006400eb1c                volumebar_create
 .text          0x000000006400eb28        0xc ./../../../../case/lib/commonui_api.a(commonui_api892.o)
                0x000000006400eb28                volumebar_delete
 .text          0x000000006400eb34        0xc ./../../../../case/lib/commonui_api.a(commonui_api900.o)
                0x000000006400eb34                volumebar_paint
 .text          0x000000006400eb40        0xc ./../../../../case/lib/commonui_api.a(commonui_api908.o)
                0x000000006400eb40                volumebar_load_style
 .text          0x000000006400eb4c        0xc ./../../../../case/lib/commonui_api.a(commonui_api95.o)
                0x000000006400eb4c                dialog_load_style
 .text          0x000000006400eb58       0x10 ./../../../../case/lib/style_api.a(style_api16.o)
                0x000000006400eb58                close_style_file
 .text          0x000000006400eb68       0x10 ./../../../../case/lib/style_api.a(style_api26.o)
                0x000000006400eb68                load_scene
 .text          0x000000006400eb78       0x10 ./../../../../case/lib/style_api.a(style_api35.o)
                0x000000006400eb78                free_scene
 .text          0x000000006400eb88       0x10 ./../../../../case/lib/style_api.a(style_api47.o)
                0x000000006400eb88                get_scene_child
 .text          0x000000006400eb98       0x10 ./../../../../case/lib/style_api.a(style_api56.o)
                0x000000006400eb98                get_resgroup_child
 .text          0x000000006400eba8        0xc ./../../../../case/lib/style_api.a(style_api7.o)
                0x000000006400eba8                open_style_file
 .text          0x000000006400ebb4        0xc ./../../../../case/lib/fusion_api.a(fusion_api15.o)
                0x000000006400ebb4                fusion_set_first_frame
 .text          0x000000006400ebc0        0xc ./../../../../case/lib/fusion_api.a(fusion_api23.o)
                0x000000006400ebc0                fusion_set_last_frame
 .text          0x000000006400ebcc        0xc ./../../../../case/lib/fusion_api.a(fusion_api31.o)
                0x000000006400ebcc                fusion_display
 .text          0x000000006400ebd8        0xc ./../../../../case/lib/fusion_api.a(fusion_api47.o)
                0x000000006400ebd8                fusion_get_config
 .text          0x000000006400ebe4        0x8 ./../../../../case/lib/fusion_api.a(fusion_api7.o)
                0x000000006400ebe4                fusion_set_effect
 .text          0x000000006400ebec        0xc ./../../../../case/lib/applib_api.a(applib_api1013.o)
                0x000000006400ebec                sys_forbid_screensaver
 .text          0x000000006400ebf8        0xc ./../../../../case/lib/applib_api.a(applib_api1037.o)
                0x000000006400ebf8                sys_forbid_auto_standby
 .text          0x000000006400ec04        0xc ./../../../../case/lib/applib_api.a(applib_api1157.o)
                0x000000006400ec04                sys_pm_set_clk_domain
 .text          0x000000006400ec10        0xc ./../../../../case/lib/applib_api.a(applib_api1165.o)
                0x000000006400ec10                sys_pm_clear_clk_domain
 .text          0x000000006400ec1c        0xc ./../../../../case/lib/applib_api.a(applib_api1189.o)
                0x000000006400ec1c                dirname
 .text          0x000000006400ec28        0xc ./../../../../case/lib/applib_api.a(applib_api1197.o)
                0x000000006400ec28                sys_get_common_theme_res_dir
 .text          0x000000006400ec34        0xc ./../../../../case/lib/applib_api.a(applib_api1205.o)
                0x000000006400ec34                sys_get_common_string_res_dir
 .text          0x000000006400ec40        0xc ./../../../../case/lib/applib_api.a(applib_api1213.o)
                0x000000006400ec40                sys_power_threshold_check
 .text          0x000000006400ec4c        0xc ./../../../../case/lib/applib_api.a(applib_api127.o)
                0x000000006400ec4c                set_single_shot_timer
 .text          0x000000006400ec58        0xc ./../../../../case/lib/applib_api.a(applib_api1285.o)
                0x000000006400ec58                canvas_get_focus
 .text          0x000000006400ec64        0xc ./../../../../case/lib/applib_api.a(applib_api1301.o)
                0x000000006400ec64                sys_enable_sys_evt_detect
 .text          0x000000006400ec70        0xc ./../../../../case/lib/applib_api.a(applib_api1405.o)
                0x000000006400ec70                sys_forbid_timed_shutdown
 .text          0x000000006400ec7c        0xc ./../../../../case/lib/applib_api.a(applib_api282.o)
                0x000000006400ec7c                get_user_bg_pic
 .text          0x000000006400ec88        0xc ./../../../../case/lib/applib_api.a(applib_api373.o)
                0x000000006400ec88                canvas_get_info
 .text          0x000000006400ec94        0xc ./../../../../case/lib/applib_api.a(applib_api439.o)
                0x000000006400ec94                applib_init
 .text          0x000000006400eca0        0xc ./../../../../case/lib/applib_api.a(applib_api447.o)
                0x000000006400eca0                applib_quit
 .text          0x000000006400ecac        0xc ./../../../../case/lib/applib_api.a(applib_api455.o)
                0x000000006400ecac                get_msg
 .text          0x000000006400ecb8        0xc ./../../../../case/lib/applib_api.a(applib_api473.o)
                0x000000006400ecb8                reply_sync_msg
 .text          0x000000006400ecc4        0xc ./../../../../case/lib/applib_api.a(applib_api481.o)
                0x000000006400ecc4                send_async_msg
 .text          0x000000006400ecd0        0xc ./../../../../case/lib/applib_api.a(applib_api497.o)
                0x000000006400ecd0                dispatch_msg
 .text          0x000000006400ecdc        0xc ./../../../../case/lib/applib_api.a(applib_api505.o)
                0x000000006400ecdc                register_sys_dispatcher
 .text          0x000000006400ece8        0xc ./../../../../case/lib/applib_api.a(applib_api513.o)
                0x000000006400ece8                unregister_sys_dispatcher
 .text          0x000000006400ecf4        0xc ./../../../../case/lib/applib_api.a(applib_api521.o)
                0x000000006400ecf4                exit_msg_loop
 .text          0x000000006400ed00        0xc ./../../../../case/lib/applib_api.a(applib_api537.o)
                0x000000006400ed00                clear_key_msg_queue
 .text          0x000000006400ed0c        0xc ./../../../../case/lib/applib_api.a(applib_api579.o)
                0x000000006400ed0c                sty_open_common_pic_res
 .text          0x000000006400ed18        0xc ./../../../../case/lib/applib_api.a(applib_api587.o)
                0x000000006400ed18                sty_open_common_str_res
 .text          0x000000006400ed24        0xc ./../../../../case/lib/applib_api.a(applib_api595.o)
                0x000000006400ed24                sty_close_common_pic_res
 .text          0x000000006400ed30        0xc ./../../../../case/lib/applib_api.a(applib_api603.o)
                0x000000006400ed30                sty_close_common_str_res
 .text          0x000000006400ed3c        0xc ./../../../../case/lib/applib_api.a(applib_api611.o)
                0x000000006400ed3c                sty_open_app_pic_res
 .text          0x000000006400ed48        0xc ./../../../../case/lib/applib_api.a(applib_api619.o)
                0x000000006400ed48                sty_open_app_str_res
 .text          0x000000006400ed54        0xc ./../../../../case/lib/applib_api.a(applib_api627.o)
                0x000000006400ed54                sty_close_app_pic_res
 .text          0x000000006400ed60        0xc ./../../../../case/lib/applib_api.a(applib_api63.o)
                0x000000006400ed60                app_running_list_get_this_app_info
 .text          0x000000006400ed6c        0xc ./../../../../case/lib/applib_api.a(applib_api635.o)
                0x000000006400ed6c                sty_close_app_str_res
 .text          0x000000006400ed78        0xc ./../../../../case/lib/applib_api.a(applib_api643.o)
                0x000000006400ed78                sty_set_app_scene
 .text          0x000000006400ed84        0xc ./../../../../case/lib/applib_api.a(applib_api651.o)
                0x000000006400ed84                sty_get_app_scene
 .text          0x000000006400ed90        0xc ./../../../../case/lib/applib_api.a(applib_api659.o)
                0x000000006400ed90                sty_set_common_scene
 .text          0x000000006400ed9c        0xc ./../../../../case/lib/applib_api.a(applib_api675.o)
                0x000000006400ed9c                sty_set_text_encoding
 .text          0x000000006400eda8        0xc ./../../../../case/lib/applib_api.a(applib_api827.o)
                0x000000006400eda8                sty_draw_bitmap
 .text          0x000000006400edb4        0xc ./../../../../case/lib/applib_api.a(applib_api843.o)
                0x000000006400edb4                sty_create_bitmap
 .text          0x000000006400edc0        0xc ./../../../../case/lib/applib_api.a(applib_api859.o)
                0x000000006400edc0                sty_delete_bitmap
 .text          0x000000006400edcc        0xc ./../../../../case/lib/applib_api.a(applib_api883.o)
                0x000000006400edcc                sty_get_view_rotation
 .text          0x000000006400edd8        0xc ./../../../../case/lib/applib_api.a(applib_api891.o)
                0x000000006400edd8                sty_set_screen_rotation
 .text          0x000000006400ede4        0xc ./../../../../case/lib/applib_api.a(applib_api917.o)
                0x000000006400ede4                sys_get_hotplugin_dev_info
 .text          0x000000006400edf0        0xc ./../../../../case/lib/applib_api.a(applib_api925.o)
                0x000000006400edf0                sys_get_app_theme_res_dir
 .text          0x000000006400edfc        0xc ./../../../../case/lib/applib_api.a(applib_api941.o)
                0x000000006400edfc                sys_get_app_string_res_dir
 .text          0x000000006400ee08        0xc ./../../../../case/lib/applib_api.a(applib_api949.o)
                0x000000006400ee08                sys_get_cur_language_codes
 .text          0x000000006400ee14        0xc ./../../../../case/lib/applib_api.a(applib_api957.o)
                0x000000006400ee14                sys_get_cur_language_id
 .text          0x000000006400ee20        0xc ./../../../../case/lib/applib_api.a(applib_api997.o)
                0x000000006400ee20                sys_get_default_font_file
 .text          0x000000006400ee2c        0xc ./../../../../psp_rel/lib/actmem_api.a(actmem_api33.o)
                0x000000006400ee2c                act_mem_allocate
 .text          0x000000006400ee38        0xc ./../../../../psp_rel/lib/actmem_api.a(actmem_api41.o)
                0x000000006400ee38                act_mem_free
 .text          0x000000006400ee44       0x68 ./../../../../psp_rel/lib/libcrt/crtbegin.o
                0x000000006400ee44                __do_global_dtors_aux
 .text          0x000000006400eeac        0x8 ./../../../../psp_rel/lib/libcrt/crtbegin1.o
                0x000000006400eeac                exec_release
 .text          0x000000006400eeb4      0x384 ./../../../../psp_rel/lib/libcrt/crtend1.o
                0x000000006400eeb4                dumpargv
                0x000000006400ef10                process_start
                0x000000006400f028                __start
 .text          0x000000006400f238       0x68 ./../../../../psp_rel/lib/libcrt/crtend.o
                0x000000006400f238                __do_global_ctors_aux
 .text          0x000000006400f2a0        0xc ./../../../../psp_rel/lib/mnavi_api.a(mnavi_api103.o)
                0x000000006400f2a0                fsel_set_query
 .text          0x000000006400f2ac        0xc ./../../../../psp_rel/lib/mnavi_api.a(mnavi_api111.o)
                0x000000006400f2ac                fsel_subdir_setting
 .text          0x000000006400f2b8        0xc ./../../../../psp_rel/lib/mnavi_api.a(mnavi_api119.o)
                0x000000006400f2b8                fsel_getfullpath
 .text          0x000000006400f2c4        0xc ./../../../../psp_rel/lib/mnavi_api.a(mnavi_api14.o)
                0x000000006400f2c4                fsel_close
 .text          0x000000006400f2d0        0xc ./../../../../psp_rel/lib/mnavi_api.a(mnavi_api22.o)
                0x000000006400f2d0                fsel_setworkdir
 .text          0x000000006400f2dc        0xc ./../../../../psp_rel/lib/mnavi_api.a(mnavi_api30.o)
                0x000000006400f2dc                fsel_getworkdir
 .text          0x000000006400f2e8        0xc ./../../../../psp_rel/lib/mnavi_api.a(mnavi_api47.o)
                0x000000006400f2e8                fsel_getfilenum
 .text          0x000000006400f2f4        0xc ./../../../../psp_rel/lib/mnavi_api.a(mnavi_api55.o)
                0x000000006400f2f4                fsel_listfile
 .text          0x000000006400f300        0x8 ./../../../../psp_rel/lib/mnavi_api.a(mnavi_api6.o)
                0x000000006400f300                fsel_open
 .text          0x000000006400f308        0xc ./../../../../psp_rel/lib/mnavi_api.a(mnavi_api63.o)
                0x000000006400f308                fsel_listdir
 .text          0x000000006400f314        0xc ./../../../../psp_rel/lib/mnavi_api.a(mnavi_api71.o)
                0x000000006400f314                fsel_cd
 .text          0x000000006400f320        0xc ./../../../../psp_rel/lib/mnavi_api.a(mnavi_api79.o)
                0x000000006400f320                fsel_sortstyle
 .text          0x000000006400f32c        0xc ./../../../../psp_rel/lib/mnavi_api.a(mnavi_api87.o)
                0x000000006400f32c                fsel_getidbyname
 .text          0x000000006400f338        0xc ./../../../../psp_rel/lib/mnavi_api.a(mnavi_api95.o)
                0x000000006400f338                fsel_update
 .text          0x000000006400f344        0xc ./../../../../psp_rel/lib/libc_sys_api.a(libc_sys_api1020.o)
                0x000000006400f344                sem_init
 .text          0x000000006400f350        0xc ./../../../../psp_rel/lib/libc_sys_api.a(libc_sys_api1028.o)
                0x000000006400f350                sem_destroy
 .text          0x000000006400f35c        0xc ./../../../../psp_rel/lib/libc_sys_api.a(libc_sys_api1044.o)
                0x000000006400f35c                sem_wait
 .text          0x000000006400f368        0xc ./../../../../psp_rel/lib/libc_sys_api.a(libc_sys_api1068.o)
                0x000000006400f368                sem_post
 .text          0x000000006400f374        0xc ./../../../../psp_rel/lib/libc_sys_api.a(libc_sys_api15.o)
                0x000000006400f374                __kernel_release_pid
 .text          0x000000006400f380        0xc ./../../../../psp_rel/lib/libc_sys_api.a(libc_sys_api151.o)
                0x000000006400f380                getpid
 .text          0x000000006400f38c        0xc ./../../../../psp_rel/lib/libc_sys_api.a(libc_sys_api210.o)
                0x000000006400f38c                __kernel_set_envp
 .text          0x000000006400f398        0xc ./../../../../psp_rel/lib/libc_sys_api.a(libc_sys_api23.o)
                0x000000006400f398                __kernel_get_process_struct
 .text          0x000000006400f3a4        0xc ./../../../../psp_rel/lib/libc_sys_api.a(libc_sys_api261.o)
                0x000000006400f3a4                __errno
 .text          0x000000006400f3b0        0xc ./../../../../psp_rel/lib/libc_sys_api.a(libc_sys_api269.o)
                0x000000006400f3b0                __current_pid
 .text          0x000000006400f3bc        0xc ./../../../../psp_rel/lib/libc_sys_api.a(libc_sys_api285.o)
                0x000000006400f3bc                __kernel_insert_sub_to_parent
 .text          0x000000006400f3c8        0xc ./../../../../psp_rel/lib/libc_sys_api.a(libc_sys_api293.o)
                0x000000006400f3c8                __kernel_remove_sub_from_parent
 .text          0x000000006400f3d4        0xc ./../../../../psp_rel/lib/libc_sys_api.a(libc_sys_api566.o)
                0x000000006400f3d4                pthread_getschedparam
 .text          0x000000006400f3e0        0xc ./../../../../psp_rel/lib/libc_sys_api.a(libc_sys_api590.o)
                0x000000006400f3e0                pthread_create
 .text          0x000000006400f3ec        0xc ./../../../../psp_rel/lib/libc_sys_api.a(libc_sys_api614.o)
                0x000000006400f3ec                pthread_self
 .text          0x000000006400f3f8        0xc ./../../../../psp_rel/lib/libc_sys_api.a(libc_sys_api7.o)
                0x000000006400f3f8                __kernel_get_pid
 .text          0x000000006400f404        0xc ./../../../../psp_rel/lib/libc_sys_api.a(libc_sys_api718.o)
                0x000000006400f404                pthread_attr_init
 .text          0x000000006400f410        0xc ./../../../../psp_rel/lib/libc_sys_api.a(libc_sys_api726.o)
                0x000000006400f410                pthread_attr_destroy
 .text          0x000000006400f41c        0xc ./../../../../psp_rel/lib/libc_sys_api.a(libc_sys_api734.o)
                0x000000006400f41c                pthread_attr_setinheritsched
 .text          0x000000006400f428        0xc ./../../../../psp_rel/lib/libc_sys_api.a(libc_sys_api750.o)
                0x000000006400f428                pthread_attr_setdetachstate
 .text          0x000000006400f434        0xc ./../../../../psp_rel/lib/libc_sys_api.a(libc_sys_api782.o)
                0x000000006400f434                pthread_attr_setscope
 .text          0x000000006400f440        0xc ./../../../../psp_rel/lib/libc_sys_api.a(libc_sys_api814.o)
                0x000000006400f440                pthread_attr_setschedparam
 .text          0x000000006400f44c        0xc ./../../../../psp_rel/lib/libc_sys_api.a(libc_sys_api862.o)
                0x000000006400f44c                exit
 .text          0x000000006400f458        0xc ./../../../../psp_rel/lib/libc_sys_api.a(libc_sys_api87.o)
                0x000000006400f458                _kernel_change_thread_pid
 .text          0x000000006400f464        0xc ./../../../../psp_rel/lib/libc_sys_api.a(libc_sys_api870.o)
                0x000000006400f464                sleep
 .text          0x000000006400f470        0xc ./../../../../psp_rel/lib/libc_fs_api.a(libc_fs_api127.o)
                0x000000006400f470                mkdir
 .text          0x000000006400f47c        0xc ./../../../../psp_rel/lib/libc_fs_api.a(libc_fs_api135.o)
                0x000000006400f47c                rmdir
 .text          0x000000006400f488        0xc ./../../../../psp_rel/lib/libc_fs_api.a(libc_fs_api15.o)
                0x000000006400f488                close
 .text          0x000000006400f494        0xc ./../../../../psp_rel/lib/libc_fs_api.a(libc_fs_api151.o)
                0x000000006400f494                stat
 .text          0x000000006400f4a0        0xc ./../../../../psp_rel/lib/libc_fs_api.a(libc_fs_api23.o)
                0x000000006400f4a0                read
 .text          0x000000006400f4ac        0xc ./../../../../psp_rel/lib/libc_fs_api.a(libc_fs_api31.o)
                0x000000006400f4ac                write
 .text          0x000000006400f4b8        0xc ./../../../../psp_rel/lib/libc_fs_api.a(libc_fs_api343.o)
                0x000000006400f4b8                opendir
 .text          0x000000006400f4c4        0xc ./../../../../psp_rel/lib/libc_fs_api.a(libc_fs_api351.o)
                0x000000006400f4c4                readdir
 .text          0x000000006400f4d0        0xc ./../../../../psp_rel/lib/libc_fs_api.a(libc_fs_api391.o)
                0x000000006400f4d0                closedir
 .text          0x000000006400f4dc        0xc ./../../../../psp_rel/lib/libc_fs_api.a(libc_fs_api47.o)
                0x000000006400f4dc                fcntl
 .text          0x000000006400f4e8        0xc ./../../../../psp_rel/lib/libc_fs_api.a(libc_fs_api63.o)
                0x000000006400f4e8                remove
 .text          0x000000006400f4f4        0x8 ./../../../../psp_rel/lib/libc_fs_api.a(libc_fs_api7.o)
                0x000000006400f4f4                open
 .text          0x000000006400f4fc        0xc ./../../../../psp_rel/lib/libc_fs_api.a(libc_fs_api71.o)
                0x000000006400f4fc                rename
 .text          0x000000006400f508       0x28 ./../../../../psp_rel/lib/libc/libc_sysindep.a(sprintf.o)
                0x000000006400f508                sprintf
 .text          0x000000006400f530      0x9fc ./../../../../psp_rel/lib/libc/libc_sysindep.a(vsprintf.o)
                0x000000006400f7f0                vsprintf
 .text          0x000000006400ff2c       0x44 ./../../../../psp_rel/lib/libc/libc_sysindep.a(memset.o)
                0x000000006400ff50                bzero
                0x000000006400ff2c                memset
 .text          0x000000006400ff70       0xac ./../../../../psp_rel/lib/libc/libc_sysindep.a(strcat.o)
                0x000000006400ff70                strcat
                0x000000006400ffbc                strncat
 .text          0x000000006401001c       0xb0 ./../../../../psp_rel/lib/libc/libc_sysindep.a(strchr.o)
                0x0000000064010060                strrchr
                0x000000006401001c                strchr
 .text          0x00000000640100cc       0x78 ./../../../../psp_rel/lib/libc/libc_sysindep.a(strcmp.o)
                0x00000000640100f8                strcoll
                0x0000000064010100                strncmp
                0x00000000640100cc                strcmp
 .text          0x0000000064010144       0x80 ./../../../../psp_rel/lib/libc/libc_sysindep.a(strcpy.o)
                0x0000000064010144                strcpy
                0x0000000064010170                strncpy
 .text          0x00000000640101c4       0x64 ./../../../../psp_rel/lib/libc/libc_sysindep.a(strdup.o)
                0x00000000640101c4                strdup
 .text          0x0000000064010228       0x20 ./../../../../psp_rel/lib/libc/libc_sysindep.a(strlen.o)
                0x0000000064010228                strlen
 .text          0x0000000064010248       0xb0 ./../../../../psp_rel/lib/libc/libc_sysindep.a(strstr.o)
                0x0000000064010248                strstr
 .text          0x00000000640102f8       0x60 ./../../../../psp_rel/lib/libc/libc_sysindep.a(memcmp.o)
                0x0000000064010328                bcmp
                0x00000000640102f8                memcmp
 .text          0x0000000064010358       0x50 ./../../../../psp_rel/lib/libc/libc_sysindep.a(memcpy.o)
                0x0000000064010358                memcpy
                0x0000000064010380                bcopy
 .text          0x00000000640103a8        0xc ./../../../../psp_rel/lib/gui_api.a(gui_api270.o)
                0x00000000640103a8                gui_set_language_mode
 .text          0x00000000640103b4        0xc ./../../../../psp_rel/lib/gui_api.a(gui_api350.o)
                0x00000000640103b4                gui_create_font
 .text          0x00000000640103c0        0xc ./../../../../psp_rel/lib/gui_api.a(gui_api358.o)
                0x00000000640103c0                gui_destroy_font
 .text          0x00000000640103cc        0xc ./../../../../psp_rel/lib/gui_api.a(gui_api478.o)
                0x00000000640103cc                gui_framebuffer_update
 .text          0x00000000640103d8        0xc ./../../../../psp_rel/lib/gui_api.a(gui_api486.o)
                0x00000000640103d8                gui_screen_update
 .text          0x00000000640103e4        0xc ./../../../../psp_rel/lib/gui_api.a(gui_api518.o)
                0x00000000640103e4                gui_wm_default_callback
 .text          0x00000000640103f0        0xc ./../../../../psp_rel/lib/gui_api.a(gui_api582.o)
                0x00000000640103f0                gui_wm_create_window
 .text          0x00000000640103fc        0xc ./../../../../psp_rel/lib/gui_api.a(gui_api598.o)
                0x00000000640103fc                gui_wm_set_focus
 .text          0x0000000064010408        0xc ./../../../../psp_rel/lib/gui_api.a(gui_api606.o)
                0x0000000064010408                gui_wm_delete_window
 .text          0x0000000064010414        0xc ./../../../../psp_rel/lib/gui_api.a(gui_api646.o)
                0x0000000064010414                gui_wm_set_size
 .text          0x0000000064010420        0xc ./../../../../psp_rel/lib/gui_api.a(gui_api694.o)
                0x0000000064010420                gui_dc_get
 .text          0x000000006401042c        0xc ./../../../../psp_rel/lib/gui_api.a(gui_api710.o)
                0x000000006401042c                gui_dc_set_default_fontface
 .text          0x0000000064010438       0x10 ./../../../../psp_rel/lib/apconfig_api.a(apconfig_api15.o)
                0x0000000064010438                set_config
 .text          0x0000000064010448        0xc ./../../../../psp_rel/lib/apconfig_api.a(apconfig_api6.o)
                0x0000000064010448                get_config
 .text          0x0000000064010454        0xc ./../../../../psp_rel/lib/syscall_api.a(syscall_api22.o)
                0x0000000064010454                os_sched_lock
 .text          0x0000000064010460        0xc ./../../../../psp_rel/lib/syscall_api.a(syscall_api30.o)
                0x0000000064010460                os_sched_unlock
 .text          0x000000006401046c        0xc ./../../../../psp_rel/lib/syscall_api.a(syscall_api406.o)
                0x000000006401046c                printf
 .text          0x0000000064010478        0xc ./../../../../psp_rel/lib/syscall_api.a(syscall_api470.o)
                0x0000000064010478                malloc
 .text          0x0000000064010484        0xc ./../../../../psp_rel/lib/syscall_api.a(syscall_api478.o)
                0x0000000064010484                free
 .text          0x0000000064010490        0xc ./../../../../psp_rel/lib/syscall_api.a(syscall_api870.o)
                0x0000000064010490                dlopen
 .text          0x000000006401049c        0xc ./../../../../psp_rel/lib/syscall_api.a(syscall_api878.o)
                0x000000006401049c                dlclose
 .text          0x00000000640104a8        0xc ./../../../../psp_rel/lib/kmodule_api.a(kmodule_api14.o)
                0x00000000640104a8                os_cpu_store_sr
 .text          0x00000000640104b4        0x8 ./../../../../psp_rel/lib/kmodule_api.a(kmodule_api6.o)
                0x00000000640104b4                os_cpu_save_sr
 *(.rodata)
 .rodata        0x00000000640104bc      0x174 browser_browsing_option.o
 .rodata        0x0000000064010630      0x6c8 browser_browsing_widget_filelist.o
 .rodata        0x0000000064010cf8       0x88 browser_browsing_widget_option.o
 .rodata        0x0000000064010d80      0x2cc browser_main.o
 .rodata        0x000000006401104c      0x618 browser_scene_browsing.o
 .rodata        0x0000000064011664      0x450 file_operation.o
 .rodata        0x0000000064011ab4       0x18 ./../../../../psp_rel/lib/libcrt/crtend1.o
 .rodata        0x0000000064011acc      0x194 ./../../../../psp_rel/lib/libc/libc_sysindep.a(vsprintf.o)
 *(.rodata.*)
 .rodata.str1.4
                0x0000000064011c60       0x9d ./../../../../psp_rel/lib/libcrt/crtend1.o
                                         0xa0 (size before relaxing)
 *fill*         0x0000000064011cfd        0x3 00
 .rodata.str1.4
                0x0000000064011d00       0x57 ./../../../../psp_rel/lib/libc/libc_sysindep.a(vsprintf.o)
                                         0x58 (size before relaxing)

.fini           0x0000000064011d58       0x20
 *(.fini)
 .fini          0x0000000064011d58        0x8 ./../../../../psp_rel/lib/libcrt/crti.o
                0x0000000064011d58                _fini
 .fini          0x0000000064011d60        0x8 ./../../../../psp_rel/lib/libcrt/crtbegin.o
 .fini          0x0000000064011d68       0x10 ./../../../../psp_rel/lib/libcrt/crtn.o
                0x0000000064012000                . = ALIGN (0x1000)

.ctors          0x0000000064012000        0x8
 *crtbegin*.o(.ctors)
 .ctors         0x0000000064012000        0x4 ./../../../../psp_rel/lib/libcrt/crtbegin.o
                0x0000000064012000                __CTOR_LIST__
 *(EXCLUDE_FILE(*crtend*.o) .ctors)
 *(SORT(.ctors.*))
 *(.ctors)
 .ctors         0x0000000064012004        0x4 ./../../../../psp_rel/lib/libcrt/crtend.o
                0x0000000064012004                __CTOR_END__

.dtors          0x0000000064012008        0xc
 *crtbegin*.o(.dtors)
 .dtors         0x0000000064012008        0x4 ./../../../../psp_rel/lib/libcrt/crtbegin.o
                0x0000000064012008                __DTOR_LIST__
 .dtors         0x000000006401200c        0x4 ./../../../../psp_rel/lib/libcrt/crtbegin1.o
 *(EXCLUDE_FILE(*crtend*.o) .dtors)
 *(SORT(.dtors.*))
 *(.dtors)
 .dtors         0x0000000064012010        0x4 ./../../../../psp_rel/lib/libcrt/crtend.o
                0x0000000064012010                __DTOR_END__

.data           0x0000000064012014       0xec
 *(.data)
 .data          0x0000000064012014       0x90 browser_browsing_widget_filelist.o
 .data          0x00000000640120a4        0x8 browser_main.o
 .data          0x00000000640120ac       0x54 file_operation.o
                0x00000000640120ac                s_map
                0x00000000640120fc                g_update_fsel
 *(.sdata)

.sbss
 *(.sbss)
 *(.scommon)

.bss            0x0000000064012100     0x1cb0
 *(.bss)
 .bss           0x0000000064012100        0x8 browser_browsing_option.o
                0x0000000064012100                g_menu_option
                0x0000000064012104                g_low_power_dialog_visible
 .bss           0x0000000064012108      0x438 browser_browsing_widget_filelist.o
                0x000000006401210c                g_file_op_success
                0x0000000064012108                g_fsel_handle
                0x0000000064012110                g_file_op_execed
 .bss           0x0000000064012540        0x8 browser_browsing_widget_option.o
 .bss           0x0000000064012548       0x2c browser_main.o
                0x0000000064012548                g_app_browser
                0x000000006401254c                g_resume_boot
 .bss           0x0000000064012574      0x41c browser_scene_browsing.o
                0x0000000064012580                g_thread_active
                0x000000006401257c                g_msg_lowpower_received
                0x0000000064012574                g_scene_browsing
 .bss           0x0000000064012990     0x1404 file_operation.o
                0x0000000064012990                g_file_op_errno
 *(COMMON)
 COMMON         0x0000000064013d94        0x8 browser_browsing_option.o
                0x0000000064013d94                pthread_mutex_type_t
                0x0000000064013d98                pthread_share_type_t
 COMMON         0x0000000064013d9c       0x14 browser_scene_browsing.o
                0x0000000064013d9c                g_sem_modal

.rel.dyn
Address of section .init set to 0x64000000
LOAD browser_browsing_option.o
LOAD browser_browsing_widget_filelist.o
LOAD browser_browsing_widget_option.o
LOAD browser_main.o
LOAD browser_scene_browsing.o
LOAD file_operation.o
LOAD ./../../../../case/lib/commonui_api.a
LOAD ./../../../../case/lib/style_api.a
LOAD ./../../../../case/lib/fusion_api.a
LOAD ./../../../../case/lib/applib_api.a
LOAD ./../../../../psp_rel/lib/actmem_api.a
LOAD ./../../../../psp_rel/lib/libcom.a
LOAD ./../../../../psp_rel/lib/libcrt/crti.o
LOAD ./../../../../psp_rel/lib/libcrt/crtbegin.o
LOAD ./../../../../psp_rel/lib/libcrt/crtbegin1.o
LOAD ./../../../../psp_rel/lib/libcrt/crtend1.o
LOAD ./../../../../psp_rel/lib/libcrt/crtend.o
LOAD ./../../../../psp_rel/lib/libcrt/crtn.o
LOAD ./../../../../psp_rel/lib/ime_api.a
LOAD ./../../../../psp_rel/lib/mlang_api.a
LOAD ./../../../../psp_rel/lib/mnavi_api.a
LOAD ./../../../../psp_rel/lib/plist_api.a
LOAD ./../../../../psp_rel/lib/sqlite_api.a
LOAD ./../../../../psp_rel/lib/libc_sys_api.a
LOAD ./../../../../psp_rel/lib/libc_fs_api.a
LOAD ./../../../../psp_rel/lib/libc/libc_sysindep.a
LOAD ./../../../../psp_rel/lib/gui_api.a
LOAD ./../../../../psp_rel/lib/mmm_api.a
LOAD ./../../../../psp_rel/lib/transimage.a
LOAD ./../../../../psp_rel/lib/apconfig_api.a
LOAD ./../../../../psp_rel/lib/syscall_api.a
LOAD ./../../../../psp_rel/lib/kmodule_api.a
OUTPUT(./../../../../case/images/apps/browser/browser.app elf32-tradlittlemips)

.reginfo        0x0000000000000000       0x18
 .reginfo       0x0000000000000000       0x18 browser_browsing_option.o

.pdr            0x0000000000000000     0x2ce0
 .pdr           0x0000000000000000      0x1a0 browser_browsing_option.o
 .pdr           0x00000000000001a0      0x760 browser_browsing_widget_filelist.o
 .pdr           0x0000000000000900       0xe0 browser_browsing_widget_option.o
 .pdr           0x00000000000009e0       0xa0 browser_main.o
 .pdr           0x0000000000000a80      0x540 browser_scene_browsing.o
 .pdr           0x0000000000000fc0      0x1a0 file_operation.o
 .pdr           0x0000000000001160       0x20 ./../../../../case/lib/commonui_api.a(commonui_api103.o)
 .pdr           0x0000000000001180       0x20 ./../../../../case/lib/commonui_api.a(commonui_api111.o)
 .pdr           0x00000000000011a0       0x20 ./../../../../case/lib/commonui_api.a(commonui_api119.o)
 .pdr           0x00000000000011c0       0x20 ./../../../../case/lib/commonui_api.a(commonui_api127.o)
 .pdr           0x00000000000011e0       0x20 ./../../../../case/lib/commonui_api.a(commonui_api135.o)
 .pdr           0x0000000000001200       0x20 ./../../../../case/lib/commonui_api.a(commonui_api320.o)
 .pdr           0x0000000000001220       0x20 ./../../../../case/lib/commonui_api.a(commonui_api328.o)
 .pdr           0x0000000000001240       0x20 ./../../../../case/lib/commonui_api.a(commonui_api336.o)
 .pdr           0x0000000000001260       0x20 ./../../../../case/lib/commonui_api.a(commonui_api344.o)
 .pdr           0x0000000000001280       0x20 ./../../../../case/lib/commonui_api.a(commonui_api352.o)
 .pdr           0x00000000000012a0       0x20 ./../../../../case/lib/commonui_api.a(commonui_api360.o)
 .pdr           0x00000000000012c0       0x20 ./../../../../case/lib/commonui_api.a(commonui_api368.o)
 .pdr           0x00000000000012e0       0x20 ./../../../../case/lib/commonui_api.a(commonui_api376.o)
 .pdr           0x0000000000001300       0x20 ./../../../../case/lib/commonui_api.a(commonui_api384.o)
 .pdr           0x0000000000001320       0x20 ./../../../../case/lib/commonui_api.a(commonui_api416.o)
 .pdr           0x0000000000001340       0x20 ./../../../../case/lib/commonui_api.a(commonui_api424.o)
 .pdr           0x0000000000001360       0x20 ./../../../../case/lib/commonui_api.a(commonui_api432.o)
 .pdr           0x0000000000001380       0x20 ./../../../../case/lib/commonui_api.a(commonui_api440.o)
 .pdr           0x00000000000013a0       0x20 ./../../../../case/lib/commonui_api.a(commonui_api474.o)
 .pdr           0x00000000000013c0       0x20 ./../../../../case/lib/commonui_api.a(commonui_api482.o)
 .pdr           0x00000000000013e0       0x20 ./../../../../case/lib/commonui_api.a(commonui_api506.o)
 .pdr           0x0000000000001400       0x20 ./../../../../case/lib/commonui_api.a(commonui_api514.o)
 .pdr           0x0000000000001420       0x20 ./../../../../case/lib/commonui_api.a(commonui_api538.o)
 .pdr           0x0000000000001440       0x20 ./../../../../case/lib/commonui_api.a(commonui_api546.o)
 .pdr           0x0000000000001460       0x20 ./../../../../case/lib/commonui_api.a(commonui_api554.o)
 .pdr           0x0000000000001480       0x20 ./../../../../case/lib/commonui_api.a(commonui_api564.o)
 .pdr           0x00000000000014a0       0x20 ./../../../../case/lib/commonui_api.a(commonui_api580.o)
 .pdr           0x00000000000014c0       0x20 ./../../../../case/lib/commonui_api.a(commonui_api596.o)
 .pdr           0x00000000000014e0       0x20 ./../../../../case/lib/commonui_api.a(commonui_api604.o)
 .pdr           0x0000000000001500       0x20 ./../../../../case/lib/commonui_api.a(commonui_api612.o)
 .pdr           0x0000000000001520       0x20 ./../../../../case/lib/commonui_api.a(commonui_api620.o)
 .pdr           0x0000000000001540       0x20 ./../../../../case/lib/commonui_api.a(commonui_api628.o)
 .pdr           0x0000000000001560       0x20 ./../../../../case/lib/commonui_api.a(commonui_api636.o)
 .pdr           0x0000000000001580       0x20 ./../../../../case/lib/commonui_api.a(commonui_api644.o)
 .pdr           0x00000000000015a0       0x20 ./../../../../case/lib/commonui_api.a(commonui_api652.o)
 .pdr           0x00000000000015c0       0x20 ./../../../../case/lib/commonui_api.a(commonui_api676.o)
 .pdr           0x00000000000015e0       0x20 ./../../../../case/lib/commonui_api.a(commonui_api684.o)
 .pdr           0x0000000000001600       0x20 ./../../../../case/lib/commonui_api.a(commonui_api692.o)
 .pdr           0x0000000000001620       0x20 ./../../../../case/lib/commonui_api.a(commonui_api708.o)
 .pdr           0x0000000000001640       0x20 ./../../../../case/lib/commonui_api.a(commonui_api716.o)
 .pdr           0x0000000000001660       0x20 ./../../../../case/lib/commonui_api.a(commonui_api724.o)
 .pdr           0x0000000000001680       0x20 ./../../../../case/lib/commonui_api.a(commonui_api732.o)
 .pdr           0x00000000000016a0       0x20 ./../../../../case/lib/commonui_api.a(commonui_api740.o)
 .pdr           0x00000000000016c0       0x20 ./../../../../case/lib/commonui_api.a(commonui_api748.o)
 .pdr           0x00000000000016e0       0x20 ./../../../../case/lib/commonui_api.a(commonui_api812.o)
 .pdr           0x0000000000001700       0x20 ./../../../../case/lib/commonui_api.a(commonui_api820.o)
 .pdr           0x0000000000001720       0x20 ./../../../../case/lib/commonui_api.a(commonui_api828.o)
 .pdr           0x0000000000001740       0x20 ./../../../../case/lib/commonui_api.a(commonui_api836.o)
 .pdr           0x0000000000001760       0x20 ./../../../../case/lib/commonui_api.a(commonui_api844.o)
 .pdr           0x0000000000001780       0x20 ./../../../../case/lib/commonui_api.a(commonui_api868.o)
 .pdr           0x00000000000017a0       0x20 ./../../../../case/lib/commonui_api.a(commonui_api876.o)
 .pdr           0x00000000000017c0       0x20 ./../../../../case/lib/commonui_api.a(commonui_api884.o)
 .pdr           0x00000000000017e0       0x20 ./../../../../case/lib/commonui_api.a(commonui_api892.o)
 .pdr           0x0000000000001800       0x20 ./../../../../case/lib/commonui_api.a(commonui_api900.o)
 .pdr           0x0000000000001820       0x20 ./../../../../case/lib/commonui_api.a(commonui_api908.o)
 .pdr           0x0000000000001840       0x20 ./../../../../case/lib/commonui_api.a(commonui_api95.o)
 .pdr           0x0000000000001860       0x20 ./../../../../case/lib/style_api.a(style_api16.o)
 .pdr           0x0000000000001880       0x20 ./../../../../case/lib/style_api.a(style_api26.o)
 .pdr           0x00000000000018a0       0x20 ./../../../../case/lib/style_api.a(style_api35.o)
 .pdr           0x00000000000018c0       0x20 ./../../../../case/lib/style_api.a(style_api47.o)
 .pdr           0x00000000000018e0       0x20 ./../../../../case/lib/style_api.a(style_api56.o)
 .pdr           0x0000000000001900       0x20 ./../../../../case/lib/style_api.a(style_api7.o)
 .pdr           0x0000000000001920       0x20 ./../../../../case/lib/fusion_api.a(fusion_api15.o)
 .pdr           0x0000000000001940       0x20 ./../../../../case/lib/fusion_api.a(fusion_api23.o)
 .pdr           0x0000000000001960       0x20 ./../../../../case/lib/fusion_api.a(fusion_api31.o)
 .pdr           0x0000000000001980       0x20 ./../../../../case/lib/fusion_api.a(fusion_api47.o)
 .pdr           0x00000000000019a0       0x20 ./../../../../case/lib/fusion_api.a(fusion_api7.o)
 .pdr           0x00000000000019c0       0x20 ./../../../../case/lib/applib_api.a(applib_api1013.o)
 .pdr           0x00000000000019e0       0x20 ./../../../../case/lib/applib_api.a(applib_api1037.o)
 .pdr           0x0000000000001a00       0x20 ./../../../../case/lib/applib_api.a(applib_api1157.o)
 .pdr           0x0000000000001a20       0x20 ./../../../../case/lib/applib_api.a(applib_api1165.o)
 .pdr           0x0000000000001a40       0x20 ./../../../../case/lib/applib_api.a(applib_api1189.o)
 .pdr           0x0000000000001a60       0x20 ./../../../../case/lib/applib_api.a(applib_api1197.o)
 .pdr           0x0000000000001a80       0x20 ./../../../../case/lib/applib_api.a(applib_api1205.o)
 .pdr           0x0000000000001aa0       0x20 ./../../../../case/lib/applib_api.a(applib_api1213.o)
 .pdr           0x0000000000001ac0       0x20 ./../../../../case/lib/applib_api.a(applib_api127.o)
 .pdr           0x0000000000001ae0       0x20 ./../../../../case/lib/applib_api.a(applib_api1285.o)
 .pdr           0x0000000000001b00       0x20 ./../../../../case/lib/applib_api.a(applib_api1301.o)
 .pdr           0x0000000000001b20       0x20 ./../../../../case/lib/applib_api.a(applib_api1405.o)
 .pdr           0x0000000000001b40       0x20 ./../../../../case/lib/applib_api.a(applib_api282.o)
 .pdr           0x0000000000001b60       0x20 ./../../../../case/lib/applib_api.a(applib_api373.o)
 .pdr           0x0000000000001b80       0x20 ./../../../../case/lib/applib_api.a(applib_api439.o)
 .pdr           0x0000000000001ba0       0x20 ./../../../../case/lib/applib_api.a(applib_api447.o)
 .pdr           0x0000000000001bc0       0x20 ./../../../../case/lib/applib_api.a(applib_api455.o)
 .pdr           0x0000000000001be0       0x20 ./../../../../case/lib/applib_api.a(applib_api473.o)
 .pdr           0x0000000000001c00       0x20 ./../../../../case/lib/applib_api.a(applib_api481.o)
 .pdr           0x0000000000001c20       0x20 ./../../../../case/lib/applib_api.a(applib_api497.o)
 .pdr           0x0000000000001c40       0x20 ./../../../../case/lib/applib_api.a(applib_api505.o)
 .pdr           0x0000000000001c60       0x20 ./../../../../case/lib/applib_api.a(applib_api513.o)
 .pdr           0x0000000000001c80       0x20 ./../../../../case/lib/applib_api.a(applib_api521.o)
 .pdr           0x0000000000001ca0       0x20 ./../../../../case/lib/applib_api.a(applib_api537.o)
 .pdr           0x0000000000001cc0       0x20 ./../../../../case/lib/applib_api.a(applib_api579.o)
 .pdr           0x0000000000001ce0       0x20 ./../../../../case/lib/applib_api.a(applib_api587.o)
 .pdr           0x0000000000001d00       0x20 ./../../../../case/lib/applib_api.a(applib_api595.o)
 .pdr           0x0000000000001d20       0x20 ./../../../../case/lib/applib_api.a(applib_api603.o)
 .pdr           0x0000000000001d40       0x20 ./../../../../case/lib/applib_api.a(applib_api611.o)
 .pdr           0x0000000000001d60       0x20 ./../../../../case/lib/applib_api.a(applib_api619.o)
 .pdr           0x0000000000001d80       0x20 ./../../../../case/lib/applib_api.a(applib_api627.o)
 .pdr           0x0000000000001da0       0x20 ./../../../../case/lib/applib_api.a(applib_api63.o)
 .pdr           0x0000000000001dc0       0x20 ./../../../../case/lib/applib_api.a(applib_api635.o)
 .pdr           0x0000000000001de0       0x20 ./../../../../case/lib/applib_api.a(applib_api643.o)
 .pdr           0x0000000000001e00       0x20 ./../../../../case/lib/applib_api.a(applib_api651.o)
 .pdr           0x0000000000001e20       0x20 ./../../../../case/lib/applib_api.a(applib_api659.o)
 .pdr           0x0000000000001e40       0x20 ./../../../../case/lib/applib_api.a(applib_api675.o)
 .pdr           0x0000000000001e60       0x20 ./../../../../case/lib/applib_api.a(applib_api827.o)
 .pdr           0x0000000000001e80       0x20 ./../../../../case/lib/applib_api.a(applib_api843.o)
 .pdr           0x0000000000001ea0       0x20 ./../../../../case/lib/applib_api.a(applib_api859.o)
 .pdr           0x0000000000001ec0       0x20 ./../../../../case/lib/applib_api.a(applib_api883.o)
 .pdr           0x0000000000001ee0       0x20 ./../../../../case/lib/applib_api.a(applib_api891.o)
 .pdr           0x0000000000001f00       0x20 ./../../../../case/lib/applib_api.a(applib_api917.o)
 .pdr           0x0000000000001f20       0x20 ./../../../../case/lib/applib_api.a(applib_api925.o)
 .pdr           0x0000000000001f40       0x20 ./../../../../case/lib/applib_api.a(applib_api941.o)
 .pdr           0x0000000000001f60       0x20 ./../../../../case/lib/applib_api.a(applib_api949.o)
 .pdr           0x0000000000001f80       0x20 ./../../../../case/lib/applib_api.a(applib_api957.o)
 .pdr           0x0000000000001fa0       0x20 ./../../../../case/lib/applib_api.a(applib_api997.o)
 .pdr           0x0000000000001fc0       0x20 ./../../../../psp_rel/lib/actmem_api.a(actmem_api33.o)
 .pdr           0x0000000000001fe0       0x20 ./../../../../psp_rel/lib/actmem_api.a(actmem_api41.o)
 .pdr           0x0000000000002000       0x20 ./../../../../psp_rel/lib/libcrt/crtbegin.o
 .pdr           0x0000000000002020       0x20 ./../../../../psp_rel/lib/libcrt/crtbegin1.o
 .pdr           0x0000000000002040       0x60 ./../../../../psp_rel/lib/libcrt/crtend1.o
 .pdr           0x00000000000020a0       0x20 ./../../../../psp_rel/lib/libcrt/crtend.o
 .pdr           0x00000000000020c0       0x20 ./../../../../psp_rel/lib/mnavi_api.a(mnavi_api103.o)
 .pdr           0x00000000000020e0       0x20 ./../../../../psp_rel/lib/mnavi_api.a(mnavi_api111.o)
 .pdr           0x0000000000002100       0x20 ./../../../../psp_rel/lib/mnavi_api.a(mnavi_api119.o)
 .pdr           0x0000000000002120       0x20 ./../../../../psp_rel/lib/mnavi_api.a(mnavi_api14.o)
 .pdr           0x0000000000002140       0x20 ./../../../../psp_rel/lib/mnavi_api.a(mnavi_api22.o)
 .pdr           0x0000000000002160       0x20 ./../../../../psp_rel/lib/mnavi_api.a(mnavi_api30.o)
 .pdr           0x0000000000002180       0x20 ./../../../../psp_rel/lib/mnavi_api.a(mnavi_api47.o)
 .pdr           0x00000000000021a0       0x20 ./../../../../psp_rel/lib/mnavi_api.a(mnavi_api55.o)
 .pdr           0x00000000000021c0       0x20 ./../../../../psp_rel/lib/mnavi_api.a(mnavi_api6.o)
 .pdr           0x00000000000021e0       0x20 ./../../../../psp_rel/lib/mnavi_api.a(mnavi_api63.o)
 .pdr           0x0000000000002200       0x20 ./../../../../psp_rel/lib/mnavi_api.a(mnavi_api71.o)
 .pdr           0x0000000000002220       0x20 ./../../../../psp_rel/lib/mnavi_api.a(mnavi_api79.o)
 .pdr           0x0000000000002240       0x20 ./../../../../psp_rel/lib/mnavi_api.a(mnavi_api87.o)
 .pdr           0x0000000000002260       0x20 ./../../../../psp_rel/lib/mnavi_api.a(mnavi_api95.o)
 .pdr           0x0000000000002280       0x20 ./../../../../psp_rel/lib/libc_sys_api.a(libc_sys_api1020.o)
 .pdr           0x00000000000022a0       0x20 ./../../../../psp_rel/lib/libc_sys_api.a(libc_sys_api1028.o)
 .pdr           0x00000000000022c0       0x20 ./../../../../psp_rel/lib/libc_sys_api.a(libc_sys_api1044.o)
 .pdr           0x00000000000022e0       0x20 ./../../../../psp_rel/lib/libc_sys_api.a(libc_sys_api1068.o)
 .pdr           0x0000000000002300       0x20 ./../../../../psp_rel/lib/libc_sys_api.a(libc_sys_api15.o)
 .pdr           0x0000000000002320       0x20 ./../../../../psp_rel/lib/libc_sys_api.a(libc_sys_api151.o)
 .pdr           0x0000000000002340       0x20 ./../../../../psp_rel/lib/libc_sys_api.a(libc_sys_api210.o)
 .pdr           0x0000000000002360       0x20 ./../../../../psp_rel/lib/libc_sys_api.a(libc_sys_api23.o)
 .pdr           0x0000000000002380       0x20 ./../../../../psp_rel/lib/libc_sys_api.a(libc_sys_api261.o)
 .pdr           0x00000000000023a0       0x20 ./../../../../psp_rel/lib/libc_sys_api.a(libc_sys_api269.o)
 .pdr           0x00000000000023c0       0x20 ./../../../../psp_rel/lib/libc_sys_api.a(libc_sys_api285.o)
 .pdr           0x00000000000023e0       0x20 ./../../../../psp_rel/lib/libc_sys_api.a(libc_sys_api293.o)
 .pdr           0x0000000000002400       0x20 ./../../../../psp_rel/lib/libc_sys_api.a(libc_sys_api566.o)
 .pdr           0x0000000000002420       0x20 ./../../../../psp_rel/lib/libc_sys_api.a(libc_sys_api590.o)
 .pdr           0x0000000000002440       0x20 ./../../../../psp_rel/lib/libc_sys_api.a(libc_sys_api614.o)
 .pdr           0x0000000000002460       0x20 ./../../../../psp_rel/lib/libc_sys_api.a(libc_sys_api7.o)
 .pdr           0x0000000000002480       0x20 ./../../../../psp_rel/lib/libc_sys_api.a(libc_sys_api718.o)
 .pdr           0x00000000000024a0       0x20 ./../../../../psp_rel/lib/libc_sys_api.a(libc_sys_api726.o)
 .pdr           0x00000000000024c0       0x20 ./../../../../psp_rel/lib/libc_sys_api.a(libc_sys_api734.o)
 .pdr           0x00000000000024e0       0x20 ./../../../../psp_rel/lib/libc_sys_api.a(libc_sys_api750.o)
 .pdr           0x0000000000002500       0x20 ./../../../../psp_rel/lib/libc_sys_api.a(libc_sys_api782.o)
 .pdr           0x0000000000002520       0x20 ./../../../../psp_rel/lib/libc_sys_api.a(libc_sys_api814.o)
 .pdr           0x0000000000002540       0x20 ./../../../../psp_rel/lib/libc_sys_api.a(libc_sys_api862.o)
 .pdr           0x0000000000002560       0x20 ./../../../../psp_rel/lib/libc_sys_api.a(libc_sys_api87.o)
 .pdr           0x0000000000002580       0x20 ./../../../../psp_rel/lib/libc_sys_api.a(libc_sys_api870.o)
 .pdr           0x00000000000025a0       0x20 ./../../../../psp_rel/lib/libc_fs_api.a(libc_fs_api127.o)
 .pdr           0x00000000000025c0       0x20 ./../../../../psp_rel/lib/libc_fs_api.a(libc_fs_api135.o)
 .pdr           0x00000000000025e0       0x20 ./../../../../psp_rel/lib/libc_fs_api.a(libc_fs_api15.o)
 .pdr           0x0000000000002600       0x20 ./../../../../psp_rel/lib/libc_fs_api.a(libc_fs_api151.o)
 .pdr           0x0000000000002620       0x20 ./../../../../psp_rel/lib/libc_fs_api.a(libc_fs_api23.o)
 .pdr           0x0000000000002640       0x20 ./../../../../psp_rel/lib/libc_fs_api.a(libc_fs_api31.o)
 .pdr           0x0000000000002660       0x20 ./../../../../psp_rel/lib/libc_fs_api.a(libc_fs_api343.o)
 .pdr           0x0000000000002680       0x20 ./../../../../psp_rel/lib/libc_fs_api.a(libc_fs_api351.o)
 .pdr           0x00000000000026a0       0x20 ./../../../../psp_rel/lib/libc_fs_api.a(libc_fs_api391.o)
 .pdr           0x00000000000026c0       0x20 ./../../../../psp_rel/lib/libc_fs_api.a(libc_fs_api47.o)
 .pdr           0x00000000000026e0       0x20 ./../../../../psp_rel/lib/libc_fs_api.a(libc_fs_api63.o)
 .pdr           0x0000000000002700       0x20 ./../../../../psp_rel/lib/libc_fs_api.a(libc_fs_api7.o)
 .pdr           0x0000000000002720       0x20 ./../../../../psp_rel/lib/libc_fs_api.a(libc_fs_api71.o)
 .pdr           0x0000000000002740       0x20 ./../../../../psp_rel/lib/libc/libc_sysindep.a(sprintf.o)
 .pdr           0x0000000000002760       0x60 ./../../../../psp_rel/lib/libc/libc_sysindep.a(vsprintf.o)
 .pdr           0x00000000000027c0       0x40 ./../../../../psp_rel/lib/libc/libc_sysindep.a(memset.o)
 .pdr           0x0000000000002800       0x40 ./../../../../psp_rel/lib/libc/libc_sysindep.a(strcat.o)
 .pdr           0x0000000000002840       0x40 ./../../../../psp_rel/lib/libc/libc_sysindep.a(strchr.o)
 .pdr           0x0000000000002880       0x60 ./../../../../psp_rel/lib/libc/libc_sysindep.a(strcmp.o)
 .pdr           0x00000000000028e0       0x40 ./../../../../psp_rel/lib/libc/libc_sysindep.a(strcpy.o)
 .pdr           0x0000000000002920       0x20 ./../../../../psp_rel/lib/libc/libc_sysindep.a(strdup.o)
 .pdr           0x0000000000002940       0x20 ./../../../../psp_rel/lib/libc/libc_sysindep.a(strlen.o)
 .pdr           0x0000000000002960       0x20 ./../../../../psp_rel/lib/libc/libc_sysindep.a(strstr.o)
 .pdr           0x0000000000002980       0x40 ./../../../../psp_rel/lib/libc/libc_sysindep.a(memcmp.o)
 .pdr           0x00000000000029c0       0x40 ./../../../../psp_rel/lib/libc/libc_sysindep.a(memcpy.o)
 .pdr           0x0000000000002a00       0x20 ./../../../../psp_rel/lib/gui_api.a(gui_api270.o)
 .pdr           0x0000000000002a20       0x20 ./../../../../psp_rel/lib/gui_api.a(gui_api350.o)
 .pdr           0x0000000000002a40       0x20 ./../../../../psp_rel/lib/gui_api.a(gui_api358.o)
 .pdr           0x0000000000002a60       0x20 ./../../../../psp_rel/lib/gui_api.a(gui_api478.o)
 .pdr           0x0000000000002a80       0x20 ./../../../../psp_rel/lib/gui_api.a(gui_api486.o)
 .pdr           0x0000000000002aa0       0x20 ./../../../../psp_rel/lib/gui_api.a(gui_api518.o)
 .pdr           0x0000000000002ac0       0x20 ./../../../../psp_rel/lib/gui_api.a(gui_api582.o)
 .pdr           0x0000000000002ae0       0x20 ./../../../../psp_rel/lib/gui_api.a(gui_api598.o)
 .pdr           0x0000000000002b00       0x20 ./../../../../psp_rel/lib/gui_api.a(gui_api606.o)
 .pdr           0x0000000000002b20       0x20 ./../../../../psp_rel/lib/gui_api.a(gui_api646.o)
 .pdr           0x0000000000002b40       0x20 ./../../../../psp_rel/lib/gui_api.a(gui_api694.o)
 .pdr           0x0000000000002b60       0x20 ./../../../../psp_rel/lib/gui_api.a(gui_api710.o)
 .pdr           0x0000000000002b80       0x20 ./../../../../psp_rel/lib/apconfig_api.a(apconfig_api15.o)
 .pdr           0x0000000000002ba0       0x20 ./../../../../psp_rel/lib/apconfig_api.a(apconfig_api6.o)
 .pdr           0x0000000000002bc0       0x20 ./../../../../psp_rel/lib/syscall_api.a(syscall_api22.o)
 .pdr           0x0000000000002be0       0x20 ./../../../../psp_rel/lib/syscall_api.a(syscall_api30.o)
 .pdr           0x0000000000002c00       0x20 ./../../../../psp_rel/lib/syscall_api.a(syscall_api406.o)
 .pdr           0x0000000000002c20       0x20 ./../../../../psp_rel/lib/syscall_api.a(syscall_api470.o)
 .pdr           0x0000000000002c40       0x20 ./../../../../psp_rel/lib/syscall_api.a(syscall_api478.o)
 .pdr           0x0000000000002c60       0x20 ./../../../../psp_rel/lib/syscall_api.a(syscall_api870.o)
 .pdr           0x0000000000002c80       0x20 ./../../../../psp_rel/lib/syscall_api.a(syscall_api878.o)
 .pdr           0x0000000000002ca0       0x20 ./../../../../psp_rel/lib/kmodule_api.a(kmodule_api14.o)
 .pdr           0x0000000000002cc0       0x20 ./../../../../psp_rel/lib/kmodule_api.a(kmodule_api6.o)

.mdebug.abi32   0x0000000000000000        0x0

.debug_abbrev   0x0000000000000000      0xee2
 .debug_abbrev  0x0000000000000000      0x21c browser_browsing_option.o
 .debug_abbrev  0x000000000000021c      0x28c browser_browsing_widget_filelist.o
 .debug_abbrev  0x00000000000004a8      0x1bf browser_browsing_widget_option.o
 .debug_abbrev  0x0000000000000667      0x13f browser_main.o
 .debug_abbrev  0x00000000000007a6      0x2da browser_scene_browsing.o
 .debug_abbrev  0x0000000000000a80      0x20c file_operation.o
 .debug_abbrev  0x0000000000000c8c       0x80 ./../../../../psp_rel/lib/libcrt/crtbegin1.o
 .debug_abbrev  0x0000000000000d0c      0x1d6 ./../../../../psp_rel/lib/libcrt/crtend1.o

.debug_info     0x0000000000000000    0x11a7c
 .debug_info    0x0000000000000000     0x2505 browser_browsing_option.o
 .debug_info    0x0000000000002505     0x4be3 browser_browsing_widget_filelist.o
 .debug_info    0x00000000000070e8     0x2104 browser_browsing_widget_option.o
 .debug_info    0x00000000000091ec      0x6db browser_main.o
 .debug_info    0x00000000000098c7     0x4ba4 browser_scene_browsing.o
 .debug_info    0x000000000000e46b     0x2d41 file_operation.o
 .debug_info    0x00000000000111ac       0xfe ./../../../../psp_rel/lib/libcrt/crtbegin1.o
 .debug_info    0x00000000000112aa      0x7d2 ./../../../../psp_rel/lib/libcrt/crtend1.o

.debug_line     0x0000000000000000     0x20ca
 .debug_line    0x0000000000000000      0x345 browser_browsing_option.o
 .debug_line    0x0000000000000345      0xb29 browser_browsing_widget_filelist.o
 .debug_line    0x0000000000000e6e      0x284 browser_browsing_widget_option.o
 .debug_line    0x00000000000010f2      0x199 browser_main.o
 .debug_line    0x000000000000128b      0x759 browser_scene_browsing.o
 .debug_line    0x00000000000019e4      0x52c file_operation.o
 .debug_line    0x0000000000001f10       0x62 ./../../../../psp_rel/lib/libcrt/crtbegin1.o
 .debug_line    0x0000000000001f72      0x158 ./../../../../psp_rel/lib/libcrt/crtend1.o

.debug_frame    0x0000000000000000     0x1258
 .debug_frame   0x0000000000000000      0x1b4 browser_browsing_option.o
 .debug_frame   0x00000000000001b4      0x784 browser_browsing_widget_filelist.o
 .debug_frame   0x0000000000000938       0xec browser_browsing_widget_option.o
 .debug_frame   0x0000000000000a24       0xb4 browser_main.o
 .debug_frame   0x0000000000000ad8      0x54c browser_scene_browsing.o
 .debug_frame   0x0000000000001024      0x1b4 file_operation.o
 .debug_frame   0x00000000000011d8       0x20 ./../../../../psp_rel/lib/libcrt/crtbegin1.o
 .debug_frame   0x00000000000011f8       0x60 ./../../../../psp_rel/lib/libcrt/crtend1.o

.debug_pubnames
                0x0000000000000000      0xa31
 .debug_pubnames
                0x0000000000000000      0x113 browser_browsing_option.o
 .debug_pubnames
                0x0000000000000113      0x40d browser_browsing_widget_filelist.o
 .debug_pubnames
                0x0000000000000520      0x143 browser_browsing_widget_option.o
 .debug_pubnames
                0x0000000000000663       0x71 browser_main.o
 .debug_pubnames
                0x00000000000006d4      0x15e browser_scene_browsing.o
 .debug_pubnames
                0x0000000000000832      0x13b file_operation.o
 .debug_pubnames
                0x000000000000096d       0x55 ./../../../../psp_rel/lib/libcrt/crtbegin1.o
 .debug_pubnames
                0x00000000000009c2       0x6f ./../../../../psp_rel/lib/libcrt/crtend1.o

.debug_aranges  0x0000000000000000      0x100
 .debug_aranges
                0x0000000000000000       0x20 browser_browsing_option.o
 .debug_aranges
                0x0000000000000020       0x20 browser_browsing_widget_filelist.o
 .debug_aranges
                0x0000000000000040       0x20 browser_browsing_widget_option.o
 .debug_aranges
                0x0000000000000060       0x20 browser_main.o
 .debug_aranges
                0x0000000000000080       0x20 browser_scene_browsing.o
 .debug_aranges
                0x00000000000000a0       0x20 file_operation.o
 .debug_aranges
                0x00000000000000c0       0x20 ./../../../../psp_rel/lib/libcrt/crtbegin1.o
 .debug_aranges
                0x00000000000000e0       0x20 ./../../../../psp_rel/lib/libcrt/crtend1.o

.debug_str      0x0000000000000000      0x98d
 .debug_str     0x0000000000000000       0xc4 browser_browsing_option.o
 .debug_str     0x00000000000000c4      0x138 browser_browsing_widget_filelist.o
 .debug_str     0x00000000000001fc       0x6f browser_browsing_widget_option.o
 .debug_str     0x000000000000026b       0x1b browser_main.o
 .debug_str     0x0000000000000286      0x12d browser_scene_browsing.o
 .debug_str     0x00000000000003b3       0xb0 file_operation.o
 .debug_str     0x0000000000000463      0x1ac ./../../../../psp_rel/lib/libcrt/crtbegin1.o
                                        0x1d9 (size before relaxing)
 .debug_str     0x000000000000060f      0x37e ./../../../../psp_rel/lib/libcrt/crtend1.o
                                        0x556 (size before relaxing)

.comment        0x0000000000000000      0x3b2
 .comment       0x0000000000000000       0x2b browser_browsing_option.o
 .comment       0x000000000000002b       0x2b browser_browsing_widget_filelist.o
 .comment       0x0000000000000056       0x2b browser_browsing_widget_option.o
 .comment       0x0000000000000081       0x2b browser_main.o
 .comment       0x00000000000000ac       0x2b browser_scene_browsing.o
 .comment       0x00000000000000d7       0x2b file_operation.o
 .comment       0x0000000000000102       0x2b ./../../../../psp_rel/lib/libcrt/crtbegin.o
 .comment       0x000000000000012d       0x2b ./../../../../psp_rel/lib/libcrt/crtbegin1.o
 .comment       0x0000000000000158       0x2b ./../../../../psp_rel/lib/libcrt/crtend1.o
 .comment       0x0000000000000183       0x2b ./../../../../psp_rel/lib/libcrt/crtend.o
 .comment       0x00000000000001ae       0x2b ./../../../../psp_rel/lib/libc/libc_sysindep.a(sprintf.o)
 .comment       0x00000000000001d9       0x2b ./../../../../psp_rel/lib/libc/libc_sysindep.a(vsprintf.o)
 .comment       0x0000000000000204       0x2b ./../../../../psp_rel/lib/libc/libc_sysindep.a(memset.o)
 .comment       0x000000000000022f       0x2b ./../../../../psp_rel/lib/libc/libc_sysindep.a(strcat.o)
 .comment       0x000000000000025a       0x2b ./../../../../psp_rel/lib/libc/libc_sysindep.a(strchr.o)
 .comment       0x0000000000000285       0x2b ./../../../../psp_rel/lib/libc/libc_sysindep.a(strcmp.o)
 .comment       0x00000000000002b0       0x2b ./../../../../psp_rel/lib/libc/libc_sysindep.a(strcpy.o)
 .comment       0x00000000000002db       0x2b ./../../../../psp_rel/lib/libc/libc_sysindep.a(strdup.o)
 .comment       0x0000000000000306       0x2b ./../../../../psp_rel/lib/libc/libc_sysindep.a(strlen.o)
 .comment       0x0000000000000331       0x2b ./../../../../psp_rel/lib/libc/libc_sysindep.a(strstr.o)
 .comment       0x000000000000035c       0x2b ./../../../../psp_rel/lib/libc/libc_sysindep.a(memcmp.o)
 .comment       0x0000000000000387       0x2b ./../../../../psp_rel/lib/libc/libc_sysindep.a(memcpy.o)

.debug_ranges   0x0000000000000000       0x30
 .debug_ranges  0x0000000000000000       0x30 ./../../../../psp_rel/lib/libcrt/crtend1.o
