Archive member included because of file (symbol)

./../../../../../case/lib/commonui_api.a(commonui_api320.o)
                              launcher_scene_desktop.o (headbar_load_style)
./../../../../../case/lib/commonui_api.a(commonui_api328.o)
                              launcher_scene_desktop.o (headbar_paint)
./../../../../../case/lib/commonui_api.a(commonui_api344.o)
                              launcher_scene_desktop.o (headbar_create)
./../../../../../case/lib/commonui_api.a(commonui_api352.o)
                              launcher_scene_desktop.o (headbar_delete)
./../../../../../case/lib/commonui_api.a(commonui_api416.o)
                              launcher_scene_desktop.o (menu_create)
./../../../../../case/lib/commonui_api.a(commonui_api424.o)
                              launcher_scene_desktop.o (menu_delete)
./../../../../../case/lib/commonui_api.a(commonui_api432.o)
                              launcher_scene_desktop.o (menu_set_cur_index)
./../../../../../case/lib/commonui_api.a(commonui_api514.o)
                              launcher_scene_desktop.o (menu_append_item)
./../../../../../case/lib/commonui_api.a(commonui_api596.o)
                              launcher_scene_desktop.o (menuview_create)
./../../../../../case/lib/commonui_api.a(commonui_api604.o)
                              launcher_scene_desktop.o (menuview_delete)
./../../../../../case/lib/commonui_api.a(commonui_api612.o)
                              launcher_scene_desktop.o (menuview_paint)
./../../../../../case/lib/commonui_api.a(commonui_api620.o)
                              launcher_scene_desktop.o (menuview_proc_gui)
./../../../../../case/lib/commonui_api.a(commonui_api628.o)
                              launcher_scene_desktop.o (menuview_load_style)
./../../../../../case/lib/commonui_api.a(commonui_api652.o)
                              launcher_scene_desktop.o (menuview_set_menu)
./../../../../../case/lib/commonui_api.a(commonui_api708.o)
                              launcher_scene_desktop.o (msgbox_proc_gui)
./../../../../../case/lib/commonui_api.a(commonui_api716.o)
                              launcher_scene_desktop.o (msgbox_proc_sys)
./../../../../../case/lib/commonui_api.a(commonui_api724.o)
                              launcher_scene_desktop.o (msgbox_create)
./../../../../../case/lib/commonui_api.a(commonui_api732.o)
                              launcher_scene_desktop.o (msgbox_paint)
./../../../../../case/lib/commonui_api.a(commonui_api740.o)
                              launcher_scene_desktop.o (msgbox_delete)
./../../../../../case/lib/commonui_api.a(commonui_api748.o)
                              launcher_scene_desktop.o (msgbox_load_style)
./../../../../../case/lib/commonui_api.a(commonui_api876.o)
                              launcher_scene_desktop.o (volumebar_proc_gui)
./../../../../../case/lib/commonui_api.a(commonui_api884.o)
                              launcher_scene_desktop.o (volumebar_create)
./../../../../../case/lib/commonui_api.a(commonui_api892.o)
                              launcher_scene_desktop.o (volumebar_delete)
./../../../../../case/lib/commonui_api.a(commonui_api900.o)
                              launcher_scene_desktop.o (volumebar_paint)
./../../../../../case/lib/commonui_api.a(commonui_api908.o)
                              launcher_scene_desktop.o (volumebar_load_style)
./../../../../../case/lib/fusion_api.a(fusion_api15.o)
                              launcher_scene_desktop.o (fusion_set_first_frame)
./../../../../../case/lib/fusion_api.a(fusion_api23.o)
                              launcher_scene_desktop.o (fusion_set_last_frame)
./../../../../../case/lib/fusion_api.a(fusion_api31.o)
                              launcher_scene_desktop.o (fusion_display)
./../../../../../case/lib/fusion_api.a(fusion_api47.o)
                              launcher_scene_desktop.o (fusion_get_config)
./../../../../../case/lib/fusion_api.a(fusion_api7.o)
                              launcher_scene_desktop.o (fusion_set_effect)
./../../../../../case/lib/style_api.a(style_api16.o)
                              launcher_scene_desktop.o (close_style_file)
./../../../../../case/lib/style_api.a(style_api26.o)
                              launcher_scene_desktop.o (load_scene)
./../../../../../case/lib/style_api.a(style_api35.o)
                              launcher_scene_desktop.o (free_scene)
./../../../../../case/lib/style_api.a(style_api47.o)
                              Launcher_desktop_ui.o (get_scene_child)
./../../../../../case/lib/style_api.a(style_api56.o)
                              Launcher_desktop_ui.o (get_resgroup_child)
./../../../../../case/lib/style_api.a(style_api7.o)
                              launcher_scene_desktop.o (open_style_file)
./../../../../../case/lib/applib_api.a(applib_api1157.o)
                              launcher_scene_desktop.o (sys_pm_set_clk_domain)
./../../../../../case/lib/applib_api.a(applib_api1165.o)
                              launcher_scene_desktop.o (sys_pm_clear_clk_domain)
./../../../../../case/lib/applib_api.a(applib_api1197.o)
                              launcher_scene_desktop.o (sys_get_common_theme_res_dir)
./../../../../../case/lib/applib_api.a(applib_api1205.o)
                              launcher_scene_desktop.o (sys_get_common_string_res_dir)
./../../../../../case/lib/applib_api.a(applib_api1285.o)
                              launcher_scene_desktop.o (canvas_get_focus)
./../../../../../case/lib/applib_api.a(applib_api282.o)
                              Launcher_desktop_ui.o (get_user_bg_pic)
./../../../../../case/lib/applib_api.a(applib_api455.o)
                              launcher_scene_desktop.o (get_msg)
./../../../../../case/lib/applib_api.a(applib_api473.o)
                              launcher_scene_desktop.o (reply_sync_msg)
./../../../../../case/lib/applib_api.a(applib_api497.o)
                              launcher_scene_desktop.o (dispatch_msg)
./../../../../../case/lib/applib_api.a(applib_api505.o)
                              launcher_scene_desktop.o (register_sys_dispatcher)
./../../../../../case/lib/applib_api.a(applib_api513.o)
                              launcher_scene_desktop.o (unregister_sys_dispatcher)
./../../../../../case/lib/applib_api.a(applib_api521.o)
                              launcher_scene_desktop.o (exit_msg_loop)
./../../../../../case/lib/applib_api.a(applib_api537.o)
                              launcher_scene_desktop.o (clear_key_msg_queue)
./../../../../../case/lib/applib_api.a(applib_api545.o)
                              launcher_scene_desktop.o (enter_background_mode)
./../../../../../case/lib/applib_api.a(applib_api555.o)
                              launcher_scene_desktop.o (enter_foreground_mode)
./../../../../../case/lib/applib_api.a(applib_api579.o)
                              launcher_scene_desktop.o (sty_open_common_pic_res)
./../../../../../case/lib/applib_api.a(applib_api587.o)
                              launcher_scene_desktop.o (sty_open_common_str_res)
./../../../../../case/lib/applib_api.a(applib_api595.o)
                              launcher_scene_desktop.o (sty_close_common_pic_res)
./../../../../../case/lib/applib_api.a(applib_api603.o)
                              launcher_scene_desktop.o (sty_close_common_str_res)
./../../../../../case/lib/applib_api.a(applib_api611.o)
                              launcher_scene_desktop.o (sty_open_app_pic_res)
./../../../../../case/lib/applib_api.a(applib_api619.o)
                              launcher_scene_desktop.o (sty_open_app_str_res)
./../../../../../case/lib/applib_api.a(applib_api627.o)
                              launcher_scene_desktop.o (sty_close_app_pic_res)
./../../../../../case/lib/applib_api.a(applib_api635.o)
                              launcher_scene_desktop.o (sty_close_app_str_res)
./../../../../../case/lib/applib_api.a(applib_api643.o)
                              launcher_scene_desktop.o (sty_set_app_scene)
./../../../../../case/lib/applib_api.a(applib_api651.o)
                              Launcher_desktop_ui.o (sty_get_app_scene)
./../../../../../case/lib/applib_api.a(applib_api659.o)
                              launcher_scene_desktop.o (sty_set_common_scene)
./../../../../../case/lib/applib_api.a(applib_api675.o)
                              launcher_scene_desktop.o (sty_set_text_encoding)
./../../../../../case/lib/applib_api.a(applib_api747.o)
                              Launcher_desktop_ui.o (sty_draw_string_res_ext)
./../../../../../case/lib/applib_api.a(applib_api787.o)
                              Launcher_desktop_ui.o (sty_draw_picture_id)
./../../../../../case/lib/applib_api.a(applib_api827.o)
                              Launcher_desktop_ui.o (sty_draw_bitmap)
./../../../../../case/lib/applib_api.a(applib_api843.o)
                              Launcher_desktop_ui.o (sty_create_bitmap)
./../../../../../case/lib/applib_api.a(applib_api859.o)
                              Launcher_desktop_ui.o (sty_delete_bitmap)
./../../../../../case/lib/applib_api.a(applib_api883.o)
                              launcher_scene_desktop.o (sty_get_view_rotation)
./../../../../../case/lib/applib_api.a(applib_api891.o)
                              launcher_scene_desktop.o (sty_set_screen_rotation)
./../../../../../case/lib/applib_api.a(applib_api925.o)
                              launcher_scene_desktop.o (sys_get_app_theme_res_dir)
./../../../../../case/lib/applib_api.a(applib_api941.o)
                              launcher_scene_desktop.o (sys_get_app_string_res_dir)
./../../../../../case/lib/applib_api.a(applib_api949.o)
                              launcher_scene_desktop.o (sys_get_cur_language_codes)
./../../../../../case/lib/applib_api.a(applib_api957.o)
                              launcher_scene_desktop.o (sys_get_cur_language_id)
./../../../../../case/lib/applib_api.a(applib_api997.o)
                              launcher_scene_desktop.o (sys_get_default_font_file)
./../../../../../psp_rel/lib/libc_sys_api.a(libc_sys_api151.o)
                              Launcher_desktop_ui.o (getpid)
./../../../../../psp_rel/lib/libc_sys_api.a(libc_sys_api261.o)
                              Launcher_desktop_ui.o (__errno)
./../../../../../psp_rel/lib/libc/libc_sysindep.a(snprintf.o)
                              Launcher_desktop_ui.o (snprintf)
./../../../../../psp_rel/lib/libc/libc_sysindep.a(sprintf.o)
                              launcher_scene_desktop.o (sprintf)
./../../../../../psp_rel/lib/libc/libc_sysindep.a(vsnprintf.o)
                              ./../../../../../psp_rel/lib/libc/libc_sysindep.a(snprintf.o) (vsnprintf)
./../../../../../psp_rel/lib/libc/libc_sysindep.a(vsprintf.o)
                              ./../../../../../psp_rel/lib/libc/libc_sysindep.a(sprintf.o) (vsprintf)
./../../../../../psp_rel/lib/libc/libc_sysindep.a(memset.o)
                              Launcher_desktop_ui.o (memset)
./../../../../../psp_rel/lib/libc/libc_sysindep.a(strcasecmp.o)
                              Launcher_desktop_ui.o (strcasecmp)
./../../../../../psp_rel/lib/gui_api.a(gui_api270.o)
                              launcher_scene_desktop.o (gui_set_language_mode)
./../../../../../psp_rel/lib/gui_api.a(gui_api350.o)
                              launcher_scene_desktop.o (gui_create_font)
./../../../../../psp_rel/lib/gui_api.a(gui_api358.o)
                              launcher_scene_desktop.o (gui_destroy_font)
./../../../../../psp_rel/lib/gui_api.a(gui_api486.o)
                              Launcher_desktop_ui.o (gui_screen_update)
./../../../../../psp_rel/lib/gui_api.a(gui_api518.o)
                              launcher_scene_desktop.o (gui_wm_default_callback)
./../../../../../psp_rel/lib/gui_api.a(gui_api582.o)
                              launcher_scene_desktop.o (gui_wm_create_window)
./../../../../../psp_rel/lib/gui_api.a(gui_api598.o)
                              launcher_scene_desktop.o (gui_wm_set_focus)
./../../../../../psp_rel/lib/gui_api.a(gui_api606.o)
                              launcher_scene_desktop.o (gui_wm_delete_window)
./../../../../../psp_rel/lib/gui_api.a(gui_api646.o)
                              launcher_scene_desktop.o (gui_wm_set_size)
./../../../../../psp_rel/lib/gui_api.a(gui_api694.o)
                              Launcher_desktop_ui.o (gui_dc_get)
./../../../../../psp_rel/lib/gui_api.a(gui_api710.o)
                              launcher_scene_desktop.o (gui_dc_set_default_fontface)
./../../../../../psp_rel/lib/gui_api.a(gui_api742.o)
                              Launcher_desktop_ui.o (gui_dc_set_alpha)
./../../../../../psp_rel/lib/gui_api.a(gui_api806.o)
                              Launcher_desktop_ui.o (gui_dc_get_alpha)
./../../../../../psp_rel/lib/syscall_api.a(syscall_api326.o)
                              desktop_api.o (api_install)
./../../../../../psp_rel/lib/syscall_api.a(syscall_api334.o)
                              desktop_api.o (api_uninstall)
./../../../../../psp_rel/lib/syscall_api.a(syscall_api406.o)
                              Launcher_desktop_ui.o (printf)
./../../../../../psp_rel/lib/syscall_api.a(syscall_api870.o)
                              launcher_scene_desktop.o (dlopen)
./../../../../../psp_rel/lib/syscall_api.a(syscall_api878.o)
                              launcher_scene_desktop.o (dlclose)

Allocating common symbols
Common symbol       size              file

str_app_name_p2     0x4               Launcher_desktop_ui.o
pthread_mutex_type_t
                    0x4               Launcher_desktop_ui.o
str_app_name_p1     0x4               Launcher_desktop_ui.o
app_icon4_data      0x70              Launcher_desktop_ui.o
str_app_name_p3     0x4               Launcher_desktop_ui.o
debug_time          0x4               Launcher_desktop_ui.o
app_icon3_data      0x70              Launcher_desktop_ui.o
pthread_share_type_t
                    0x4               Launcher_desktop_ui.o
app_icon1_data      0x70              Launcher_desktop_ui.o
str_app_name        0x4               Launcher_desktop_ui.o
app_icon2_data      0x70              Launcher_desktop_ui.o

Memory Configuration

Name             Origin             Length             Attributes
*default*        0x0000000000000000 0xffffffffffffffff

Linker script and memory map


.init           0x0000000053000000       0x20
 *(.init)
 .init          0x0000000053000000        0x8 ./../../../../../psp_rel/lib/libcrt/crti.o
                0x0000000053000000                _init
 .init          0x0000000053000008        0x8 ./../../../../../psp_rel/lib/libcrt/crtend.o
 .init          0x0000000053000010       0x10 ./../../../../../psp_rel/lib/libcrt/crtn.o

.text           0x0000000053000020     0x4a5f
 *(.text)
 .text          0x0000000053000020     0x156c Launcher_desktop_ui.o
                0x00000000530014ec                show_next_desktop
                0x00000000530002c0                desktop_buffer_resource
                0x0000000053000020                desktop_load_style
                0x0000000053000404                desktop_release_resource
                0x000000005300061c                desktop_get_headbar_appicon
                0x000000005300148c                show_desktop_bg
                0x0000000053001554                show_current_desktop
                0x000000005300154c                show_child_desktop
 .text          0x000000005300158c       0x30 desktop_api.o
                0x00000000530015b4                desktop_api_exit
                0x000000005300158c                desktop_api_init
 .text          0x00000000530015bc     0x1888 launcher_scene_desktop.o
                0x00000000530026c8                launcher_scene_desktop
 .text          0x0000000053002e44        0xc ./../../../../../case/lib/commonui_api.a(commonui_api320.o)
                0x0000000053002e44                headbar_load_style
 .text          0x0000000053002e50        0xc ./../../../../../case/lib/commonui_api.a(commonui_api328.o)
                0x0000000053002e50                headbar_paint
 .text          0x0000000053002e5c        0xc ./../../../../../case/lib/commonui_api.a(commonui_api344.o)
                0x0000000053002e5c                headbar_create
 .text          0x0000000053002e68        0xc ./../../../../../case/lib/commonui_api.a(commonui_api352.o)
                0x0000000053002e68                headbar_delete
 .text          0x0000000053002e74        0xc ./../../../../../case/lib/commonui_api.a(commonui_api416.o)
                0x0000000053002e74                menu_create
 .text          0x0000000053002e80        0xc ./../../../../../case/lib/commonui_api.a(commonui_api424.o)
                0x0000000053002e80                menu_delete
 .text          0x0000000053002e8c        0xc ./../../../../../case/lib/commonui_api.a(commonui_api432.o)
                0x0000000053002e8c                menu_set_cur_index
 .text          0x0000000053002e98        0xc ./../../../../../case/lib/commonui_api.a(commonui_api514.o)
                0x0000000053002e98                menu_append_item
 .text          0x0000000053002ea4        0xc ./../../../../../case/lib/commonui_api.a(commonui_api596.o)
                0x0000000053002ea4                menuview_create
 .text          0x0000000053002eb0        0xc ./../../../../../case/lib/commonui_api.a(commonui_api604.o)
                0x0000000053002eb0                menuview_delete
 .text          0x0000000053002ebc        0xc ./../../../../../case/lib/commonui_api.a(commonui_api612.o)
                0x0000000053002ebc                menuview_paint
 .text          0x0000000053002ec8        0xc ./../../../../../case/lib/commonui_api.a(commonui_api620.o)
                0x0000000053002ec8                menuview_proc_gui
 .text          0x0000000053002ed4        0xc ./../../../../../case/lib/commonui_api.a(commonui_api628.o)
                0x0000000053002ed4                menuview_load_style
 .text          0x0000000053002ee0        0xc ./../../../../../case/lib/commonui_api.a(commonui_api652.o)
                0x0000000053002ee0                menuview_set_menu
 .text          0x0000000053002eec        0xc ./../../../../../case/lib/commonui_api.a(commonui_api708.o)
                0x0000000053002eec                msgbox_proc_gui
 .text          0x0000000053002ef8        0xc ./../../../../../case/lib/commonui_api.a(commonui_api716.o)
                0x0000000053002ef8                msgbox_proc_sys
 .text          0x0000000053002f04        0xc ./../../../../../case/lib/commonui_api.a(commonui_api724.o)
                0x0000000053002f04                msgbox_create
 .text          0x0000000053002f10        0xc ./../../../../../case/lib/commonui_api.a(commonui_api732.o)
                0x0000000053002f10                msgbox_paint
 .text          0x0000000053002f1c        0xc ./../../../../../case/lib/commonui_api.a(commonui_api740.o)
                0x0000000053002f1c                msgbox_delete
 .text          0x0000000053002f28        0xc ./../../../../../case/lib/commonui_api.a(commonui_api748.o)
                0x0000000053002f28                msgbox_load_style
 .text          0x0000000053002f34        0xc ./../../../../../case/lib/commonui_api.a(commonui_api876.o)
                0x0000000053002f34                volumebar_proc_gui
 .text          0x0000000053002f40        0xc ./../../../../../case/lib/commonui_api.a(commonui_api884.o)
                0x0000000053002f40                volumebar_create
 .text          0x0000000053002f4c        0xc ./../../../../../case/lib/commonui_api.a(commonui_api892.o)
                0x0000000053002f4c                volumebar_delete
 .text          0x0000000053002f58        0xc ./../../../../../case/lib/commonui_api.a(commonui_api900.o)
                0x0000000053002f58                volumebar_paint
 .text          0x0000000053002f64        0xc ./../../../../../case/lib/commonui_api.a(commonui_api908.o)
                0x0000000053002f64                volumebar_load_style
 .text          0x0000000053002f70        0xc ./../../../../../case/lib/fusion_api.a(fusion_api15.o)
                0x0000000053002f70                fusion_set_first_frame
 .text          0x0000000053002f7c        0xc ./../../../../../case/lib/fusion_api.a(fusion_api23.o)
                0x0000000053002f7c                fusion_set_last_frame
 .text          0x0000000053002f88        0xc ./../../../../../case/lib/fusion_api.a(fusion_api31.o)
                0x0000000053002f88                fusion_display
 .text          0x0000000053002f94        0xc ./../../../../../case/lib/fusion_api.a(fusion_api47.o)
                0x0000000053002f94                fusion_get_config
 .text          0x0000000053002fa0        0x8 ./../../../../../case/lib/fusion_api.a(fusion_api7.o)
                0x0000000053002fa0                fusion_set_effect
 .text          0x0000000053002fa8       0x10 ./../../../../../case/lib/style_api.a(style_api16.o)
                0x0000000053002fa8                close_style_file
 .text          0x0000000053002fb8       0x10 ./../../../../../case/lib/style_api.a(style_api26.o)
                0x0000000053002fb8                load_scene
 .text          0x0000000053002fc8       0x10 ./../../../../../case/lib/style_api.a(style_api35.o)
                0x0000000053002fc8                free_scene
 .text          0x0000000053002fd8       0x10 ./../../../../../case/lib/style_api.a(style_api47.o)
                0x0000000053002fd8                get_scene_child
 .text          0x0000000053002fe8       0x10 ./../../../../../case/lib/style_api.a(style_api56.o)
                0x0000000053002fe8                get_resgroup_child
 .text          0x0000000053002ff8        0xc ./../../../../../case/lib/style_api.a(style_api7.o)
                0x0000000053002ff8                open_style_file
 .text          0x0000000053003004        0xc ./../../../../../case/lib/applib_api.a(applib_api1157.o)
                0x0000000053003004                sys_pm_set_clk_domain
 .text          0x0000000053003010        0xc ./../../../../../case/lib/applib_api.a(applib_api1165.o)
                0x0000000053003010                sys_pm_clear_clk_domain
 .text          0x000000005300301c        0xc ./../../../../../case/lib/applib_api.a(applib_api1197.o)
                0x000000005300301c                sys_get_common_theme_res_dir
 .text          0x0000000053003028        0xc ./../../../../../case/lib/applib_api.a(applib_api1205.o)
                0x0000000053003028                sys_get_common_string_res_dir
 .text          0x0000000053003034        0xc ./../../../../../case/lib/applib_api.a(applib_api1285.o)
                0x0000000053003034                canvas_get_focus
 .text          0x0000000053003040        0xc ./../../../../../case/lib/applib_api.a(applib_api282.o)
                0x0000000053003040                get_user_bg_pic
 .text          0x000000005300304c        0xc ./../../../../../case/lib/applib_api.a(applib_api455.o)
                0x000000005300304c                get_msg
 .text          0x0000000053003058        0xc ./../../../../../case/lib/applib_api.a(applib_api473.o)
                0x0000000053003058                reply_sync_msg
 .text          0x0000000053003064        0xc ./../../../../../case/lib/applib_api.a(applib_api497.o)
                0x0000000053003064                dispatch_msg
 .text          0x0000000053003070        0xc ./../../../../../case/lib/applib_api.a(applib_api505.o)
                0x0000000053003070                register_sys_dispatcher
 .text          0x000000005300307c        0xc ./../../../../../case/lib/applib_api.a(applib_api513.o)
                0x000000005300307c                unregister_sys_dispatcher
 .text          0x0000000053003088        0xc ./../../../../../case/lib/applib_api.a(applib_api521.o)
                0x0000000053003088                exit_msg_loop
 .text          0x0000000053003094        0xc ./../../../../../case/lib/applib_api.a(applib_api537.o)
                0x0000000053003094                clear_key_msg_queue
 .text          0x00000000530030a0        0xc ./../../../../../case/lib/applib_api.a(applib_api545.o)
                0x00000000530030a0                enter_background_mode
 .text          0x00000000530030ac        0xc ./../../../../../case/lib/applib_api.a(applib_api555.o)
                0x00000000530030ac                enter_foreground_mode
 .text          0x00000000530030b8        0xc ./../../../../../case/lib/applib_api.a(applib_api579.o)
                0x00000000530030b8                sty_open_common_pic_res
 .text          0x00000000530030c4        0xc ./../../../../../case/lib/applib_api.a(applib_api587.o)
                0x00000000530030c4                sty_open_common_str_res
 .text          0x00000000530030d0        0xc ./../../../../../case/lib/applib_api.a(applib_api595.o)
                0x00000000530030d0                sty_close_common_pic_res
 .text          0x00000000530030dc        0xc ./../../../../../case/lib/applib_api.a(applib_api603.o)
                0x00000000530030dc                sty_close_common_str_res
 .text          0x00000000530030e8        0xc ./../../../../../case/lib/applib_api.a(applib_api611.o)
                0x00000000530030e8                sty_open_app_pic_res
 .text          0x00000000530030f4        0xc ./../../../../../case/lib/applib_api.a(applib_api619.o)
                0x00000000530030f4                sty_open_app_str_res
 .text          0x0000000053003100        0xc ./../../../../../case/lib/applib_api.a(applib_api627.o)
                0x0000000053003100                sty_close_app_pic_res
 .text          0x000000005300310c        0xc ./../../../../../case/lib/applib_api.a(applib_api635.o)
                0x000000005300310c                sty_close_app_str_res
 .text          0x0000000053003118        0xc ./../../../../../case/lib/applib_api.a(applib_api643.o)
                0x0000000053003118                sty_set_app_scene
 .text          0x0000000053003124        0xc ./../../../../../case/lib/applib_api.a(applib_api651.o)
                0x0000000053003124                sty_get_app_scene
 .text          0x0000000053003130        0xc ./../../../../../case/lib/applib_api.a(applib_api659.o)
                0x0000000053003130                sty_set_common_scene
 .text          0x000000005300313c        0xc ./../../../../../case/lib/applib_api.a(applib_api675.o)
                0x000000005300313c                sty_set_text_encoding
 .text          0x0000000053003148        0xc ./../../../../../case/lib/applib_api.a(applib_api747.o)
                0x0000000053003148                sty_draw_string_res_ext
 .text          0x0000000053003154        0xc ./../../../../../case/lib/applib_api.a(applib_api787.o)
                0x0000000053003154                sty_draw_picture_id
 .text          0x0000000053003160        0xc ./../../../../../case/lib/applib_api.a(applib_api827.o)
                0x0000000053003160                sty_draw_bitmap
 .text          0x000000005300316c        0xc ./../../../../../case/lib/applib_api.a(applib_api843.o)
                0x000000005300316c                sty_create_bitmap
 .text          0x0000000053003178        0xc ./../../../../../case/lib/applib_api.a(applib_api859.o)
                0x0000000053003178                sty_delete_bitmap
 .text          0x0000000053003184        0xc ./../../../../../case/lib/applib_api.a(applib_api883.o)
                0x0000000053003184                sty_get_view_rotation
 .text          0x0000000053003190        0xc ./../../../../../case/lib/applib_api.a(applib_api891.o)
                0x0000000053003190                sty_set_screen_rotation
 .text          0x000000005300319c        0xc ./../../../../../case/lib/applib_api.a(applib_api925.o)
                0x000000005300319c                sys_get_app_theme_res_dir
 .text          0x00000000530031a8        0xc ./../../../../../case/lib/applib_api.a(applib_api941.o)
                0x00000000530031a8                sys_get_app_string_res_dir
 .text          0x00000000530031b4        0xc ./../../../../../case/lib/applib_api.a(applib_api949.o)
                0x00000000530031b4                sys_get_cur_language_codes
 .text          0x00000000530031c0        0xc ./../../../../../case/lib/applib_api.a(applib_api957.o)
                0x00000000530031c0                sys_get_cur_language_id
 .text          0x00000000530031cc        0xc ./../../../../../case/lib/applib_api.a(applib_api997.o)
                0x00000000530031cc                sys_get_default_font_file
 .text          0x00000000530031d8       0x68 ./../../../../../psp_rel/lib/libcrt/crtbegin.o
                0x00000000530031d8                __do_global_dtors_aux
 .text          0x0000000053003240       0x68 ./../../../../../psp_rel/lib/libcrt/crtend.o
                0x0000000053003240                __do_global_ctors_aux
 .text          0x00000000530032a8        0xc ./../../../../../psp_rel/lib/libc_sys_api.a(libc_sys_api151.o)
                0x00000000530032a8                getpid
 .text          0x00000000530032b4        0xc ./../../../../../psp_rel/lib/libc_sys_api.a(libc_sys_api261.o)
                0x00000000530032b4                __errno
 .text          0x00000000530032c0       0x24 ./../../../../../psp_rel/lib/libc/libc_sysindep.a(snprintf.o)
                0x00000000530032c0                snprintf
 .text          0x00000000530032e4       0x28 ./../../../../../psp_rel/lib/libc/libc_sysindep.a(sprintf.o)
                0x00000000530032e4                sprintf
 .text          0x000000005300330c       0x9c ./../../../../../psp_rel/lib/libc/libc_sysindep.a(vsnprintf.o)
                0x000000005300330c                vsnprintf
 .text          0x00000000530033a8      0x9fc ./../../../../../psp_rel/lib/libc/libc_sysindep.a(vsprintf.o)
                0x0000000053003668                vsprintf
 .text          0x0000000053003da4       0x44 ./../../../../../psp_rel/lib/libc/libc_sysindep.a(memset.o)
                0x0000000053003dc8                bzero
                0x0000000053003da4                memset
 .text          0x0000000053003de8       0xfc ./../../../../../psp_rel/lib/libc/libc_sysindep.a(strcasecmp.o)
                0x0000000053003e54                strncasecmp
                0x0000000053003de8                strcasecmp
 .text          0x0000000053003ee4        0xc ./../../../../../psp_rel/lib/gui_api.a(gui_api270.o)
                0x0000000053003ee4                gui_set_language_mode
 .text          0x0000000053003ef0        0xc ./../../../../../psp_rel/lib/gui_api.a(gui_api350.o)
                0x0000000053003ef0                gui_create_font
 .text          0x0000000053003efc        0xc ./../../../../../psp_rel/lib/gui_api.a(gui_api358.o)
                0x0000000053003efc                gui_destroy_font
 .text          0x0000000053003f08        0xc ./../../../../../psp_rel/lib/gui_api.a(gui_api486.o)
                0x0000000053003f08                gui_screen_update
 .text          0x0000000053003f14        0xc ./../../../../../psp_rel/lib/gui_api.a(gui_api518.o)
                0x0000000053003f14                gui_wm_default_callback
 .text          0x0000000053003f20        0xc ./../../../../../psp_rel/lib/gui_api.a(gui_api582.o)
                0x0000000053003f20                gui_wm_create_window
 .text          0x0000000053003f2c        0xc ./../../../../../psp_rel/lib/gui_api.a(gui_api598.o)
                0x0000000053003f2c                gui_wm_set_focus
 .text          0x0000000053003f38        0xc ./../../../../../psp_rel/lib/gui_api.a(gui_api606.o)
                0x0000000053003f38                gui_wm_delete_window
 .text          0x0000000053003f44        0xc ./../../../../../psp_rel/lib/gui_api.a(gui_api646.o)
                0x0000000053003f44                gui_wm_set_size
 .text          0x0000000053003f50        0xc ./../../../../../psp_rel/lib/gui_api.a(gui_api694.o)
                0x0000000053003f50                gui_dc_get
 .text          0x0000000053003f5c        0xc ./../../../../../psp_rel/lib/gui_api.a(gui_api710.o)
                0x0000000053003f5c                gui_dc_set_default_fontface
 .text          0x0000000053003f68        0xc ./../../../../../psp_rel/lib/gui_api.a(gui_api742.o)
                0x0000000053003f68                gui_dc_set_alpha
 .text          0x0000000053003f74        0xc ./../../../../../psp_rel/lib/gui_api.a(gui_api806.o)
                0x0000000053003f74                gui_dc_get_alpha
 .text          0x0000000053003f80        0xc ./../../../../../psp_rel/lib/syscall_api.a(syscall_api326.o)
                0x0000000053003f80                api_install
 .text          0x0000000053003f8c        0xc ./../../../../../psp_rel/lib/syscall_api.a(syscall_api334.o)
                0x0000000053003f8c                api_uninstall
 .text          0x0000000053003f98        0xc ./../../../../../psp_rel/lib/syscall_api.a(syscall_api406.o)
                0x0000000053003f98                printf
 .text          0x0000000053003fa4        0xc ./../../../../../psp_rel/lib/syscall_api.a(syscall_api870.o)
                0x0000000053003fa4                dlopen
 .text          0x0000000053003fb0        0xc ./../../../../../psp_rel/lib/syscall_api.a(syscall_api878.o)
                0x0000000053003fb0                dlclose
 *(.rodata)
 .rodata        0x0000000053003fbc       0x44 Launcher_desktop_ui.o
 .rodata        0x0000000053004000        0x4 desktop_api.o
 .rodata        0x0000000053004004      0x15c launcher_scene_desktop.o
 .rodata        0x0000000053004160      0x194 ./../../../../../psp_rel/lib/libc/libc_sysindep.a(vsprintf.o)
 *(.rodata.*)
 .rodata.str1.4
                0x00000000530042f4      0x1a7 Launcher_desktop_ui.o
                                        0x1a8 (size before relaxing)
 *fill*         0x000000005300449b        0x1 00
 .rodata.str1.4
                0x000000005300449c      0x58c launcher_scene_desktop.o
 .rodata.str1.4
                0x0000000053004a28       0x57 ./../../../../../psp_rel/lib/libc/libc_sysindep.a(vsprintf.o)
                                         0x58 (size before relaxing)

.fini           0x0000000053004a80       0x20
 *(.fini)
 .fini          0x0000000053004a80        0x8 ./../../../../../psp_rel/lib/libcrt/crti.o
                0x0000000053004a80                _fini
 .fini          0x0000000053004a88        0x8 ./../../../../../psp_rel/lib/libcrt/crtbegin.o
 .fini          0x0000000053004a90       0x10 ./../../../../../psp_rel/lib/libcrt/crtn.o

.dlsym
 *(.dlsym)

.dlstr
 *(.dlstr)
                0x0000000053005000                . = ALIGN (0x1000)

.ctors          0x0000000053005000        0xc
 *crtbegin*.o(.ctors)
 .ctors         0x0000000053005000        0x4 ./../../../../../psp_rel/lib/libcrt/crtbegin.o
                0x0000000053005000                __CTOR_LIST__
 *(EXCLUDE_FILE(*crtend*.o) .ctors)
 .ctors         0x0000000053005004        0x4 desktop_api.o
 *(SORT(.ctors.*))
 *(.ctors)
 .ctors         0x0000000053005008        0x4 ./../../../../../psp_rel/lib/libcrt/crtend.o
                0x0000000053005008                __CTOR_END__

.dtors          0x000000005300500c        0xc
 *crtbegin*.o(.dtors)
 .dtors         0x000000005300500c        0x4 ./../../../../../psp_rel/lib/libcrt/crtbegin.o
                0x000000005300500c                __DTOR_LIST__
 *(EXCLUDE_FILE(*crtend*.o) .dtors)
 .dtors         0x0000000053005010        0x4 desktop_api.o
 *(SORT(.dtors.*))
 *(.dtors)
 .dtors         0x0000000053005014        0x4 ./../../../../../psp_rel/lib/libcrt/crtend.o
                0x0000000053005014                __DTOR_END__

.data           0x0000000053005018      0x188
 *(.data)
 .data          0x0000000053005018      0x188 Launcher_desktop_ui.o
                0x00000000530050c0                app_icon2
                0x0000000053005018                headbar_appicon
                0x00000000530050f8                app_icon1
                0x0000000053005050                app_icon4
                0x0000000053005088                app_icon3
 *(.sdata)

.sbss
 *(.sbss)
 *(.scommon)

.bss            0x00000000530051a0      0x1ec
 *(.bss)
 .bss           0x00000000530051a0        0x8 Launcher_desktop_ui.o
 .bss           0x00000000530051a8        0x8 launcher_scene_desktop.o
                0x00000000530051a8                g_scene_desktop
 *(COMMON)
 COMMON         0x00000000530051b0      0x1dc Launcher_desktop_ui.o
                0x00000000530051b0                str_app_name_p2
                0x00000000530051b4                pthread_mutex_type_t
                0x00000000530051b8                str_app_name_p1
                0x00000000530051bc                app_icon4_data
                0x000000005300522c                str_app_name_p3
                0x0000000053005230                debug_time
                0x0000000053005234                app_icon3_data
                0x00000000530052a4                pthread_share_type_t
                0x00000000530052a8                app_icon1_data
                0x0000000053005318                str_app_name
                0x000000005300531c                app_icon2_data

.rel.dyn
Address of section .init set to 0x53000000
LOAD Launcher_desktop_ui.o
LOAD desktop_api.o
LOAD launcher_scene_desktop.o
LOAD ./../desktop_appinfo.a
LOAD ./../../../../../case/lib/commonui_api.a
LOAD ./../../../../../case/lib/fusion_api.a
LOAD ./../../../../../case/lib/style_api.a
LOAD ./../../../../../case/lib/applib_api.a
LOAD ./../../../../../psp_rel/lib/libcrt/crti.o
LOAD ./../../../../../psp_rel/lib/libcrt/crtbegin.o
LOAD ./../../../../../psp_rel/lib/libcrt/crtend.o
LOAD ./../../../../../psp_rel/lib/libcrt/crtn.o
LOAD ./../../../../../psp_rel/lib/ime_api.a
LOAD ./../../../../../psp_rel/lib/mlang_api.a
LOAD ./../../../../../psp_rel/lib/mnavi_api.a
LOAD ./../../../../../psp_rel/lib/plist_api.a
LOAD ./../../../../../psp_rel/lib/sqlite_api.a
LOAD ./../../../../../psp_rel/lib/libc_sys_api.a
LOAD ./../../../../../psp_rel/lib/libc_fs_api.a
LOAD ./../../../../../psp_rel/lib/libc/libc_sysindep.a
LOAD ./../../../../../psp_rel/lib/gui_api.a
LOAD ./../../../../../psp_rel/lib/mmm_api.a
LOAD ./../../../../../psp_rel/lib/transimage.a
LOAD ./../../../../../psp_rel/lib/apconfig_api.a
LOAD ./../../../../../psp_rel/lib/syscall_api.a
LOAD ./../../../../../psp_rel/lib/kmodule_api.a
OUTPUT(./../../../../../case/images/apps/launcher/qvga_style_2//desktop.so elf32-tradlittlemips)

.reginfo        0x0000000000000000       0x18
 .reginfo       0x0000000000000000       0x18 Launcher_desktop_ui.o

.pdr            0x0000000000000000     0x1160
 .pdr           0x0000000000000000      0x1a0 Launcher_desktop_ui.o
 .pdr           0x00000000000001a0       0x40 desktop_api.o
 .pdr           0x00000000000001e0      0x220 launcher_scene_desktop.o
 .pdr           0x0000000000000400       0x20 ./../../../../../case/lib/commonui_api.a(commonui_api320.o)
 .pdr           0x0000000000000420       0x20 ./../../../../../case/lib/commonui_api.a(commonui_api328.o)
 .pdr           0x0000000000000440       0x20 ./../../../../../case/lib/commonui_api.a(commonui_api344.o)
 .pdr           0x0000000000000460       0x20 ./../../../../../case/lib/commonui_api.a(commonui_api352.o)
 .pdr           0x0000000000000480       0x20 ./../../../../../case/lib/commonui_api.a(commonui_api416.o)
 .pdr           0x00000000000004a0       0x20 ./../../../../../case/lib/commonui_api.a(commonui_api424.o)
 .pdr           0x00000000000004c0       0x20 ./../../../../../case/lib/commonui_api.a(commonui_api432.o)
 .pdr           0x00000000000004e0       0x20 ./../../../../../case/lib/commonui_api.a(commonui_api514.o)
 .pdr           0x0000000000000500       0x20 ./../../../../../case/lib/commonui_api.a(commonui_api596.o)
 .pdr           0x0000000000000520       0x20 ./../../../../../case/lib/commonui_api.a(commonui_api604.o)
 .pdr           0x0000000000000540       0x20 ./../../../../../case/lib/commonui_api.a(commonui_api612.o)
 .pdr           0x0000000000000560       0x20 ./../../../../../case/lib/commonui_api.a(commonui_api620.o)
 .pdr           0x0000000000000580       0x20 ./../../../../../case/lib/commonui_api.a(commonui_api628.o)
 .pdr           0x00000000000005a0       0x20 ./../../../../../case/lib/commonui_api.a(commonui_api652.o)
 .pdr           0x00000000000005c0       0x20 ./../../../../../case/lib/commonui_api.a(commonui_api708.o)
 .pdr           0x00000000000005e0       0x20 ./../../../../../case/lib/commonui_api.a(commonui_api716.o)
 .pdr           0x0000000000000600       0x20 ./../../../../../case/lib/commonui_api.a(commonui_api724.o)
 .pdr           0x0000000000000620       0x20 ./../../../../../case/lib/commonui_api.a(commonui_api732.o)
 .pdr           0x0000000000000640       0x20 ./../../../../../case/lib/commonui_api.a(commonui_api740.o)
 .pdr           0x0000000000000660       0x20 ./../../../../../case/lib/commonui_api.a(commonui_api748.o)
 .pdr           0x0000000000000680       0x20 ./../../../../../case/lib/commonui_api.a(commonui_api876.o)
 .pdr           0x00000000000006a0       0x20 ./../../../../../case/lib/commonui_api.a(commonui_api884.o)
 .pdr           0x00000000000006c0       0x20 ./../../../../../case/lib/commonui_api.a(commonui_api892.o)
 .pdr           0x00000000000006e0       0x20 ./../../../../../case/lib/commonui_api.a(commonui_api900.o)
 .pdr           0x0000000000000700       0x20 ./../../../../../case/lib/commonui_api.a(commonui_api908.o)
 .pdr           0x0000000000000720       0x20 ./../../../../../case/lib/fusion_api.a(fusion_api15.o)
 .pdr           0x0000000000000740       0x20 ./../../../../../case/lib/fusion_api.a(fusion_api23.o)
 .pdr           0x0000000000000760       0x20 ./../../../../../case/lib/fusion_api.a(fusion_api31.o)
 .pdr           0x0000000000000780       0x20 ./../../../../../case/lib/fusion_api.a(fusion_api47.o)
 .pdr           0x00000000000007a0       0x20 ./../../../../../case/lib/fusion_api.a(fusion_api7.o)
 .pdr           0x00000000000007c0       0x20 ./../../../../../case/lib/style_api.a(style_api16.o)
 .pdr           0x00000000000007e0       0x20 ./../../../../../case/lib/style_api.a(style_api26.o)
 .pdr           0x0000000000000800       0x20 ./../../../../../case/lib/style_api.a(style_api35.o)
 .pdr           0x0000000000000820       0x20 ./../../../../../case/lib/style_api.a(style_api47.o)
 .pdr           0x0000000000000840       0x20 ./../../../../../case/lib/style_api.a(style_api56.o)
 .pdr           0x0000000000000860       0x20 ./../../../../../case/lib/style_api.a(style_api7.o)
 .pdr           0x0000000000000880       0x20 ./../../../../../case/lib/applib_api.a(applib_api1157.o)
 .pdr           0x00000000000008a0       0x20 ./../../../../../case/lib/applib_api.a(applib_api1165.o)
 .pdr           0x00000000000008c0       0x20 ./../../../../../case/lib/applib_api.a(applib_api1197.o)
 .pdr           0x00000000000008e0       0x20 ./../../../../../case/lib/applib_api.a(applib_api1205.o)
 .pdr           0x0000000000000900       0x20 ./../../../../../case/lib/applib_api.a(applib_api1285.o)
 .pdr           0x0000000000000920       0x20 ./../../../../../case/lib/applib_api.a(applib_api282.o)
 .pdr           0x0000000000000940       0x20 ./../../../../../case/lib/applib_api.a(applib_api455.o)
 .pdr           0x0000000000000960       0x20 ./../../../../../case/lib/applib_api.a(applib_api473.o)
 .pdr           0x0000000000000980       0x20 ./../../../../../case/lib/applib_api.a(applib_api497.o)
 .pdr           0x00000000000009a0       0x20 ./../../../../../case/lib/applib_api.a(applib_api505.o)
 .pdr           0x00000000000009c0       0x20 ./../../../../../case/lib/applib_api.a(applib_api513.o)
 .pdr           0x00000000000009e0       0x20 ./../../../../../case/lib/applib_api.a(applib_api521.o)
 .pdr           0x0000000000000a00       0x20 ./../../../../../case/lib/applib_api.a(applib_api537.o)
 .pdr           0x0000000000000a20       0x20 ./../../../../../case/lib/applib_api.a(applib_api545.o)
 .pdr           0x0000000000000a40       0x20 ./../../../../../case/lib/applib_api.a(applib_api555.o)
 .pdr           0x0000000000000a60       0x20 ./../../../../../case/lib/applib_api.a(applib_api579.o)
 .pdr           0x0000000000000a80       0x20 ./../../../../../case/lib/applib_api.a(applib_api587.o)
 .pdr           0x0000000000000aa0       0x20 ./../../../../../case/lib/applib_api.a(applib_api595.o)
 .pdr           0x0000000000000ac0       0x20 ./../../../../../case/lib/applib_api.a(applib_api603.o)
 .pdr           0x0000000000000ae0       0x20 ./../../../../../case/lib/applib_api.a(applib_api611.o)
 .pdr           0x0000000000000b00       0x20 ./../../../../../case/lib/applib_api.a(applib_api619.o)
 .pdr           0x0000000000000b20       0x20 ./../../../../../case/lib/applib_api.a(applib_api627.o)
 .pdr           0x0000000000000b40       0x20 ./../../../../../case/lib/applib_api.a(applib_api635.o)
 .pdr           0x0000000000000b60       0x20 ./../../../../../case/lib/applib_api.a(applib_api643.o)
 .pdr           0x0000000000000b80       0x20 ./../../../../../case/lib/applib_api.a(applib_api651.o)
 .pdr           0x0000000000000ba0       0x20 ./../../../../../case/lib/applib_api.a(applib_api659.o)
 .pdr           0x0000000000000bc0       0x20 ./../../../../../case/lib/applib_api.a(applib_api675.o)
 .pdr           0x0000000000000be0       0x20 ./../../../../../case/lib/applib_api.a(applib_api747.o)
 .pdr           0x0000000000000c00       0x20 ./../../../../../case/lib/applib_api.a(applib_api787.o)
 .pdr           0x0000000000000c20       0x20 ./../../../../../case/lib/applib_api.a(applib_api827.o)
 .pdr           0x0000000000000c40       0x20 ./../../../../../case/lib/applib_api.a(applib_api843.o)
 .pdr           0x0000000000000c60       0x20 ./../../../../../case/lib/applib_api.a(applib_api859.o)
 .pdr           0x0000000000000c80       0x20 ./../../../../../case/lib/applib_api.a(applib_api883.o)
 .pdr           0x0000000000000ca0       0x20 ./../../../../../case/lib/applib_api.a(applib_api891.o)
 .pdr           0x0000000000000cc0       0x20 ./../../../../../case/lib/applib_api.a(applib_api925.o)
 .pdr           0x0000000000000ce0       0x20 ./../../../../../case/lib/applib_api.a(applib_api941.o)
 .pdr           0x0000000000000d00       0x20 ./../../../../../case/lib/applib_api.a(applib_api949.o)
 .pdr           0x0000000000000d20       0x20 ./../../../../../case/lib/applib_api.a(applib_api957.o)
 .pdr           0x0000000000000d40       0x20 ./../../../../../case/lib/applib_api.a(applib_api997.o)
 .pdr           0x0000000000000d60       0x20 ./../../../../../psp_rel/lib/libcrt/crtbegin.o
 .pdr           0x0000000000000d80       0x20 ./../../../../../psp_rel/lib/libcrt/crtend.o
 .pdr           0x0000000000000da0       0x20 ./../../../../../psp_rel/lib/libc_sys_api.a(libc_sys_api151.o)
 .pdr           0x0000000000000dc0       0x20 ./../../../../../psp_rel/lib/libc_sys_api.a(libc_sys_api261.o)
 .pdr           0x0000000000000de0       0x20 ./../../../../../psp_rel/lib/libc/libc_sysindep.a(snprintf.o)
 .pdr           0x0000000000000e00       0x20 ./../../../../../psp_rel/lib/libc/libc_sysindep.a(sprintf.o)
 .pdr           0x0000000000000e20       0x20 ./../../../../../psp_rel/lib/libc/libc_sysindep.a(vsnprintf.o)
 .pdr           0x0000000000000e40       0x60 ./../../../../../psp_rel/lib/libc/libc_sysindep.a(vsprintf.o)
 .pdr           0x0000000000000ea0       0x40 ./../../../../../psp_rel/lib/libc/libc_sysindep.a(memset.o)
 .pdr           0x0000000000000ee0       0x40 ./../../../../../psp_rel/lib/libc/libc_sysindep.a(strcasecmp.o)
 .pdr           0x0000000000000f20       0x20 ./../../../../../psp_rel/lib/gui_api.a(gui_api270.o)
 .pdr           0x0000000000000f40       0x20 ./../../../../../psp_rel/lib/gui_api.a(gui_api350.o)
 .pdr           0x0000000000000f60       0x20 ./../../../../../psp_rel/lib/gui_api.a(gui_api358.o)
 .pdr           0x0000000000000f80       0x20 ./../../../../../psp_rel/lib/gui_api.a(gui_api486.o)
 .pdr           0x0000000000000fa0       0x20 ./../../../../../psp_rel/lib/gui_api.a(gui_api518.o)
 .pdr           0x0000000000000fc0       0x20 ./../../../../../psp_rel/lib/gui_api.a(gui_api582.o)
 .pdr           0x0000000000000fe0       0x20 ./../../../../../psp_rel/lib/gui_api.a(gui_api598.o)
 .pdr           0x0000000000001000       0x20 ./../../../../../psp_rel/lib/gui_api.a(gui_api606.o)
 .pdr           0x0000000000001020       0x20 ./../../../../../psp_rel/lib/gui_api.a(gui_api646.o)
 .pdr           0x0000000000001040       0x20 ./../../../../../psp_rel/lib/gui_api.a(gui_api694.o)
 .pdr           0x0000000000001060       0x20 ./../../../../../psp_rel/lib/gui_api.a(gui_api710.o)
 .pdr           0x0000000000001080       0x20 ./../../../../../psp_rel/lib/gui_api.a(gui_api742.o)
 .pdr           0x00000000000010a0       0x20 ./../../../../../psp_rel/lib/gui_api.a(gui_api806.o)
 .pdr           0x00000000000010c0       0x20 ./../../../../../psp_rel/lib/syscall_api.a(syscall_api326.o)
 .pdr           0x00000000000010e0       0x20 ./../../../../../psp_rel/lib/syscall_api.a(syscall_api334.o)
 .pdr           0x0000000000001100       0x20 ./../../../../../psp_rel/lib/syscall_api.a(syscall_api406.o)
 .pdr           0x0000000000001120       0x20 ./../../../../../psp_rel/lib/syscall_api.a(syscall_api870.o)
 .pdr           0x0000000000001140       0x20 ./../../../../../psp_rel/lib/syscall_api.a(syscall_api878.o)

.mdebug.abi32   0x0000000000000000        0x0

.debug_abbrev   0x0000000000000000      0x5e6
 .debug_abbrev  0x0000000000000000      0x20b Launcher_desktop_ui.o
 .debug_abbrev  0x000000000000020b       0xa5 desktop_api.o
 .debug_abbrev  0x00000000000002b0      0x336 launcher_scene_desktop.o

.debug_info     0x0000000000000000     0x2d78
 .debug_info    0x0000000000000000     0x1246 Launcher_desktop_ui.o
 .debug_info    0x0000000000001246      0x128 desktop_api.o
 .debug_info    0x000000000000136e     0x1a0a launcher_scene_desktop.o

.debug_line     0x0000000000000000      0xac8
 .debug_line    0x0000000000000000      0x453 Launcher_desktop_ui.o
 .debug_line    0x0000000000000453       0x77 desktop_api.o
 .debug_line    0x00000000000004ca      0x5fe launcher_scene_desktop.o

.debug_frame    0x0000000000000000      0x434
 .debug_frame   0x0000000000000000      0x1e4 Launcher_desktop_ui.o
 .debug_frame   0x00000000000001e4       0x38 desktop_api.o
 .debug_frame   0x000000000000021c      0x218 launcher_scene_desktop.o

.debug_pubnames
                0x0000000000000000      0x2e3
 .debug_pubnames
                0x0000000000000000      0x202 Launcher_desktop_ui.o
 .debug_pubnames
                0x0000000000000202       0x6e desktop_api.o
 .debug_pubnames
                0x0000000000000270       0x73 launcher_scene_desktop.o

.debug_aranges  0x0000000000000000       0x60
 .debug_aranges
                0x0000000000000000       0x20 Launcher_desktop_ui.o
 .debug_aranges
                0x0000000000000020       0x20 desktop_api.o
 .debug_aranges
                0x0000000000000040       0x20 launcher_scene_desktop.o

.debug_str      0x0000000000000000     0x22a5
 .debug_str     0x0000000000000000      0xd8f Launcher_desktop_ui.o
                                        0xe6c (size before relaxing)
 .debug_str     0x0000000000000d8f       0x3f desktop_api.o
                                        0x20e (size before relaxing)
 .debug_str     0x0000000000000dce     0x14d7 launcher_scene_desktop.o
                                       0x1f73 (size before relaxing)

.comment        0x0000000000000000      0x1d9
 .comment       0x0000000000000000       0x2b Launcher_desktop_ui.o
 .comment       0x000000000000002b       0x2b desktop_api.o
 .comment       0x0000000000000056       0x2b launcher_scene_desktop.o
 .comment       0x0000000000000081       0x2b ./../../../../../psp_rel/lib/libcrt/crtbegin.o
 .comment       0x00000000000000ac       0x2b ./../../../../../psp_rel/lib/libcrt/crtend.o
 .comment       0x00000000000000d7       0x2b ./../../../../../psp_rel/lib/libc/libc_sysindep.a(snprintf.o)
 .comment       0x0000000000000102       0x2b ./../../../../../psp_rel/lib/libc/libc_sysindep.a(sprintf.o)
 .comment       0x000000000000012d       0x2b ./../../../../../psp_rel/lib/libc/libc_sysindep.a(vsnprintf.o)
 .comment       0x0000000000000158       0x2b ./../../../../../psp_rel/lib/libc/libc_sysindep.a(vsprintf.o)
 .comment       0x0000000000000183       0x2b ./../../../../../psp_rel/lib/libc/libc_sysindep.a(memset.o)
 .comment       0x00000000000001ae       0x2b ./../../../../../psp_rel/lib/libc/libc_sysindep.a(strcasecmp.o)

.debug_ranges   0x0000000000000000       0xb0
 .debug_ranges  0x0000000000000000       0xb0 launcher_scene_desktop.o
