Archive member included because of file (symbol)

./../../../../case/lib/commonui_api.a(commonui_api103.o)
                              em_fourth_level_menu.o (dialog_paint)
./../../../../case/lib/commonui_api.a(commonui_api111.o)
                              emulator_scene.o (dialog_proc_gui)
./../../../../case/lib/commonui_api.a(commonui_api119.o)
                              em_fourth_level_menu.o (dialog_create)
./../../../../case/lib/commonui_api.a(commonui_api127.o)
                              em_fourth_level_menu.o (dialog_delete)
./../../../../case/lib/commonui_api.a(commonui_api135.o)
                              emulator_scene.o (dialog_modal)
./../../../../case/lib/commonui_api.a(commonui_api143.o)
                              em_first_level_menu.o (dirlist_create)
./../../../../case/lib/commonui_api.a(commonui_api15.o)
                              em_third_level_menu.o (adjust_create)
./../../../../case/lib/commonui_api.a(commonui_api151.o)
                              em_first_level_menu.o (dirlist_delete)
./../../../../case/lib/commonui_api.a(commonui_api159.o)
                              em_first_level_menu.o (dirlist_paint)
./../../../../case/lib/commonui_api.a(commonui_api167.o)
                              emulator_scene.o (dirlist_proc_gui)
./../../../../case/lib/commonui_api.a(commonui_api178.o)
                              emulator_scene.o (dirlist_proc_sys)
./../../../../case/lib/commonui_api.a(commonui_api186.o)
                              emulator_scene.o (dirlist_load_style)
./../../../../case/lib/commonui_api.a(commonui_api194.o)
                              em_first_level_menu.o (dirlist_show)
./../../../../case/lib/commonui_api.a(commonui_api202.o)
                              em_first_level_menu.o (dirlist_hide)
./../../../../case/lib/commonui_api.a(commonui_api23.o)
                              emulator_scene.o (adjust_load_style)
./../../../../case/lib/commonui_api.a(commonui_api31.o)
                              em_third_level_menu.o (adjust_delete)
./../../../../case/lib/commonui_api.a(commonui_api320.o)
                              emulator_scene.o (headbar_load_style)
./../../../../case/lib/commonui_api.a(commonui_api328.o)
                              emulator_scene.o (headbar_paint)
./../../../../case/lib/commonui_api.a(commonui_api344.o)
                              emulator_scene.o (headbar_create)
./../../../../case/lib/commonui_api.a(commonui_api352.o)
                              emulator_scene.o (headbar_delete)
./../../../../case/lib/commonui_api.a(commonui_api39.o)
                              em_third_level_menu.o (adjust_paint)
./../../../../case/lib/commonui_api.a(commonui_api416.o)
                              em_fourth_level_menu.o (menu_create)
./../../../../case/lib/commonui_api.a(commonui_api424.o)
                              em_fourth_level_menu.o (menu_delete)
./../../../../case/lib/commonui_api.a(commonui_api432.o)
                              em_fourth_level_menu.o (menu_set_cur_index)
./../../../../case/lib/commonui_api.a(commonui_api490.o)
                              em_fourth_level_menu.o (menu_set_item)
./../../../../case/lib/commonui_api.a(commonui_api514.o)
                              em_fourth_level_menu.o (menu_append_item)
./../../../../case/lib/commonui_api.a(commonui_api596.o)
                              emulator_scene.o (menuview_create)
./../../../../case/lib/commonui_api.a(commonui_api604.o)
                              emulator_scene.o (menuview_delete)
./../../../../case/lib/commonui_api.a(commonui_api612.o)
                              em_fourth_level_menu.o (menuview_paint)
./../../../../case/lib/commonui_api.a(commonui_api620.o)
                              emulator_scene.o (menuview_proc_gui)
./../../../../case/lib/commonui_api.a(commonui_api628.o)
                              em_fourth_level_menu.o (menuview_load_style)
./../../../../case/lib/commonui_api.a(commonui_api63.o)
                              em_third_level_menu.o (adjust_get_switch_status)
./../../../../case/lib/commonui_api.a(commonui_api636.o)
                              em_fourth_level_menu.o (menuview_show)
./../../../../case/lib/commonui_api.a(commonui_api644.o)
                              em_fourth_level_menu.o (menuview_hide)
./../../../../case/lib/commonui_api.a(commonui_api652.o)
                              em_fourth_level_menu.o (menuview_set_menu)
./../../../../case/lib/commonui_api.a(commonui_api7.o)
                              emulator_scene.o (adjust_proc_gui)
./../../../../case/lib/commonui_api.a(commonui_api708.o)
                              emulator_scene.o (msgbox_proc_gui)
./../../../../case/lib/commonui_api.a(commonui_api716.o)
                              emulator_scene.o (msgbox_proc_sys)
./../../../../case/lib/commonui_api.a(commonui_api724.o)
                              emulator_scene.o (msgbox_create)
./../../../../case/lib/commonui_api.a(commonui_api732.o)
                              emulator_scene.o (msgbox_paint)
./../../../../case/lib/commonui_api.a(commonui_api740.o)
                              emulator_scene.o (msgbox_delete)
./../../../../case/lib/commonui_api.a(commonui_api748.o)
                              emulator_scene.o (msgbox_load_style)
./../../../../case/lib/commonui_api.a(commonui_api876.o)
                              emulator_scene.o (volumebar_proc_gui)
./../../../../case/lib/commonui_api.a(commonui_api884.o)
                              emulator_scene.o (volumebar_create)
./../../../../case/lib/commonui_api.a(commonui_api892.o)
                              emulator_scene.o (volumebar_delete)
./../../../../case/lib/commonui_api.a(commonui_api900.o)
                              emulator_scene.o (volumebar_paint)
./../../../../case/lib/commonui_api.a(commonui_api908.o)
                              emulator_scene.o (volumebar_load_style)
./../../../../case/lib/commonui_api.a(commonui_api95.o)
                              emulator_scene.o (dialog_load_style)
./../../../../case/lib/style_api.a(style_api16.o)
                              emulator_main.o (close_style_file)
./../../../../case/lib/style_api.a(style_api26.o)
                              emulator_scene.o (load_scene)
./../../../../case/lib/style_api.a(style_api35.o)
                              emulator_scene.o (free_scene)
./../../../../case/lib/style_api.a(style_api47.o)
                              emulator_scene.o (get_scene_child)
./../../../../case/lib/style_api.a(style_api7.o)
                              emulator_main.o (open_style_file)
./../../../../case/lib/fusion_api.a(fusion_api15.o)
                              emulator_scene.o (fusion_set_first_frame)
./../../../../case/lib/fusion_api.a(fusion_api23.o)
                              emulator_scene.o (fusion_set_last_frame)
./../../../../case/lib/fusion_api.a(fusion_api31.o)
                              em_first_level_menu.o (fusion_display)
./../../../../case/lib/fusion_api.a(fusion_api47.o)
                              em_first_level_menu.o (fusion_get_config)
./../../../../case/lib/fusion_api.a(fusion_api7.o)
                              em_first_level_menu.o (fusion_set_effect)
./../../../../case/lib/applib_api.a(applib_api1013.o)
                              emulator_play.o (sys_forbid_screensaver)
./../../../../case/lib/applib_api.a(applib_api1037.o)
                              emulator_play.o (sys_forbid_auto_standby)
./../../../../case/lib/applib_api.a(applib_api1149.o)
                              emulator_scene.o (sys_set_key_tone_enable)
./../../../../case/lib/applib_api.a(applib_api1157.o)
                              emulator_main.o (sys_pm_set_clk_domain)
./../../../../case/lib/applib_api.a(applib_api1165.o)
                              emulator_main.o (sys_pm_clear_clk_domain)
./../../../../case/lib/applib_api.a(applib_api119.o)
                              emulator_play.o (set_timer)
./../../../../case/lib/applib_api.a(applib_api1197.o)
                              emulator_main.o (sys_get_common_theme_res_dir)
./../../../../case/lib/applib_api.a(applib_api1205.o)
                              emulator_scene.o (sys_get_common_string_res_dir)
./../../../../case/lib/applib_api.a(applib_api1261.o)
                              emulator_scene.o (sys_get_main_disk)
./../../../../case/lib/applib_api.a(applib_api1285.o)
                              emulator_scene.o (canvas_get_focus)
./../../../../case/lib/applib_api.a(applib_api159.o)
                              emulator_play.o (kill_timer)
./../../../../case/lib/applib_api.a(applib_api282.o)
                              emulator_scene.o (get_user_bg_pic)
./../../../../case/lib/applib_api.a(applib_api439.o)
                              emulator_main.o (applib_init)
./../../../../case/lib/applib_api.a(applib_api447.o)
                              emulator_main.o (applib_quit)
./../../../../case/lib/applib_api.a(applib_api455.o)
                              emulator_scene.o (get_msg)
./../../../../case/lib/applib_api.a(applib_api465.o)
                              emulator_play.o (send_sync_msg)
./../../../../case/lib/applib_api.a(applib_api473.o)
                              emulator_scene.o (reply_sync_msg)
./../../../../case/lib/applib_api.a(applib_api481.o)
                              emulator_play.o (send_async_msg)
./../../../../case/lib/applib_api.a(applib_api497.o)
                              emulator_scene.o (dispatch_msg)
./../../../../case/lib/applib_api.a(applib_api505.o)
                              emulator_scene.o (register_sys_dispatcher)
./../../../../case/lib/applib_api.a(applib_api513.o)
                              emulator_scene.o (unregister_sys_dispatcher)
./../../../../case/lib/applib_api.a(applib_api521.o)
                              emulator_scene.o (exit_msg_loop)
./../../../../case/lib/applib_api.a(applib_api579.o)
                              emulator_scene.o (sty_open_common_pic_res)
./../../../../case/lib/applib_api.a(applib_api587.o)
                              emulator_scene.o (sty_open_common_str_res)
./../../../../case/lib/applib_api.a(applib_api595.o)
                              emulator_scene.o (sty_close_common_pic_res)
./../../../../case/lib/applib_api.a(applib_api603.o)
                              emulator_scene.o (sty_close_common_str_res)
./../../../../case/lib/applib_api.a(applib_api611.o)
                              emulator_scene.o (sty_open_app_pic_res)
./../../../../case/lib/applib_api.a(applib_api619.o)
                              emulator_scene.o (sty_open_app_str_res)
./../../../../case/lib/applib_api.a(applib_api627.o)
                              emulator_scene.o (sty_close_app_pic_res)
./../../../../case/lib/applib_api.a(applib_api635.o)
                              emulator_scene.o (sty_close_app_str_res)
./../../../../case/lib/applib_api.a(applib_api643.o)
                              emulator_scene.o (sty_set_app_scene)
./../../../../case/lib/applib_api.a(applib_api651.o)
                              em_fourth_level_menu.o (sty_get_app_scene)
./../../../../case/lib/applib_api.a(applib_api659.o)
                              emulator_scene.o (sty_set_common_scene)
./../../../../case/lib/applib_api.a(applib_api675.o)
                              emulator_scene.o (sty_set_text_encoding)
./../../../../case/lib/applib_api.a(applib_api827.o)
                              emulator_play.o (sty_draw_bitmap)
./../../../../case/lib/applib_api.a(applib_api843.o)
                              emulator_scene.o (sty_create_bitmap)
./../../../../case/lib/applib_api.a(applib_api859.o)
                              emulator_scene.o (sty_delete_bitmap)
./../../../../case/lib/applib_api.a(applib_api883.o)
                              emulator_play.o (sty_get_view_rotation)
./../../../../case/lib/applib_api.a(applib_api891.o)
                              emulator_play.o (sty_set_screen_rotation)
./../../../../case/lib/applib_api.a(applib_api925.o)
                              emulator_main.o (sys_get_app_theme_res_dir)
./../../../../case/lib/applib_api.a(applib_api941.o)
                              emulator_scene.o (sys_get_app_string_res_dir)
./../../../../case/lib/applib_api.a(applib_api949.o)
                              emulator_scene.o (sys_get_cur_language_codes)
./../../../../case/lib/applib_api.a(applib_api957.o)
                              emulator_scene.o (sys_get_cur_language_id)
./../../../../case/lib/applib_api.a(applib_api997.o)
                              emulator_scene.o (sys_get_default_font_file)
./../../../../psp_rel/lib/libc_sys_api.a(libc_sys_api103.o)
                              emulator_play.o (execl)
./../../../../psp_rel/lib/libc_sys_api.a(libc_sys_api15.o)
                              ./../../../../psp_rel/lib/libcrt/crtend1.o (__kernel_release_pid)
./../../../../psp_rel/lib/libc_sys_api.a(libc_sys_api151.o)
                              em_second_level_menu.o (getpid)
./../../../../psp_rel/lib/libc_sys_api.a(libc_sys_api159.o)
                              emulator_play.o (wait)
./../../../../psp_rel/lib/libc_sys_api.a(libc_sys_api186.o)
                              emulator_play.o (putenv)
./../../../../psp_rel/lib/libc_sys_api.a(libc_sys_api210.o)
                              ./../../../../psp_rel/lib/libcrt/crtend1.o (__kernel_set_envp)
./../../../../psp_rel/lib/libc_sys_api.a(libc_sys_api23.o)
                              ./../../../../psp_rel/lib/libcrt/crtend1.o (__kernel_get_process_struct)
./../../../../psp_rel/lib/libc_sys_api.a(libc_sys_api261.o)
                              em_second_level_menu.o (__errno)
./../../../../psp_rel/lib/libc_sys_api.a(libc_sys_api269.o)
                              ./../../../../psp_rel/lib/libcrt/crtend1.o (__current_pid)
./../../../../psp_rel/lib/libc_sys_api.a(libc_sys_api285.o)
                              ./../../../../psp_rel/lib/libcrt/crtend1.o (__kernel_insert_sub_to_parent)
./../../../../psp_rel/lib/libc_sys_api.a(libc_sys_api293.o)
                              ./../../../../psp_rel/lib/libcrt/crtend1.o (__kernel_remove_sub_from_parent)
./../../../../psp_rel/lib/libc_sys_api.a(libc_sys_api320.o)
                              emulator_sys_dep.o (mq_open)
./../../../../psp_rel/lib/libc_sys_api.a(libc_sys_api328.o)
                              emulator_sys_dep.o (mq_close)
./../../../../psp_rel/lib/libc_sys_api.a(libc_sys_api336.o)
                              emulator_main.o (mq_unlink)
./../../../../psp_rel/lib/libc_sys_api.a(libc_sys_api344.o)
                              emulator_sys_dep.o (mq_send)
./../../../../psp_rel/lib/libc_sys_api.a(libc_sys_api360.o)
                              emulator_sys_dep.o (mq_receive)
./../../../../psp_rel/lib/libc_sys_api.a(libc_sys_api368.o)
                              emulator_sys_dep.o (mq_timedreceive)
./../../../../psp_rel/lib/libc_sys_api.a(libc_sys_api590.o)
                              ./../../../../psp_rel/lib/libcrt/crtend1.o (pthread_create)
./../../../../psp_rel/lib/libc_sys_api.a(libc_sys_api7.o)
                              ./../../../../psp_rel/lib/libcrt/crtend1.o (__kernel_get_pid)
./../../../../psp_rel/lib/libc_sys_api.a(libc_sys_api718.o)
                              ./../../../../psp_rel/lib/libcrt/crtend1.o (pthread_attr_init)
./../../../../psp_rel/lib/libc_sys_api.a(libc_sys_api726.o)
                              ./../../../../psp_rel/lib/libcrt/crtend1.o (pthread_attr_destroy)
./../../../../psp_rel/lib/libc_sys_api.a(libc_sys_api734.o)
                              ./../../../../psp_rel/lib/libcrt/crtend1.o (pthread_attr_setinheritsched)
./../../../../psp_rel/lib/libc_sys_api.a(libc_sys_api750.o)
                              ./../../../../psp_rel/lib/libcrt/crtend1.o (pthread_attr_setdetachstate)
./../../../../psp_rel/lib/libc_sys_api.a(libc_sys_api862.o)
                              emulator_sys_dep.o (exit)
./../../../../psp_rel/lib/libc_sys_api.a(libc_sys_api87.o)
                              ./../../../../psp_rel/lib/libcrt/crtend1.o (_kernel_change_thread_pid)
./../../../../psp_rel/lib/libc_sys_api.a(libc_sys_api870.o)
                              em_first_level_menu.o (sleep)
./../../../../psp_rel/lib/libc_sys_api.a(libc_sys_api878.o)
                              emulator_play.o (usleep)
./../../../../psp_rel/lib/libc_sys_api.a(libc_sys_api886.o)
                              emulator_sys_dep.o (clock_gettime)
./../../../../psp_rel/lib/libc/libc_sysindep.a(sprintf.o)
                              em_first_level_menu.o (sprintf)
./../../../../psp_rel/lib/libc/libc_sysindep.a(vsprintf.o)
                              ./../../../../psp_rel/lib/libc/libc_sysindep.a(sprintf.o) (vsprintf)
./../../../../psp_rel/lib/libc/libc_sysindep.a(memcpy.o)
                              em_fourth_level_menu.o (memcpy)
./../../../../psp_rel/lib/libc/libc_sysindep.a(memset.o)
                              em_first_level_menu.o (memset)
./../../../../psp_rel/lib/libc/libc_sysindep.a(strcmp.o)
                              em_second_level_menu.o (strcmp)
./../../../../psp_rel/lib/libc/libc_sysindep.a(strcpy.o)
                              em_first_level_menu.o (strcpy)
./../../../../psp_rel/lib/gui_api.a(gui_api270.o)
                              emulator_scene.o (gui_set_language_mode)
./../../../../psp_rel/lib/gui_api.a(gui_api350.o)
                              emulator_scene.o (gui_create_font)
./../../../../psp_rel/lib/gui_api.a(gui_api358.o)
                              emulator_scene.o (gui_destroy_font)
./../../../../psp_rel/lib/gui_api.a(gui_api486.o)
                              emulator_play.o (gui_screen_update)
./../../../../psp_rel/lib/gui_api.a(gui_api518.o)
                              emulator_scene.o (gui_wm_default_callback)
./../../../../psp_rel/lib/gui_api.a(gui_api582.o)
                              emulator_scene.o (gui_wm_create_window)
./../../../../psp_rel/lib/gui_api.a(gui_api598.o)
                              emulator_scene.o (gui_wm_set_focus)
./../../../../psp_rel/lib/gui_api.a(gui_api606.o)
                              emulator_scene.o (gui_wm_delete_window)
./../../../../psp_rel/lib/gui_api.a(gui_api646.o)
                              emulator_scene.o (gui_wm_set_size)
./../../../../psp_rel/lib/gui_api.a(gui_api694.o)
                              emulator_scene.o (gui_dc_get)
./../../../../psp_rel/lib/gui_api.a(gui_api710.o)
                              emulator_scene.o (gui_dc_set_default_fontface)
./../../../../psp_rel/lib/gui_api.a(gui_api734.o)
                              emulator_play.o (gui_dc_set_background_color)
./../../../../psp_rel/lib/gui_api.a(gui_api942.o)
                              emulator_play.o (gui_dc_clear)
./../../../../psp_rel/lib/apconfig_api.a(apconfig_api15.o)
                              em_second_level_menu.o (set_config)
./../../../../psp_rel/lib/apconfig_api.a(apconfig_api6.o)
                              em_second_level_menu.o (get_config)
./../../../../psp_rel/lib/syscall_api.a(syscall_api22.o)
                              ./../../../../psp_rel/lib/libcrt/crtend1.o (os_sched_lock)
./../../../../psp_rel/lib/syscall_api.a(syscall_api30.o)
                              ./../../../../psp_rel/lib/libcrt/crtend1.o (os_sched_unlock)
./../../../../psp_rel/lib/syscall_api.a(syscall_api406.o)
                              em_second_level_menu.o (printf)
./../../../../psp_rel/lib/syscall_api.a(syscall_api470.o)
                              emulator_scene.o (malloc)
./../../../../psp_rel/lib/syscall_api.a(syscall_api478.o)
                              emulator_scene.o (free)
./../../../../psp_rel/lib/syscall_api.a(syscall_api542.o)
                              em_engine.o (sys_mknod)
./../../../../psp_rel/lib/syscall_api.a(syscall_api854.o)
                              em_engine.o (insmod)
./../../../../psp_rel/lib/syscall_api.a(syscall_api862.o)
                              em_engine.o (rmmod)
./../../../../psp_rel/lib/syscall_api.a(syscall_api870.o)
                              emulator_main.o (dlopen)
./../../../../psp_rel/lib/syscall_api.a(syscall_api878.o)
                              emulator_main.o (dlclose)
./../../../../psp_rel/lib/kmodule_api.a(kmodule_api14.o)
                              ./../../../../psp_rel/lib/libcrt/crtend1.o (os_cpu_store_sr)
./../../../../psp_rel/lib/kmodule_api.a(kmodule_api6.o)
                              ./../../../../psp_rel/lib/libcrt/crtend1.o (os_cpu_save_sr)

Allocating common symbols
Common symbol       size              file

game_kind           0x80              emulator_main.o
pthread_mutex_type_t
                    0x4               em_engine.o
key_value           0x20              em_fourth_level_menu.o
romFullPath         0x400             em_first_level_menu.o
oldRomFile          0x400             em_first_level_menu.o
pthread_share_type_t
                    0x4               em_engine.o
emu_state           0x4               emulator_play.o
emu_cfg_info        0x28              emulator_play.o
third_level_items   0x6c              em_third_level_menu.o
second_level_items  0xb4              em_second_level_menu.o
commonui_style      0x4               emulator_main.o
fourth_level_items  0x144             em_fourth_level_menu.o
emuqueue            0xc               emulator_play.o
saveFilePath        0x400             em_first_level_menu.o
app_style           0x4               emulator_main.o

Memory Configuration

Name             Origin             Length             Attributes
*default*        0x0000000000000000 0xffffffffffffffff

Linker script and memory map


.init           0x0000000068800000       0x20
 *(.init)
 .init          0x0000000068800000        0x8 ./../../../../psp_rel/lib/libcrt/crti.o
                0x0000000068800000                _init
 .init          0x0000000068800008        0x8 ./../../../../psp_rel/lib/libcrt/crtend.o
 .init          0x0000000068800010       0x10 ./../../../../psp_rel/lib/libcrt/crtn.o

.text           0x0000000068800020     0x6ae7
 *(.text)
 .text          0x0000000068800020       0x44 em_engine.o
                0x0000000068800054                em_umount_drv
                0x0000000068800020                em_mount_drv
 .text          0x0000000068800064      0x228 em_first_level_menu.o
                0x0000000068800064                em_dirlist_enter
                0x0000000068800150                em_dirlist_exit
 .text          0x000000006880028c      0xa30 em_fourth_level_menu.o
                0x0000000068800448                em_fourth_level_menu_enter
                0x0000000068800738                set_keymap_proc_key
 .text          0x0000000068800cbc      0x848 em_second_level_menu.o
                0x0000000068800cbc                em_second_level_menu_enter
                0x0000000068800f58                em_second_level_menu_exit
 .text          0x0000000068801504      0x7bc em_third_level_menu.o
                0x0000000068801504                em_third_level_menu_enter
 .text          0x0000000068801cc0      0x5e8 emulator_main.o
                0x0000000068801db0                main
 .text          0x00000000688022a8     0x10a0 emulator_play.o
                0x0000000068802eac                emu_set_sound
                0x0000000068802d94                emu_save
                0x0000000068802a20                return_to_game_wiodows
                0x0000000068802be4                emu_continue
                0x0000000068802920                return_to_ui_wiodows
                0x000000006880303c                emu_set_keymap
                0x0000000068803210                onTimer
                0x0000000068802cc0                emu_play
                0x0000000068802338                _get_key_value_from_name
                0x0000000068802520                engine_cmd
                0x000000006880245c                _get_kayname_from_value
                0x0000000068802f74                emu_set_disp_mode
                0x0000000068802b08                emu_init
                0x0000000068802dc8                emu_exit
                0x0000000068802c18                emu_reset
                0x00000000688028bc                msg_key_server_enable
                0x0000000068802c50                emu_load
                0x0000000068802d34                emu_pause
                0x0000000068802594                open_emulator
 .text          0x0000000068803348     0x1390 emulator_scene.o
                0x0000000068803d14                emulator_scene_quit
                0x0000000068803654                em_create_menuview
                0x000000006880342c                em_delete_headbar
                0x00000000688040d0                scene_fusion_set_first_frame
                0x000000006880337c                em_create_headbar
                0x0000000068804144                scene_fusion_set_last_frame
                0x00000000688041b8                emulator_scene
                0x00000000688036cc                em_delete_menuview
 .text          0x00000000688046d8      0x28c emulator_sys_dep.o
                0x0000000068804750                emutest_mq_pend_timeout
                0x0000000068804874                emutest_lib_close
                0x00000000688046d8                emutest_mq_accept
                0x0000000068804838                emutest_lib_load
                0x00000000688046f8                emutest_mq_pend
                0x00000000688047e4                emutest_mq_post
                0x000000006880489c                emutest_mq_create
                0x0000000068804810                emutest_mq_destroy
 .text          0x0000000068804964        0xc ./../../../../case/lib/commonui_api.a(commonui_api103.o)
                0x0000000068804964                dialog_paint
 .text          0x0000000068804970        0xc ./../../../../case/lib/commonui_api.a(commonui_api111.o)
                0x0000000068804970                dialog_proc_gui
 .text          0x000000006880497c        0xc ./../../../../case/lib/commonui_api.a(commonui_api119.o)
                0x000000006880497c                dialog_create
 .text          0x0000000068804988        0xc ./../../../../case/lib/commonui_api.a(commonui_api127.o)
                0x0000000068804988                dialog_delete
 .text          0x0000000068804994        0xc ./../../../../case/lib/commonui_api.a(commonui_api135.o)
                0x0000000068804994                dialog_modal
 .text          0x00000000688049a0        0xc ./../../../../case/lib/commonui_api.a(commonui_api143.o)
                0x00000000688049a0                dirlist_create
 .text          0x00000000688049ac        0xc ./../../../../case/lib/commonui_api.a(commonui_api15.o)
                0x00000000688049ac                adjust_create
 .text          0x00000000688049b8        0xc ./../../../../case/lib/commonui_api.a(commonui_api151.o)
                0x00000000688049b8                dirlist_delete
 .text          0x00000000688049c4        0xc ./../../../../case/lib/commonui_api.a(commonui_api159.o)
                0x00000000688049c4                dirlist_paint
 .text          0x00000000688049d0        0xc ./../../../../case/lib/commonui_api.a(commonui_api167.o)
                0x00000000688049d0                dirlist_proc_gui
 .text          0x00000000688049dc        0xc ./../../../../case/lib/commonui_api.a(commonui_api178.o)
                0x00000000688049dc                dirlist_proc_sys
 .text          0x00000000688049e8        0xc ./../../../../case/lib/commonui_api.a(commonui_api186.o)
                0x00000000688049e8                dirlist_load_style
 .text          0x00000000688049f4        0xc ./../../../../case/lib/commonui_api.a(commonui_api194.o)
                0x00000000688049f4                dirlist_show
 .text          0x0000000068804a00        0xc ./../../../../case/lib/commonui_api.a(commonui_api202.o)
                0x0000000068804a00                dirlist_hide
 .text          0x0000000068804a0c        0xc ./../../../../case/lib/commonui_api.a(commonui_api23.o)
                0x0000000068804a0c                adjust_load_style
 .text          0x0000000068804a18        0xc ./../../../../case/lib/commonui_api.a(commonui_api31.o)
                0x0000000068804a18                adjust_delete
 .text          0x0000000068804a24        0xc ./../../../../case/lib/commonui_api.a(commonui_api320.o)
                0x0000000068804a24                headbar_load_style
 .text          0x0000000068804a30        0xc ./../../../../case/lib/commonui_api.a(commonui_api328.o)
                0x0000000068804a30                headbar_paint
 .text          0x0000000068804a3c        0xc ./../../../../case/lib/commonui_api.a(commonui_api344.o)
                0x0000000068804a3c                headbar_create
 .text          0x0000000068804a48        0xc ./../../../../case/lib/commonui_api.a(commonui_api352.o)
                0x0000000068804a48                headbar_delete
 .text          0x0000000068804a54        0xc ./../../../../case/lib/commonui_api.a(commonui_api39.o)
                0x0000000068804a54                adjust_paint
 .text          0x0000000068804a60        0xc ./../../../../case/lib/commonui_api.a(commonui_api416.o)
                0x0000000068804a60                menu_create
 .text          0x0000000068804a6c        0xc ./../../../../case/lib/commonui_api.a(commonui_api424.o)
                0x0000000068804a6c                menu_delete
 .text          0x0000000068804a78        0xc ./../../../../case/lib/commonui_api.a(commonui_api432.o)
                0x0000000068804a78                menu_set_cur_index
 .text          0x0000000068804a84        0xc ./../../../../case/lib/commonui_api.a(commonui_api490.o)
                0x0000000068804a84                menu_set_item
 .text          0x0000000068804a90        0xc ./../../../../case/lib/commonui_api.a(commonui_api514.o)
                0x0000000068804a90                menu_append_item
 .text          0x0000000068804a9c        0xc ./../../../../case/lib/commonui_api.a(commonui_api596.o)
                0x0000000068804a9c                menuview_create
 .text          0x0000000068804aa8        0xc ./../../../../case/lib/commonui_api.a(commonui_api604.o)
                0x0000000068804aa8                menuview_delete
 .text          0x0000000068804ab4        0xc ./../../../../case/lib/commonui_api.a(commonui_api612.o)
                0x0000000068804ab4                menuview_paint
 .text          0x0000000068804ac0        0xc ./../../../../case/lib/commonui_api.a(commonui_api620.o)
                0x0000000068804ac0                menuview_proc_gui
 .text          0x0000000068804acc        0xc ./../../../../case/lib/commonui_api.a(commonui_api628.o)
                0x0000000068804acc                menuview_load_style
 .text          0x0000000068804ad8        0xc ./../../../../case/lib/commonui_api.a(commonui_api63.o)
                0x0000000068804ad8                adjust_get_switch_status
 .text          0x0000000068804ae4        0xc ./../../../../case/lib/commonui_api.a(commonui_api636.o)
                0x0000000068804ae4                menuview_show
 .text          0x0000000068804af0        0xc ./../../../../case/lib/commonui_api.a(commonui_api644.o)
                0x0000000068804af0                menuview_hide
 .text          0x0000000068804afc        0xc ./../../../../case/lib/commonui_api.a(commonui_api652.o)
                0x0000000068804afc                menuview_set_menu
 .text          0x0000000068804b08        0x8 ./../../../../case/lib/commonui_api.a(commonui_api7.o)
                0x0000000068804b08                adjust_proc_gui
 .text          0x0000000068804b10        0xc ./../../../../case/lib/commonui_api.a(commonui_api708.o)
                0x0000000068804b10                msgbox_proc_gui
 .text          0x0000000068804b1c        0xc ./../../../../case/lib/commonui_api.a(commonui_api716.o)
                0x0000000068804b1c                msgbox_proc_sys
 .text          0x0000000068804b28        0xc ./../../../../case/lib/commonui_api.a(commonui_api724.o)
                0x0000000068804b28                msgbox_create
 .text          0x0000000068804b34        0xc ./../../../../case/lib/commonui_api.a(commonui_api732.o)
                0x0000000068804b34                msgbox_paint
 .text          0x0000000068804b40        0xc ./../../../../case/lib/commonui_api.a(commonui_api740.o)
                0x0000000068804b40                msgbox_delete
 .text          0x0000000068804b4c        0xc ./../../../../case/lib/commonui_api.a(commonui_api748.o)
                0x0000000068804b4c                msgbox_load_style
 .text          0x0000000068804b58        0xc ./../../../../case/lib/commonui_api.a(commonui_api876.o)
                0x0000000068804b58                volumebar_proc_gui
 .text          0x0000000068804b64        0xc ./../../../../case/lib/commonui_api.a(commonui_api884.o)
                0x0000000068804b64                volumebar_create
 .text          0x0000000068804b70        0xc ./../../../../case/lib/commonui_api.a(commonui_api892.o)
                0x0000000068804b70                volumebar_delete
 .text          0x0000000068804b7c        0xc ./../../../../case/lib/commonui_api.a(commonui_api900.o)
                0x0000000068804b7c                volumebar_paint
 .text          0x0000000068804b88        0xc ./../../../../case/lib/commonui_api.a(commonui_api908.o)
                0x0000000068804b88                volumebar_load_style
 .text          0x0000000068804b94        0xc ./../../../../case/lib/commonui_api.a(commonui_api95.o)
                0x0000000068804b94                dialog_load_style
 .text          0x0000000068804ba0       0x10 ./../../../../case/lib/style_api.a(style_api16.o)
                0x0000000068804ba0                close_style_file
 .text          0x0000000068804bb0       0x10 ./../../../../case/lib/style_api.a(style_api26.o)
                0x0000000068804bb0                load_scene
 .text          0x0000000068804bc0       0x10 ./../../../../case/lib/style_api.a(style_api35.o)
                0x0000000068804bc0                free_scene
 .text          0x0000000068804bd0       0x10 ./../../../../case/lib/style_api.a(style_api47.o)
                0x0000000068804bd0                get_scene_child
 .text          0x0000000068804be0        0xc ./../../../../case/lib/style_api.a(style_api7.o)
                0x0000000068804be0                open_style_file
 .text          0x0000000068804bec        0xc ./../../../../case/lib/fusion_api.a(fusion_api15.o)
                0x0000000068804bec                fusion_set_first_frame
 .text          0x0000000068804bf8        0xc ./../../../../case/lib/fusion_api.a(fusion_api23.o)
                0x0000000068804bf8                fusion_set_last_frame
 .text          0x0000000068804c04        0xc ./../../../../case/lib/fusion_api.a(fusion_api31.o)
                0x0000000068804c04                fusion_display
 .text          0x0000000068804c10        0xc ./../../../../case/lib/fusion_api.a(fusion_api47.o)
                0x0000000068804c10                fusion_get_config
 .text          0x0000000068804c1c        0x8 ./../../../../case/lib/fusion_api.a(fusion_api7.o)
                0x0000000068804c1c                fusion_set_effect
 .text          0x0000000068804c24        0xc ./../../../../case/lib/applib_api.a(applib_api1013.o)
                0x0000000068804c24                sys_forbid_screensaver
 .text          0x0000000068804c30        0xc ./../../../../case/lib/applib_api.a(applib_api1037.o)
                0x0000000068804c30                sys_forbid_auto_standby
 .text          0x0000000068804c3c        0xc ./../../../../case/lib/applib_api.a(applib_api1149.o)
                0x0000000068804c3c                sys_set_key_tone_enable
 .text          0x0000000068804c48        0xc ./../../../../case/lib/applib_api.a(applib_api1157.o)
                0x0000000068804c48                sys_pm_set_clk_domain
 .text          0x0000000068804c54        0xc ./../../../../case/lib/applib_api.a(applib_api1165.o)
                0x0000000068804c54                sys_pm_clear_clk_domain
 .text          0x0000000068804c60        0xc ./../../../../case/lib/applib_api.a(applib_api119.o)
                0x0000000068804c60                set_timer
 .text          0x0000000068804c6c        0xc ./../../../../case/lib/applib_api.a(applib_api1197.o)
                0x0000000068804c6c                sys_get_common_theme_res_dir
 .text          0x0000000068804c78        0xc ./../../../../case/lib/applib_api.a(applib_api1205.o)
                0x0000000068804c78                sys_get_common_string_res_dir
 .text          0x0000000068804c84        0xc ./../../../../case/lib/applib_api.a(applib_api1261.o)
                0x0000000068804c84                sys_get_main_disk
 .text          0x0000000068804c90        0xc ./../../../../case/lib/applib_api.a(applib_api1285.o)
                0x0000000068804c90                canvas_get_focus
 .text          0x0000000068804c9c        0xc ./../../../../case/lib/applib_api.a(applib_api159.o)
                0x0000000068804c9c                kill_timer
 .text          0x0000000068804ca8        0xc ./../../../../case/lib/applib_api.a(applib_api282.o)
                0x0000000068804ca8                get_user_bg_pic
 .text          0x0000000068804cb4        0xc ./../../../../case/lib/applib_api.a(applib_api439.o)
                0x0000000068804cb4                applib_init
 .text          0x0000000068804cc0        0xc ./../../../../case/lib/applib_api.a(applib_api447.o)
                0x0000000068804cc0                applib_quit
 .text          0x0000000068804ccc        0xc ./../../../../case/lib/applib_api.a(applib_api455.o)
                0x0000000068804ccc                get_msg
 .text          0x0000000068804cd8        0xc ./../../../../case/lib/applib_api.a(applib_api465.o)
                0x0000000068804cd8                send_sync_msg
 .text          0x0000000068804ce4        0xc ./../../../../case/lib/applib_api.a(applib_api473.o)
                0x0000000068804ce4                reply_sync_msg
 .text          0x0000000068804cf0        0xc ./../../../../case/lib/applib_api.a(applib_api481.o)
                0x0000000068804cf0                send_async_msg
 .text          0x0000000068804cfc        0xc ./../../../../case/lib/applib_api.a(applib_api497.o)
                0x0000000068804cfc                dispatch_msg
 .text          0x0000000068804d08        0xc ./../../../../case/lib/applib_api.a(applib_api505.o)
                0x0000000068804d08                register_sys_dispatcher
 .text          0x0000000068804d14        0xc ./../../../../case/lib/applib_api.a(applib_api513.o)
                0x0000000068804d14                unregister_sys_dispatcher
 .text          0x0000000068804d20        0xc ./../../../../case/lib/applib_api.a(applib_api521.o)
                0x0000000068804d20                exit_msg_loop
 .text          0x0000000068804d2c        0xc ./../../../../case/lib/applib_api.a(applib_api579.o)
                0x0000000068804d2c                sty_open_common_pic_res
 .text          0x0000000068804d38        0xc ./../../../../case/lib/applib_api.a(applib_api587.o)
                0x0000000068804d38                sty_open_common_str_res
 .text          0x0000000068804d44        0xc ./../../../../case/lib/applib_api.a(applib_api595.o)
                0x0000000068804d44                sty_close_common_pic_res
 .text          0x0000000068804d50        0xc ./../../../../case/lib/applib_api.a(applib_api603.o)
                0x0000000068804d50                sty_close_common_str_res
 .text          0x0000000068804d5c        0xc ./../../../../case/lib/applib_api.a(applib_api611.o)
                0x0000000068804d5c                sty_open_app_pic_res
 .text          0x0000000068804d68        0xc ./../../../../case/lib/applib_api.a(applib_api619.o)
                0x0000000068804d68                sty_open_app_str_res
 .text          0x0000000068804d74        0xc ./../../../../case/lib/applib_api.a(applib_api627.o)
                0x0000000068804d74                sty_close_app_pic_res
 .text          0x0000000068804d80        0xc ./../../../../case/lib/applib_api.a(applib_api635.o)
                0x0000000068804d80                sty_close_app_str_res
 .text          0x0000000068804d8c        0xc ./../../../../case/lib/applib_api.a(applib_api643.o)
                0x0000000068804d8c                sty_set_app_scene
 .text          0x0000000068804d98        0xc ./../../../../case/lib/applib_api.a(applib_api651.o)
                0x0000000068804d98                sty_get_app_scene
 .text          0x0000000068804da4        0xc ./../../../../case/lib/applib_api.a(applib_api659.o)
                0x0000000068804da4                sty_set_common_scene
 .text          0x0000000068804db0        0xc ./../../../../case/lib/applib_api.a(applib_api675.o)
                0x0000000068804db0                sty_set_text_encoding
 .text          0x0000000068804dbc        0xc ./../../../../case/lib/applib_api.a(applib_api827.o)
                0x0000000068804dbc                sty_draw_bitmap
 .text          0x0000000068804dc8        0xc ./../../../../case/lib/applib_api.a(applib_api843.o)
                0x0000000068804dc8                sty_create_bitmap
 .text          0x0000000068804dd4        0xc ./../../../../case/lib/applib_api.a(applib_api859.o)
                0x0000000068804dd4                sty_delete_bitmap
 .text          0x0000000068804de0        0xc ./../../../../case/lib/applib_api.a(applib_api883.o)
                0x0000000068804de0                sty_get_view_rotation
 .text          0x0000000068804dec        0xc ./../../../../case/lib/applib_api.a(applib_api891.o)
                0x0000000068804dec                sty_set_screen_rotation
 .text          0x0000000068804df8        0xc ./../../../../case/lib/applib_api.a(applib_api925.o)
                0x0000000068804df8                sys_get_app_theme_res_dir
 .text          0x0000000068804e04        0xc ./../../../../case/lib/applib_api.a(applib_api941.o)
                0x0000000068804e04                sys_get_app_string_res_dir
 .text          0x0000000068804e10        0xc ./../../../../case/lib/applib_api.a(applib_api949.o)
                0x0000000068804e10                sys_get_cur_language_codes
 .text          0x0000000068804e1c        0xc ./../../../../case/lib/applib_api.a(applib_api957.o)
                0x0000000068804e1c                sys_get_cur_language_id
 .text          0x0000000068804e28        0xc ./../../../../case/lib/applib_api.a(applib_api997.o)
                0x0000000068804e28                sys_get_default_font_file
 .text          0x0000000068804e34       0x68 ./../../../../psp_rel/lib/libcrt/crtbegin.o
                0x0000000068804e34                __do_global_dtors_aux
 .text          0x0000000068804e9c        0x8 ./../../../../psp_rel/lib/libcrt/crtbegin1.o
                0x0000000068804e9c                exec_release
 .text          0x0000000068804ea4      0x338 ./../../../../psp_rel/lib/libcrt/crtend1.o
                0x0000000068804ea4                dumpargv
                0x0000000068804f00                process_start
                0x0000000068804fcc                __start
 .text          0x00000000688051dc       0x68 ./../../../../psp_rel/lib/libcrt/crtend.o
                0x00000000688051dc                __do_global_ctors_aux
 .text          0x0000000068805244        0xc ./../../../../psp_rel/lib/libc_sys_api.a(libc_sys_api103.o)
                0x0000000068805244                execl
 .text          0x0000000068805250        0xc ./../../../../psp_rel/lib/libc_sys_api.a(libc_sys_api15.o)
                0x0000000068805250                __kernel_release_pid
 .text          0x000000006880525c        0xc ./../../../../psp_rel/lib/libc_sys_api.a(libc_sys_api151.o)
                0x000000006880525c                getpid
 .text          0x0000000068805268        0xc ./../../../../psp_rel/lib/libc_sys_api.a(libc_sys_api159.o)
                0x0000000068805268                wait
 .text          0x0000000068805274        0xc ./../../../../psp_rel/lib/libc_sys_api.a(libc_sys_api186.o)
                0x0000000068805274                putenv
 .text          0x0000000068805280        0xc ./../../../../psp_rel/lib/libc_sys_api.a(libc_sys_api210.o)
                0x0000000068805280                __kernel_set_envp
 .text          0x000000006880528c        0xc ./../../../../psp_rel/lib/libc_sys_api.a(libc_sys_api23.o)
                0x000000006880528c                __kernel_get_process_struct
 .text          0x0000000068805298        0xc ./../../../../psp_rel/lib/libc_sys_api.a(libc_sys_api261.o)
                0x0000000068805298                __errno
 .text          0x00000000688052a4        0xc ./../../../../psp_rel/lib/libc_sys_api.a(libc_sys_api269.o)
                0x00000000688052a4                __current_pid
 .text          0x00000000688052b0        0xc ./../../../../psp_rel/lib/libc_sys_api.a(libc_sys_api285.o)
                0x00000000688052b0                __kernel_insert_sub_to_parent
 .text          0x00000000688052bc        0xc ./../../../../psp_rel/lib/libc_sys_api.a(libc_sys_api293.o)
                0x00000000688052bc                __kernel_remove_sub_from_parent
 .text          0x00000000688052c8        0xc ./../../../../psp_rel/lib/libc_sys_api.a(libc_sys_api320.o)
                0x00000000688052c8                mq_open
 .text          0x00000000688052d4        0xc ./../../../../psp_rel/lib/libc_sys_api.a(libc_sys_api328.o)
                0x00000000688052d4                mq_close
 .text          0x00000000688052e0        0xc ./../../../../psp_rel/lib/libc_sys_api.a(libc_sys_api336.o)
                0x00000000688052e0                mq_unlink
 .text          0x00000000688052ec        0xc ./../../../../psp_rel/lib/libc_sys_api.a(libc_sys_api344.o)
                0x00000000688052ec                mq_send
 .text          0x00000000688052f8        0xc ./../../../../psp_rel/lib/libc_sys_api.a(libc_sys_api360.o)
                0x00000000688052f8                mq_receive
 .text          0x0000000068805304        0xc ./../../../../psp_rel/lib/libc_sys_api.a(libc_sys_api368.o)
                0x0000000068805304                mq_timedreceive
 .text          0x0000000068805310        0xc ./../../../../psp_rel/lib/libc_sys_api.a(libc_sys_api590.o)
                0x0000000068805310                pthread_create
 .text          0x000000006880531c        0xc ./../../../../psp_rel/lib/libc_sys_api.a(libc_sys_api7.o)
                0x000000006880531c                __kernel_get_pid
 .text          0x0000000068805328        0xc ./../../../../psp_rel/lib/libc_sys_api.a(libc_sys_api718.o)
                0x0000000068805328                pthread_attr_init
 .text          0x0000000068805334        0xc ./../../../../psp_rel/lib/libc_sys_api.a(libc_sys_api726.o)
                0x0000000068805334                pthread_attr_destroy
 .text          0x0000000068805340        0xc ./../../../../psp_rel/lib/libc_sys_api.a(libc_sys_api734.o)
                0x0000000068805340                pthread_attr_setinheritsched
 .text          0x000000006880534c        0xc ./../../../../psp_rel/lib/libc_sys_api.a(libc_sys_api750.o)
                0x000000006880534c                pthread_attr_setdetachstate
 .text          0x0000000068805358        0xc ./../../../../psp_rel/lib/libc_sys_api.a(libc_sys_api862.o)
                0x0000000068805358                exit
 .text          0x0000000068805364        0xc ./../../../../psp_rel/lib/libc_sys_api.a(libc_sys_api87.o)
                0x0000000068805364                _kernel_change_thread_pid
 .text          0x0000000068805370        0xc ./../../../../psp_rel/lib/libc_sys_api.a(libc_sys_api870.o)
                0x0000000068805370                sleep
 .text          0x000000006880537c        0xc ./../../../../psp_rel/lib/libc_sys_api.a(libc_sys_api878.o)
                0x000000006880537c                usleep
 .text          0x0000000068805388        0xc ./../../../../psp_rel/lib/libc_sys_api.a(libc_sys_api886.o)
                0x0000000068805388                clock_gettime
 .text          0x0000000068805394       0x28 ./../../../../psp_rel/lib/libc/libc_sysindep.a(sprintf.o)
                0x0000000068805394                sprintf
 .text          0x00000000688053bc      0x9fc ./../../../../psp_rel/lib/libc/libc_sysindep.a(vsprintf.o)
                0x000000006880567c                vsprintf
 .text          0x0000000068805db8       0x50 ./../../../../psp_rel/lib/libc/libc_sysindep.a(memcpy.o)
                0x0000000068805db8                memcpy
                0x0000000068805de0                bcopy
 .text          0x0000000068805e08       0x44 ./../../../../psp_rel/lib/libc/libc_sysindep.a(memset.o)
                0x0000000068805e2c                bzero
                0x0000000068805e08                memset
 .text          0x0000000068805e4c       0x78 ./../../../../psp_rel/lib/libc/libc_sysindep.a(strcmp.o)
                0x0000000068805e78                strcoll
                0x0000000068805e80                strncmp
                0x0000000068805e4c                strcmp
 .text          0x0000000068805ec4       0x80 ./../../../../psp_rel/lib/libc/libc_sysindep.a(strcpy.o)
                0x0000000068805ec4                strcpy
                0x0000000068805ef0                strncpy
 .text          0x0000000068805f44        0xc ./../../../../psp_rel/lib/gui_api.a(gui_api270.o)
                0x0000000068805f44                gui_set_language_mode
 .text          0x0000000068805f50        0xc ./../../../../psp_rel/lib/gui_api.a(gui_api350.o)
                0x0000000068805f50                gui_create_font
 .text          0x0000000068805f5c        0xc ./../../../../psp_rel/lib/gui_api.a(gui_api358.o)
                0x0000000068805f5c                gui_destroy_font
 .text          0x0000000068805f68        0xc ./../../../../psp_rel/lib/gui_api.a(gui_api486.o)
                0x0000000068805f68                gui_screen_update
 .text          0x0000000068805f74        0xc ./../../../../psp_rel/lib/gui_api.a(gui_api518.o)
                0x0000000068805f74                gui_wm_default_callback
 .text          0x0000000068805f80        0xc ./../../../../psp_rel/lib/gui_api.a(gui_api582.o)
                0x0000000068805f80                gui_wm_create_window
 .text          0x0000000068805f8c        0xc ./../../../../psp_rel/lib/gui_api.a(gui_api598.o)
                0x0000000068805f8c                gui_wm_set_focus
 .text          0x0000000068805f98        0xc ./../../../../psp_rel/lib/gui_api.a(gui_api606.o)
                0x0000000068805f98                gui_wm_delete_window
 .text          0x0000000068805fa4        0xc ./../../../../psp_rel/lib/gui_api.a(gui_api646.o)
                0x0000000068805fa4                gui_wm_set_size
 .text          0x0000000068805fb0        0xc ./../../../../psp_rel/lib/gui_api.a(gui_api694.o)
                0x0000000068805fb0                gui_dc_get
 .text          0x0000000068805fbc        0xc ./../../../../psp_rel/lib/gui_api.a(gui_api710.o)
                0x0000000068805fbc                gui_dc_set_default_fontface
 .text          0x0000000068805fc8        0xc ./../../../../psp_rel/lib/gui_api.a(gui_api734.o)
                0x0000000068805fc8                gui_dc_set_background_color
 .text          0x0000000068805fd4        0xc ./../../../../psp_rel/lib/gui_api.a(gui_api942.o)
                0x0000000068805fd4                gui_dc_clear
 .text          0x0000000068805fe0       0x10 ./../../../../psp_rel/lib/apconfig_api.a(apconfig_api15.o)
                0x0000000068805fe0                set_config
 .text          0x0000000068805ff0        0xc ./../../../../psp_rel/lib/apconfig_api.a(apconfig_api6.o)
                0x0000000068805ff0                get_config
 .text          0x0000000068805ffc        0xc ./../../../../psp_rel/lib/syscall_api.a(syscall_api22.o)
                0x0000000068805ffc                os_sched_lock
 .text          0x0000000068806008        0xc ./../../../../psp_rel/lib/syscall_api.a(syscall_api30.o)
                0x0000000068806008                os_sched_unlock
 .text          0x0000000068806014        0xc ./../../../../psp_rel/lib/syscall_api.a(syscall_api406.o)
                0x0000000068806014                printf
 .text          0x0000000068806020        0xc ./../../../../psp_rel/lib/syscall_api.a(syscall_api470.o)
                0x0000000068806020                malloc
 .text          0x000000006880602c        0xc ./../../../../psp_rel/lib/syscall_api.a(syscall_api478.o)
                0x000000006880602c                free
 .text          0x0000000068806038        0xc ./../../../../psp_rel/lib/syscall_api.a(syscall_api542.o)
                0x0000000068806038                sys_mknod
 .text          0x0000000068806044        0xc ./../../../../psp_rel/lib/syscall_api.a(syscall_api854.o)
                0x0000000068806044                insmod
 .text          0x0000000068806050        0xc ./../../../../psp_rel/lib/syscall_api.a(syscall_api862.o)
                0x0000000068806050                rmmod
 .text          0x000000006880605c        0xc ./../../../../psp_rel/lib/syscall_api.a(syscall_api870.o)
                0x000000006880605c                dlopen
 .text          0x0000000068806068        0xc ./../../../../psp_rel/lib/syscall_api.a(syscall_api878.o)
                0x0000000068806068                dlclose
 .text          0x0000000068806074        0xc ./../../../../psp_rel/lib/kmodule_api.a(kmodule_api14.o)
                0x0000000068806074                os_cpu_store_sr
 .text          0x0000000068806080        0x8 ./../../../../psp_rel/lib/kmodule_api.a(kmodule_api6.o)
                0x0000000068806080                os_cpu_save_sr
 *(.rodata)
 .rodata        0x0000000068806088       0x20 em_fourth_level_menu.o
 .rodata        0x00000000688060a8       0x14 em_second_level_menu.o
 .rodata        0x00000000688060bc       0x44 em_third_level_menu.o
 .rodata        0x0000000068806100       0x1c emulator_main.o
 .rodata        0x000000006880611c       0x58 emulator_play.o
 .rodata        0x0000000068806174       0x18 ./../../../../psp_rel/lib/libcrt/crtend1.o
 .rodata        0x000000006880618c      0x194 ./../../../../psp_rel/lib/libc/libc_sysindep.a(vsprintf.o)
 *(.rodata.*)
 .rodata.str1.4
                0x0000000068806320       0x18 em_engine.o
 .rodata.str1.4
                0x0000000068806338        0x5 em_first_level_menu.o
                                          0x8 (size before relaxing)
 *fill*         0x000000006880633d        0x3 00
 .rodata.str1.4
                0x0000000068806340       0xb5 em_fourth_level_menu.o
                                         0xb8 (size before relaxing)
 *fill*         0x00000000688063f5        0x3 00
 .rodata.str1.4
                0x00000000688063f8       0x7b em_second_level_menu.o
                                         0x7c (size before relaxing)
 *fill*         0x0000000068806473        0x1 00
 .rodata.str1.4
                0x0000000068806474       0x6a em_third_level_menu.o
                                         0x6c (size before relaxing)
 *fill*         0x00000000688064de        0x2 00
 .rodata.str1.4
                0x00000000688064e0      0x274 emulator_main.o
 .rodata.str1.4
                0x0000000068806754      0x2a6 emulator_play.o
                                        0x304 (size before relaxing)
 *fill*         0x00000000688069fa        0x2 00
 .rodata.str1.4
                0x00000000688069fc       0x29 emulator_scene.o
                                         0x44 (size before relaxing)
 *fill*         0x0000000068806a25        0x3 00
 .rodata.str1.4
                0x0000000068806a28       0x85 ./../../../../psp_rel/lib/libcrt/crtend1.o
                                         0x88 (size before relaxing)
 *fill*         0x0000000068806aad        0x3 00
 .rodata.str1.4
                0x0000000068806ab0       0x57 ./../../../../psp_rel/lib/libc/libc_sysindep.a(vsprintf.o)
                                         0x58 (size before relaxing)

.fini           0x0000000068806b08       0x20
 *(.fini)
 .fini          0x0000000068806b08        0x8 ./../../../../psp_rel/lib/libcrt/crti.o
                0x0000000068806b08                _fini
 .fini          0x0000000068806b10        0x8 ./../../../../psp_rel/lib/libcrt/crtbegin.o
 .fini          0x0000000068806b18       0x10 ./../../../../psp_rel/lib/libcrt/crtn.o
                0x0000000068807000                . = ALIGN (0x1000)

.ctors          0x0000000068807000        0x8
 *crtbegin*.o(.ctors)
 .ctors         0x0000000068807000        0x4 ./../../../../psp_rel/lib/libcrt/crtbegin.o
                0x0000000068807000                __CTOR_LIST__
 *(EXCLUDE_FILE(*crtend*.o) .ctors)
 *(SORT(.ctors.*))
 *(.ctors)
 .ctors         0x0000000068807004        0x4 ./../../../../psp_rel/lib/libcrt/crtend.o
                0x0000000068807004                __CTOR_END__

.dtors          0x0000000068807008        0xc
 *crtbegin*.o(.dtors)
 .dtors         0x0000000068807008        0x4 ./../../../../psp_rel/lib/libcrt/crtbegin.o
                0x0000000068807008                __DTOR_LIST__
 .dtors         0x000000006880700c        0x4 ./../../../../psp_rel/lib/libcrt/crtbegin1.o
 *(EXCLUDE_FILE(*crtend*.o) .dtors)
 *(SORT(.dtors.*))
 *(.dtors)
 .dtors         0x0000000068807010        0x4 ./../../../../psp_rel/lib/libcrt/crtend.o
                0x0000000068807010                __DTOR_END__

.data           0x0000000068807014        0x0
 *(.data)
 *(.sdata)

.sbss
 *(.sbss)
 *(.scommon)

.bss            0x0000000068807014     0x129c
 *(.bss)
 .bss           0x0000000068807014        0x4 em_first_level_menu.o
                0x0000000068807014                firstLevelMenu
 .bss           0x0000000068807018      0x324 em_fourth_level_menu.o
                0x0000000068807018                fourthLevelMenu
 .bss           0x000000006880733c        0x8 em_second_level_menu.o
                0x000000006880733c                showSaveItem
                0x0000000068807340                secondLevelMenu
 .bss           0x0000000068807344        0x4 em_third_level_menu.o
                0x0000000068807344                thirdLevelMenu
 .bss           0x0000000068807348        0x8 emulator_main.o
                0x0000000068807348                start_byFileNavi
                0x000000006880734c                gameType
 .bss           0x0000000068807350        0x4 emulator_play.o
                0x0000000068807350                timer_id
 .bss           0x0000000068807354       0x10 emulator_scene.o
                0x0000000068807354                msgbox_exist
                0x0000000068807358                g_scene_emulator
                0x000000006880735c                enter_type
                0x0000000068807360                sys_msg_type
 *(COMMON)
 COMMON         0x0000000068807364        0x8 em_engine.o
                0x0000000068807364                pthread_mutex_type_t
                0x0000000068807368                pthread_share_type_t
 COMMON         0x000000006880736c      0xc00 em_first_level_menu.o
                0x000000006880736c                romFullPath
                0x000000006880776c                oldRomFile
                0x0000000068807b6c                saveFilePath
 COMMON         0x0000000068807f6c      0x164 em_fourth_level_menu.o
                0x0000000068807f6c                key_value
                0x0000000068807f8c                fourth_level_items
 COMMON         0x00000000688080d0       0xb4 em_second_level_menu.o
                0x00000000688080d0                second_level_items
 COMMON         0x0000000068808184       0x6c em_third_level_menu.o
                0x0000000068808184                third_level_items
 COMMON         0x00000000688081f0       0x88 emulator_main.o
                0x00000000688081f0                game_kind
                0x0000000068808270                commonui_style
                0x0000000068808274                app_style
 COMMON         0x0000000068808278       0x38 emulator_play.o
                0x0000000068808278                emu_state
                0x000000006880827c                emu_cfg_info
                0x00000000688082a4                emuqueue

.rel.dyn
Address of section .init set to 0x68800000
LOAD em_engine.o
LOAD em_first_level_menu.o
LOAD em_fourth_level_menu.o
LOAD em_second_level_menu.o
LOAD em_third_level_menu.o
LOAD emulator_main.o
LOAD emulator_play.o
LOAD emulator_scene.o
LOAD emulator_sys_dep.o
LOAD ./../../../../case/lib/commonui_api.a
LOAD ./../../../../case/lib/style_api.a
LOAD ./../../../../case/lib/fusion_api.a
LOAD ./../../../../case/lib/applib_api.a
LOAD ./../../../../psp_rel/lib/libcom.a
LOAD ./../../../../psp_rel/lib/libcrt/crti.o
LOAD ./../../../../psp_rel/lib/libcrt/crtbegin.o
LOAD ./../../../../psp_rel/lib/libcrt/crtbegin1.o
LOAD ./../../../../psp_rel/lib/libcrt/crtend1.o
LOAD ./../../../../psp_rel/lib/libcrt/crtend.o
LOAD ./../../../../psp_rel/lib/libcrt/crtn.o
LOAD ./../../../../psp_rel/lib/ime_api.a
LOAD ./../../../../psp_rel/lib/mlang_api.a
LOAD ./../../../../psp_rel/lib/mnavi_api.a
LOAD ./../../../../psp_rel/lib/plist_api.a
LOAD ./../../../../psp_rel/lib/sqlite_api.a
LOAD ./../../../../psp_rel/lib/libc_sys_api.a
LOAD ./../../../../psp_rel/lib/libc_fs_api.a
LOAD ./../../../../psp_rel/lib/libc/libc_sysindep.a
LOAD ./../../../../psp_rel/lib/gui_api.a
LOAD ./../../../../psp_rel/lib/mmm_api.a
LOAD ./../../../../psp_rel/lib/transimage.a
LOAD ./../../../../psp_rel/lib/apconfig_api.a
LOAD ./../../../../psp_rel/lib/syscall_api.a
LOAD ./../../../../psp_rel/lib/kmodule_api.a
OUTPUT(./../../../../case/images/apps/emulator/emulator.app elf32-tradlittlemips)

.reginfo        0x0000000000000000       0x18
 .reginfo       0x0000000000000000       0x18 em_engine.o

.pdr            0x0000000000000000     0x2080
 .pdr           0x0000000000000000       0x40 em_engine.o
 .pdr           0x0000000000000040       0x60 em_first_level_menu.o
 .pdr           0x00000000000000a0       0xe0 em_fourth_level_menu.o
 .pdr           0x0000000000000180      0x160 em_second_level_menu.o
 .pdr           0x00000000000002e0      0x100 em_third_level_menu.o
 .pdr           0x00000000000003e0       0x40 emulator_main.o
 .pdr           0x0000000000000420      0x2e0 emulator_play.o
 .pdr           0x0000000000000700      0x280 emulator_scene.o
 .pdr           0x0000000000000980      0x100 emulator_sys_dep.o
 .pdr           0x0000000000000a80       0x20 ./../../../../case/lib/commonui_api.a(commonui_api103.o)
 .pdr           0x0000000000000aa0       0x20 ./../../../../case/lib/commonui_api.a(commonui_api111.o)
 .pdr           0x0000000000000ac0       0x20 ./../../../../case/lib/commonui_api.a(commonui_api119.o)
 .pdr           0x0000000000000ae0       0x20 ./../../../../case/lib/commonui_api.a(commonui_api127.o)
 .pdr           0x0000000000000b00       0x20 ./../../../../case/lib/commonui_api.a(commonui_api135.o)
 .pdr           0x0000000000000b20       0x20 ./../../../../case/lib/commonui_api.a(commonui_api143.o)
 .pdr           0x0000000000000b40       0x20 ./../../../../case/lib/commonui_api.a(commonui_api15.o)
 .pdr           0x0000000000000b60       0x20 ./../../../../case/lib/commonui_api.a(commonui_api151.o)
 .pdr           0x0000000000000b80       0x20 ./../../../../case/lib/commonui_api.a(commonui_api159.o)
 .pdr           0x0000000000000ba0       0x20 ./../../../../case/lib/commonui_api.a(commonui_api167.o)
 .pdr           0x0000000000000bc0       0x20 ./../../../../case/lib/commonui_api.a(commonui_api178.o)
 .pdr           0x0000000000000be0       0x20 ./../../../../case/lib/commonui_api.a(commonui_api186.o)
 .pdr           0x0000000000000c00       0x20 ./../../../../case/lib/commonui_api.a(commonui_api194.o)
 .pdr           0x0000000000000c20       0x20 ./../../../../case/lib/commonui_api.a(commonui_api202.o)
 .pdr           0x0000000000000c40       0x20 ./../../../../case/lib/commonui_api.a(commonui_api23.o)
 .pdr           0x0000000000000c60       0x20 ./../../../../case/lib/commonui_api.a(commonui_api31.o)
 .pdr           0x0000000000000c80       0x20 ./../../../../case/lib/commonui_api.a(commonui_api320.o)
 .pdr           0x0000000000000ca0       0x20 ./../../../../case/lib/commonui_api.a(commonui_api328.o)
 .pdr           0x0000000000000cc0       0x20 ./../../../../case/lib/commonui_api.a(commonui_api344.o)
 .pdr           0x0000000000000ce0       0x20 ./../../../../case/lib/commonui_api.a(commonui_api352.o)
 .pdr           0x0000000000000d00       0x20 ./../../../../case/lib/commonui_api.a(commonui_api39.o)
 .pdr           0x0000000000000d20       0x20 ./../../../../case/lib/commonui_api.a(commonui_api416.o)
 .pdr           0x0000000000000d40       0x20 ./../../../../case/lib/commonui_api.a(commonui_api424.o)
 .pdr           0x0000000000000d60       0x20 ./../../../../case/lib/commonui_api.a(commonui_api432.o)
 .pdr           0x0000000000000d80       0x20 ./../../../../case/lib/commonui_api.a(commonui_api490.o)
 .pdr           0x0000000000000da0       0x20 ./../../../../case/lib/commonui_api.a(commonui_api514.o)
 .pdr           0x0000000000000dc0       0x20 ./../../../../case/lib/commonui_api.a(commonui_api596.o)
 .pdr           0x0000000000000de0       0x20 ./../../../../case/lib/commonui_api.a(commonui_api604.o)
 .pdr           0x0000000000000e00       0x20 ./../../../../case/lib/commonui_api.a(commonui_api612.o)
 .pdr           0x0000000000000e20       0x20 ./../../../../case/lib/commonui_api.a(commonui_api620.o)
 .pdr           0x0000000000000e40       0x20 ./../../../../case/lib/commonui_api.a(commonui_api628.o)
 .pdr           0x0000000000000e60       0x20 ./../../../../case/lib/commonui_api.a(commonui_api63.o)
 .pdr           0x0000000000000e80       0x20 ./../../../../case/lib/commonui_api.a(commonui_api636.o)
 .pdr           0x0000000000000ea0       0x20 ./../../../../case/lib/commonui_api.a(commonui_api644.o)
 .pdr           0x0000000000000ec0       0x20 ./../../../../case/lib/commonui_api.a(commonui_api652.o)
 .pdr           0x0000000000000ee0       0x20 ./../../../../case/lib/commonui_api.a(commonui_api7.o)
 .pdr           0x0000000000000f00       0x20 ./../../../../case/lib/commonui_api.a(commonui_api708.o)
 .pdr           0x0000000000000f20       0x20 ./../../../../case/lib/commonui_api.a(commonui_api716.o)
 .pdr           0x0000000000000f40       0x20 ./../../../../case/lib/commonui_api.a(commonui_api724.o)
 .pdr           0x0000000000000f60       0x20 ./../../../../case/lib/commonui_api.a(commonui_api732.o)
 .pdr           0x0000000000000f80       0x20 ./../../../../case/lib/commonui_api.a(commonui_api740.o)
 .pdr           0x0000000000000fa0       0x20 ./../../../../case/lib/commonui_api.a(commonui_api748.o)
 .pdr           0x0000000000000fc0       0x20 ./../../../../case/lib/commonui_api.a(commonui_api876.o)
 .pdr           0x0000000000000fe0       0x20 ./../../../../case/lib/commonui_api.a(commonui_api884.o)
 .pdr           0x0000000000001000       0x20 ./../../../../case/lib/commonui_api.a(commonui_api892.o)
 .pdr           0x0000000000001020       0x20 ./../../../../case/lib/commonui_api.a(commonui_api900.o)
 .pdr           0x0000000000001040       0x20 ./../../../../case/lib/commonui_api.a(commonui_api908.o)
 .pdr           0x0000000000001060       0x20 ./../../../../case/lib/commonui_api.a(commonui_api95.o)
 .pdr           0x0000000000001080       0x20 ./../../../../case/lib/style_api.a(style_api16.o)
 .pdr           0x00000000000010a0       0x20 ./../../../../case/lib/style_api.a(style_api26.o)
 .pdr           0x00000000000010c0       0x20 ./../../../../case/lib/style_api.a(style_api35.o)
 .pdr           0x00000000000010e0       0x20 ./../../../../case/lib/style_api.a(style_api47.o)
 .pdr           0x0000000000001100       0x20 ./../../../../case/lib/style_api.a(style_api7.o)
 .pdr           0x0000000000001120       0x20 ./../../../../case/lib/fusion_api.a(fusion_api15.o)
 .pdr           0x0000000000001140       0x20 ./../../../../case/lib/fusion_api.a(fusion_api23.o)
 .pdr           0x0000000000001160       0x20 ./../../../../case/lib/fusion_api.a(fusion_api31.o)
 .pdr           0x0000000000001180       0x20 ./../../../../case/lib/fusion_api.a(fusion_api47.o)
 .pdr           0x00000000000011a0       0x20 ./../../../../case/lib/fusion_api.a(fusion_api7.o)
 .pdr           0x00000000000011c0       0x20 ./../../../../case/lib/applib_api.a(applib_api1013.o)
 .pdr           0x00000000000011e0       0x20 ./../../../../case/lib/applib_api.a(applib_api1037.o)
 .pdr           0x0000000000001200       0x20 ./../../../../case/lib/applib_api.a(applib_api1149.o)
 .pdr           0x0000000000001220       0x20 ./../../../../case/lib/applib_api.a(applib_api1157.o)
 .pdr           0x0000000000001240       0x20 ./../../../../case/lib/applib_api.a(applib_api1165.o)
 .pdr           0x0000000000001260       0x20 ./../../../../case/lib/applib_api.a(applib_api119.o)
 .pdr           0x0000000000001280       0x20 ./../../../../case/lib/applib_api.a(applib_api1197.o)
 .pdr           0x00000000000012a0       0x20 ./../../../../case/lib/applib_api.a(applib_api1205.o)
 .pdr           0x00000000000012c0       0x20 ./../../../../case/lib/applib_api.a(applib_api1261.o)
 .pdr           0x00000000000012e0       0x20 ./../../../../case/lib/applib_api.a(applib_api1285.o)
 .pdr           0x0000000000001300       0x20 ./../../../../case/lib/applib_api.a(applib_api159.o)
 .pdr           0x0000000000001320       0x20 ./../../../../case/lib/applib_api.a(applib_api282.o)
 .pdr           0x0000000000001340       0x20 ./../../../../case/lib/applib_api.a(applib_api439.o)
 .pdr           0x0000000000001360       0x20 ./../../../../case/lib/applib_api.a(applib_api447.o)
 .pdr           0x0000000000001380       0x20 ./../../../../case/lib/applib_api.a(applib_api455.o)
 .pdr           0x00000000000013a0       0x20 ./../../../../case/lib/applib_api.a(applib_api465.o)
 .pdr           0x00000000000013c0       0x20 ./../../../../case/lib/applib_api.a(applib_api473.o)
 .pdr           0x00000000000013e0       0x20 ./../../../../case/lib/applib_api.a(applib_api481.o)
 .pdr           0x0000000000001400       0x20 ./../../../../case/lib/applib_api.a(applib_api497.o)
 .pdr           0x0000000000001420       0x20 ./../../../../case/lib/applib_api.a(applib_api505.o)
 .pdr           0x0000000000001440       0x20 ./../../../../case/lib/applib_api.a(applib_api513.o)
 .pdr           0x0000000000001460       0x20 ./../../../../case/lib/applib_api.a(applib_api521.o)
 .pdr           0x0000000000001480       0x20 ./../../../../case/lib/applib_api.a(applib_api579.o)
 .pdr           0x00000000000014a0       0x20 ./../../../../case/lib/applib_api.a(applib_api587.o)
 .pdr           0x00000000000014c0       0x20 ./../../../../case/lib/applib_api.a(applib_api595.o)
 .pdr           0x00000000000014e0       0x20 ./../../../../case/lib/applib_api.a(applib_api603.o)
 .pdr           0x0000000000001500       0x20 ./../../../../case/lib/applib_api.a(applib_api611.o)
 .pdr           0x0000000000001520       0x20 ./../../../../case/lib/applib_api.a(applib_api619.o)
 .pdr           0x0000000000001540       0x20 ./../../../../case/lib/applib_api.a(applib_api627.o)
 .pdr           0x0000000000001560       0x20 ./../../../../case/lib/applib_api.a(applib_api635.o)
 .pdr           0x0000000000001580       0x20 ./../../../../case/lib/applib_api.a(applib_api643.o)
 .pdr           0x00000000000015a0       0x20 ./../../../../case/lib/applib_api.a(applib_api651.o)
 .pdr           0x00000000000015c0       0x20 ./../../../../case/lib/applib_api.a(applib_api659.o)
 .pdr           0x00000000000015e0       0x20 ./../../../../case/lib/applib_api.a(applib_api675.o)
 .pdr           0x0000000000001600       0x20 ./../../../../case/lib/applib_api.a(applib_api827.o)
 .pdr           0x0000000000001620       0x20 ./../../../../case/lib/applib_api.a(applib_api843.o)
 .pdr           0x0000000000001640       0x20 ./../../../../case/lib/applib_api.a(applib_api859.o)
 .pdr           0x0000000000001660       0x20 ./../../../../case/lib/applib_api.a(applib_api883.o)
 .pdr           0x0000000000001680       0x20 ./../../../../case/lib/applib_api.a(applib_api891.o)
 .pdr           0x00000000000016a0       0x20 ./../../../../case/lib/applib_api.a(applib_api925.o)
 .pdr           0x00000000000016c0       0x20 ./../../../../case/lib/applib_api.a(applib_api941.o)
 .pdr           0x00000000000016e0       0x20 ./../../../../case/lib/applib_api.a(applib_api949.o)
 .pdr           0x0000000000001700       0x20 ./../../../../case/lib/applib_api.a(applib_api957.o)
 .pdr           0x0000000000001720       0x20 ./../../../../case/lib/applib_api.a(applib_api997.o)
 .pdr           0x0000000000001740       0x20 ./../../../../psp_rel/lib/libcrt/crtbegin.o
 .pdr           0x0000000000001760       0x20 ./../../../../psp_rel/lib/libcrt/crtbegin1.o
 .pdr           0x0000000000001780       0x60 ./../../../../psp_rel/lib/libcrt/crtend1.o
 .pdr           0x00000000000017e0       0x20 ./../../../../psp_rel/lib/libcrt/crtend.o
 .pdr           0x0000000000001800       0x20 ./../../../../psp_rel/lib/libc_sys_api.a(libc_sys_api103.o)
 .pdr           0x0000000000001820       0x20 ./../../../../psp_rel/lib/libc_sys_api.a(libc_sys_api15.o)
 .pdr           0x0000000000001840       0x20 ./../../../../psp_rel/lib/libc_sys_api.a(libc_sys_api151.o)
 .pdr           0x0000000000001860       0x20 ./../../../../psp_rel/lib/libc_sys_api.a(libc_sys_api159.o)
 .pdr           0x0000000000001880       0x20 ./../../../../psp_rel/lib/libc_sys_api.a(libc_sys_api186.o)
 .pdr           0x00000000000018a0       0x20 ./../../../../psp_rel/lib/libc_sys_api.a(libc_sys_api210.o)
 .pdr           0x00000000000018c0       0x20 ./../../../../psp_rel/lib/libc_sys_api.a(libc_sys_api23.o)
 .pdr           0x00000000000018e0       0x20 ./../../../../psp_rel/lib/libc_sys_api.a(libc_sys_api261.o)
 .pdr           0x0000000000001900       0x20 ./../../../../psp_rel/lib/libc_sys_api.a(libc_sys_api269.o)
 .pdr           0x0000000000001920       0x20 ./../../../../psp_rel/lib/libc_sys_api.a(libc_sys_api285.o)
 .pdr           0x0000000000001940       0x20 ./../../../../psp_rel/lib/libc_sys_api.a(libc_sys_api293.o)
 .pdr           0x0000000000001960       0x20 ./../../../../psp_rel/lib/libc_sys_api.a(libc_sys_api320.o)
 .pdr           0x0000000000001980       0x20 ./../../../../psp_rel/lib/libc_sys_api.a(libc_sys_api328.o)
 .pdr           0x00000000000019a0       0x20 ./../../../../psp_rel/lib/libc_sys_api.a(libc_sys_api336.o)
 .pdr           0x00000000000019c0       0x20 ./../../../../psp_rel/lib/libc_sys_api.a(libc_sys_api344.o)
 .pdr           0x00000000000019e0       0x20 ./../../../../psp_rel/lib/libc_sys_api.a(libc_sys_api360.o)
 .pdr           0x0000000000001a00       0x20 ./../../../../psp_rel/lib/libc_sys_api.a(libc_sys_api368.o)
 .pdr           0x0000000000001a20       0x20 ./../../../../psp_rel/lib/libc_sys_api.a(libc_sys_api590.o)
 .pdr           0x0000000000001a40       0x20 ./../../../../psp_rel/lib/libc_sys_api.a(libc_sys_api7.o)
 .pdr           0x0000000000001a60       0x20 ./../../../../psp_rel/lib/libc_sys_api.a(libc_sys_api718.o)
 .pdr           0x0000000000001a80       0x20 ./../../../../psp_rel/lib/libc_sys_api.a(libc_sys_api726.o)
 .pdr           0x0000000000001aa0       0x20 ./../../../../psp_rel/lib/libc_sys_api.a(libc_sys_api734.o)
 .pdr           0x0000000000001ac0       0x20 ./../../../../psp_rel/lib/libc_sys_api.a(libc_sys_api750.o)
 .pdr           0x0000000000001ae0       0x20 ./../../../../psp_rel/lib/libc_sys_api.a(libc_sys_api862.o)
 .pdr           0x0000000000001b00       0x20 ./../../../../psp_rel/lib/libc_sys_api.a(libc_sys_api87.o)
 .pdr           0x0000000000001b20       0x20 ./../../../../psp_rel/lib/libc_sys_api.a(libc_sys_api870.o)
 .pdr           0x0000000000001b40       0x20 ./../../../../psp_rel/lib/libc_sys_api.a(libc_sys_api878.o)
 .pdr           0x0000000000001b60       0x20 ./../../../../psp_rel/lib/libc_sys_api.a(libc_sys_api886.o)
 .pdr           0x0000000000001b80       0x20 ./../../../../psp_rel/lib/libc/libc_sysindep.a(sprintf.o)
 .pdr           0x0000000000001ba0       0x60 ./../../../../psp_rel/lib/libc/libc_sysindep.a(vsprintf.o)
 .pdr           0x0000000000001c00       0x40 ./../../../../psp_rel/lib/libc/libc_sysindep.a(memcpy.o)
 .pdr           0x0000000000001c40       0x40 ./../../../../psp_rel/lib/libc/libc_sysindep.a(memset.o)
 .pdr           0x0000000000001c80       0x60 ./../../../../psp_rel/lib/libc/libc_sysindep.a(strcmp.o)
 .pdr           0x0000000000001ce0       0x40 ./../../../../psp_rel/lib/libc/libc_sysindep.a(strcpy.o)
 .pdr           0x0000000000001d20       0x20 ./../../../../psp_rel/lib/gui_api.a(gui_api270.o)
 .pdr           0x0000000000001d40       0x20 ./../../../../psp_rel/lib/gui_api.a(gui_api350.o)
 .pdr           0x0000000000001d60       0x20 ./../../../../psp_rel/lib/gui_api.a(gui_api358.o)
 .pdr           0x0000000000001d80       0x20 ./../../../../psp_rel/lib/gui_api.a(gui_api486.o)
 .pdr           0x0000000000001da0       0x20 ./../../../../psp_rel/lib/gui_api.a(gui_api518.o)
 .pdr           0x0000000000001dc0       0x20 ./../../../../psp_rel/lib/gui_api.a(gui_api582.o)
 .pdr           0x0000000000001de0       0x20 ./../../../../psp_rel/lib/gui_api.a(gui_api598.o)
 .pdr           0x0000000000001e00       0x20 ./../../../../psp_rel/lib/gui_api.a(gui_api606.o)
 .pdr           0x0000000000001e20       0x20 ./../../../../psp_rel/lib/gui_api.a(gui_api646.o)
 .pdr           0x0000000000001e40       0x20 ./../../../../psp_rel/lib/gui_api.a(gui_api694.o)
 .pdr           0x0000000000001e60       0x20 ./../../../../psp_rel/lib/gui_api.a(gui_api710.o)
 .pdr           0x0000000000001e80       0x20 ./../../../../psp_rel/lib/gui_api.a(gui_api734.o)
 .pdr           0x0000000000001ea0       0x20 ./../../../../psp_rel/lib/gui_api.a(gui_api942.o)
 .pdr           0x0000000000001ec0       0x20 ./../../../../psp_rel/lib/apconfig_api.a(apconfig_api15.o)
 .pdr           0x0000000000001ee0       0x20 ./../../../../psp_rel/lib/apconfig_api.a(apconfig_api6.o)
 .pdr           0x0000000000001f00       0x20 ./../../../../psp_rel/lib/syscall_api.a(syscall_api22.o)
 .pdr           0x0000000000001f20       0x20 ./../../../../psp_rel/lib/syscall_api.a(syscall_api30.o)
 .pdr           0x0000000000001f40       0x20 ./../../../../psp_rel/lib/syscall_api.a(syscall_api406.o)
 .pdr           0x0000000000001f60       0x20 ./../../../../psp_rel/lib/syscall_api.a(syscall_api470.o)
 .pdr           0x0000000000001f80       0x20 ./../../../../psp_rel/lib/syscall_api.a(syscall_api478.o)
 .pdr           0x0000000000001fa0       0x20 ./../../../../psp_rel/lib/syscall_api.a(syscall_api542.o)
 .pdr           0x0000000000001fc0       0x20 ./../../../../psp_rel/lib/syscall_api.a(syscall_api854.o)
 .pdr           0x0000000000001fe0       0x20 ./../../../../psp_rel/lib/syscall_api.a(syscall_api862.o)
 .pdr           0x0000000000002000       0x20 ./../../../../psp_rel/lib/syscall_api.a(syscall_api870.o)
 .pdr           0x0000000000002020       0x20 ./../../../../psp_rel/lib/syscall_api.a(syscall_api878.o)
 .pdr           0x0000000000002040       0x20 ./../../../../psp_rel/lib/kmodule_api.a(kmodule_api14.o)
 .pdr           0x0000000000002060       0x20 ./../../../../psp_rel/lib/kmodule_api.a(kmodule_api6.o)

.mdebug.abi32   0x0000000000000000        0x0

.debug_abbrev   0x0000000000000000     0x15ec
 .debug_abbrev  0x0000000000000000       0xbb em_engine.o
 .debug_abbrev  0x00000000000000bb      0x183 em_first_level_menu.o
 .debug_abbrev  0x000000000000023e      0x295 em_fourth_level_menu.o
 .debug_abbrev  0x00000000000004d3      0x29f em_second_level_menu.o
 .debug_abbrev  0x0000000000000772      0x24b em_third_level_menu.o
 .debug_abbrev  0x00000000000009bd      0x220 emulator_main.o
 .debug_abbrev  0x0000000000000bdd      0x2b9 emulator_play.o
 .debug_abbrev  0x0000000000000e96      0x394 emulator_scene.o
 .debug_abbrev  0x000000000000122a      0x16c emulator_sys_dep.o
 .debug_abbrev  0x0000000000001396       0x80 ./../../../../psp_rel/lib/libcrt/crtbegin1.o
 .debug_abbrev  0x0000000000001416      0x1d6 ./../../../../psp_rel/lib/libcrt/crtend1.o

.debug_info     0x0000000000000000     0xae43
 .debug_info    0x0000000000000000      0x154 em_engine.o
 .debug_info    0x0000000000000154     0x1441 em_first_level_menu.o
 .debug_info    0x0000000000001595     0x184c em_fourth_level_menu.o
 .debug_info    0x0000000000002de1     0x1729 em_second_level_menu.o
 .debug_info    0x000000000000450a     0x16b3 em_third_level_menu.o
 .debug_info    0x0000000000005bbd      0x473 emulator_main.o
 .debug_info    0x0000000000006030     0x1eff emulator_play.o
 .debug_info    0x0000000000007f2f     0x21e3 emulator_scene.o
 .debug_info    0x000000000000a112      0x47c emulator_sys_dep.o
 .debug_info    0x000000000000a58e       0xfe ./../../../../psp_rel/lib/libcrt/crtbegin1.o
 .debug_info    0x000000000000a68c      0x7b7 ./../../../../psp_rel/lib/libcrt/crtend1.o

.debug_line     0x0000000000000000     0x1c21
 .debug_line    0x0000000000000000       0x7c em_engine.o
 .debug_line    0x000000000000007c      0x242 em_first_level_menu.o
 .debug_line    0x00000000000002be      0x3e5 em_fourth_level_menu.o
 .debug_line    0x00000000000006a3      0x372 em_second_level_menu.o
 .debug_line    0x0000000000000a15      0x35b em_third_level_menu.o
 .debug_line    0x0000000000000d70      0x1ae emulator_main.o
 .debug_line    0x0000000000000f1e      0x46c emulator_play.o
 .debug_line    0x000000000000138a      0x5b0 emulator_scene.o
 .debug_line    0x000000000000193a      0x132 emulator_sys_dep.o
 .debug_line    0x0000000000001a6c       0x62 ./../../../../psp_rel/lib/libcrt/crtbegin1.o
 .debug_line    0x0000000000001ace      0x153 ./../../../../psp_rel/lib/libcrt/crtend1.o

.debug_frame    0x0000000000000000      0xa78
 .debug_frame   0x0000000000000000       0x38 em_engine.o
 .debug_frame   0x0000000000000038       0x6c em_first_level_menu.o
 .debug_frame   0x00000000000000a4       0xe0 em_fourth_level_menu.o
 .debug_frame   0x0000000000000184      0x14c em_second_level_menu.o
 .debug_frame   0x00000000000002d0      0x104 em_third_level_menu.o
 .debug_frame   0x00000000000003d4       0x5c emulator_main.o
 .debug_frame   0x0000000000000430      0x298 emulator_play.o
 .debug_frame   0x00000000000006c8      0x238 emulator_scene.o
 .debug_frame   0x0000000000000900       0xf8 emulator_sys_dep.o
 .debug_frame   0x00000000000009f8       0x20 ./../../../../psp_rel/lib/libcrt/crtbegin1.o
 .debug_frame   0x0000000000000a18       0x60 ./../../../../psp_rel/lib/libcrt/crtend1.o

.debug_pubnames
                0x0000000000000000      0x895
 .debug_pubnames
                0x0000000000000000       0x67 em_engine.o
 .debug_pubnames
                0x0000000000000067       0xb0 em_first_level_menu.o
 .debug_pubnames
                0x0000000000000117       0xb4 em_fourth_level_menu.o
 .debug_pubnames
                0x00000000000001cb       0xbd em_second_level_menu.o
 .debug_pubnames
                0x0000000000000288       0x8b em_third_level_menu.o
 .debug_pubnames
                0x0000000000000313       0x9e emulator_main.o
 .debug_pubnames
                0x00000000000003b1      0x1da emulator_play.o
 .debug_pubnames
                0x000000000000058b      0x150 emulator_scene.o
 .debug_pubnames
                0x00000000000006db       0xf6 emulator_sys_dep.o
 .debug_pubnames
                0x00000000000007d1       0x55 ./../../../../psp_rel/lib/libcrt/crtbegin1.o
 .debug_pubnames
                0x0000000000000826       0x6f ./../../../../psp_rel/lib/libcrt/crtend1.o

.debug_aranges  0x0000000000000000      0x160
 .debug_aranges
                0x0000000000000000       0x20 em_engine.o
 .debug_aranges
                0x0000000000000020       0x20 em_first_level_menu.o
 .debug_aranges
                0x0000000000000040       0x20 em_fourth_level_menu.o
 .debug_aranges
                0x0000000000000060       0x20 em_second_level_menu.o
 .debug_aranges
                0x0000000000000080       0x20 em_third_level_menu.o
 .debug_aranges
                0x00000000000000a0       0x20 emulator_main.o
 .debug_aranges
                0x00000000000000c0       0x20 emulator_play.o
 .debug_aranges
                0x00000000000000e0       0x20 emulator_scene.o
 .debug_aranges
                0x0000000000000100       0x20 emulator_sys_dep.o
 .debug_aranges
                0x0000000000000120       0x20 ./../../../../psp_rel/lib/libcrt/crtbegin1.o
 .debug_aranges
                0x0000000000000140       0x20 ./../../../../psp_rel/lib/libcrt/crtend1.o

.debug_str      0x0000000000000000     0x3417
 .debug_str     0x0000000000000000      0x1db em_engine.o
                                        0x208 (size before relaxing)
 .debug_str     0x00000000000001db     0x1055 em_first_level_menu.o
                                       0x1299 (size before relaxing)
 .debug_str     0x0000000000001230      0x3f1 em_fourth_level_menu.o
                                       0x15b4 (size before relaxing)
 .debug_str     0x0000000000001621      0x177 em_second_level_menu.o
                                       0x1411 (size before relaxing)
 .debug_str     0x0000000000001798      0x225 em_third_level_menu.o
                                       0x146b (size before relaxing)
 .debug_str     0x00000000000019bd      0x116 emulator_main.o
                                        0x334 (size before relaxing)
 .debug_str     0x0000000000001ad3      0xff2 emulator_play.o
                                       0x2133 (size before relaxing)
 .debug_str     0x0000000000002ac5      0x42e emulator_scene.o
                                       0x262b (size before relaxing)
 .debug_str     0x0000000000002ef3      0x157 emulator_sys_dep.o
                                        0x368 (size before relaxing)
 .debug_str     0x000000000000304a       0x66 ./../../../../psp_rel/lib/libcrt/crtbegin1.o
                                        0x1d9 (size before relaxing)
 .debug_str     0x00000000000030b0      0x367 ./../../../../psp_rel/lib/libcrt/crtend1.o
                                        0x556 (size before relaxing)

.comment        0x0000000000000000      0x331
 .comment       0x0000000000000000       0x2b em_engine.o
 .comment       0x000000000000002b       0x2b em_first_level_menu.o
 .comment       0x0000000000000056       0x2b em_fourth_level_menu.o
 .comment       0x0000000000000081       0x2b em_second_level_menu.o
 .comment       0x00000000000000ac       0x2b em_third_level_menu.o
 .comment       0x00000000000000d7       0x2b emulator_main.o
 .comment       0x0000000000000102       0x2b emulator_play.o
 .comment       0x000000000000012d       0x2b emulator_scene.o
 .comment       0x0000000000000158       0x2b emulator_sys_dep.o
 .comment       0x0000000000000183       0x2b ./../../../../psp_rel/lib/libcrt/crtbegin.o
 .comment       0x00000000000001ae       0x2b ./../../../../psp_rel/lib/libcrt/crtbegin1.o
 .comment       0x00000000000001d9       0x2b ./../../../../psp_rel/lib/libcrt/crtend1.o
 .comment       0x0000000000000204       0x2b ./../../../../psp_rel/lib/libcrt/crtend.o
 .comment       0x000000000000022f       0x2b ./../../../../psp_rel/lib/libc/libc_sysindep.a(sprintf.o)
 .comment       0x000000000000025a       0x2b ./../../../../psp_rel/lib/libc/libc_sysindep.a(vsprintf.o)
 .comment       0x0000000000000285       0x2b ./../../../../psp_rel/lib/libc/libc_sysindep.a(memcpy.o)
 .comment       0x00000000000002b0       0x2b ./../../../../psp_rel/lib/libc/libc_sysindep.a(memset.o)
 .comment       0x00000000000002db       0x2b ./../../../../psp_rel/lib/libc/libc_sysindep.a(strcmp.o)
 .comment       0x0000000000000306       0x2b ./../../../../psp_rel/lib/libc/libc_sysindep.a(strcpy.o)

.debug_ranges   0x0000000000000000      0x218
 .debug_ranges  0x0000000000000000       0x40 em_fourth_level_menu.o
 .debug_ranges  0x0000000000000040       0x48 em_second_level_menu.o
 .debug_ranges  0x0000000000000088       0x58 em_third_level_menu.o
 .debug_ranges  0x00000000000000e0       0x20 emulator_main.o
 .debug_ranges  0x0000000000000100       0x20 emulator_play.o
 .debug_ranges  0x0000000000000120       0xa0 emulator_scene.o
 .debug_ranges  0x00000000000001c0       0x28 emulator_sys_dep.o
 .debug_ranges  0x00000000000001e8       0x30 ./../../../../psp_rel/lib/libcrt/crtend1.o
